1086391710,1086391710,1,http://www.google.co.kr/search?sourceid=navclient&hl=ko&ie=UTF-8&oe=UTF-8&q=mutt+maildir+utf%2D7,1
1087259316,1087259316,1,http://www.google.co.jp/search?q=mutt+sjis&hl=ja&ie=UTF-8&lr=lang_ja&sa=X&oi=lrtip7,1
1088284795,1088284795,1,http://www.google.co.jp/search?q=mutt+8bit+%E3%81%AF&ie=UTF-8&hl=ja&btnG=Google+%E6%A4%9C%E7%B4%A2&lr=,1
