1083272451,1083272451,1,http://www.google.co.jp/search?q=mutt+imap+%E3%81%AF&ie=UTF-8&oe=UTF-8&hl=ja&btnG=Google+%E6%A4%9C%E7%B4%A2&lr=,1
1083281302,1083281302,1,http://www.google.com/search?num=50&hl=ja&ie=UTF-8&oe=UTF-8&q=Broken+pipe+imapd&lr=lang_ja,1
1083475579,1083475579,1,http://www.google.co.jp/search?hl=ja&ie=Shift_JIS&oe=Shift_JIS&q=mutt+imap&btnG=Google+%8C%9F%8D%F5&lr=lang_ja,1
1083482296,1083482296,1,http://www.google.co.jp/search?hl=ja&ie=UTF-8&oe=UTF-8&c2coff=1&q=mutt+IMAP+%E8%A8%AD%E5%AE%9A&btnG=Google+%E6%A4%9C%E7%B4%A2&lr=lang_ja,1
1083638075,1083638075,1,http://www.google.com/search?q=imap+mutt&sourceid=mozilla-search&start=0&start=0&ie=utf-8&oe=utf-8,1
1084166182,1083776590,3,http://www.google.co.jp/search?hl=ja&ie=UTF-8&oe=UTF-8&c2coff=1&q=mutt+imap&btnG=Google+%E6%A4%9C%E7%B4%A2&lr=lang_ja,1
1083789134,1083789134,1,http://www.google.com/search?num=100&hl=ja&ie=UTF-8&oe=UTF-8&q=imap+mutt&btnG=Google+%E6%A4%9C%E7%B4%A2&lr=lang_ja,1
1083915279,1083915279,1,http://www.google.com/search?hl=ja&ie=UTF-8&oe=UTF-8&q=mutt+mailboxes&btnG=Google+%E6%A4%9C%E7%B4%A2&lr=lang_ja,1
1083955622,1083955622,1,http://search.yahoo.co.jp/bin/query?p=mutt+IMAP&hc=0&hs=0,1
1083972069,1083972069,1,http://www.google.co.jp/search?q=imap+mutt&ie=Shift_JIS&oe=Shift_JIS&hl=ja&btnG=Google+%8C%9F%8D%F5&lr=lang_ja,1
1084123652,1084123652,1,http://www.google.co.jp/search?hl=ja&inlang=ja&ie=Shift_JIS&oe=Shift_JIS&c2coff=1&q=mutt+IMAP&btnG=Google+%8C%9F%8D%F5&lr=lang_ja,1
1084136345,1084135811,3,http://www.google.co.jp/search?q=mutt+imap+%90%DD%92%E8&ie=Shift_JIS&oe=Shift_JIS&hl=ja&btnG=Google+%8C%9F%8D%F5&lr=,1
1084141043,1084141043,1,http://www.google.co.jp/search?q=IMAP%E3%81%AE%E7%A8%AE%E9%A1%9E%E3%80%80uw&ie=UTF-8&oe=UTF-8&hl=ja&btnG=Google+%E6%A4%9C%E7%B4%A2&lr=,1
1084157943,1084157943,1,http://www.google.nl/search?q=mutt+tunnel+ssh&ie=UTF-8&oe=UTF-8&hl=nl&btnG=Google+zoeken&lr=,1
1084292010,1084292010,1,http://www.google.co.jp/search?q=mutt+imap&ie=Shift_JIS&oe=Shift_JIS&hl=ja&btnG=Google+%8C%9F%8D%F5&lr=lang_ja,1
1084424041,1084424041,1,http://www.google.de/search?q=%2Bssh%2Bmutt&hl=de&lr=&ie=UTF-8&start=10&sa=N,1
1092086294,1084490585,3,http://www.google.co.jp/search?q=mutt+imap&ie=UTF-8&hl=ja&lr=lang_ja,1
1084516415,1084490640,2,http://www.google.co.jp/search?q=mutt+imap+%E8%A8%AD%E5%AE%9A&ie=UTF-8&hl=ja&lr=lang_ja,1
1084504748,1084504748,1,http://www.google.co.jp/search?q=mutt+IMAP+%E8%A8%AD%E5%AE%9A&ie=UTF-8&hl=ja&lr=,1
1084590073,1084590073,1,http://www.google.co.jp/search?sourceid=navclient&hl=ja&ie=UTF-8&oe=UTF-8&q=%E3%83%95%E3%82%A9%E3%83%AB%E3%83%80%E3%82%92%E5%8C%BA%E5%88%87%E3%82%8B,1
1084728743,1084728743,1,http://www.google.com/search?num=50&hl=ja&ie=UTF-8&q=preconnect&lr=lang_ja,1
1093729420,1084815760,6,http://www.google.co.jp/search?hl=ja&ie=UTF-8&q=mutt+imap&btnG=Google+%E6%A4%9C%E7%B4%A2&lr=lang_ja,1
1084901416,1084901416,1,http://www.google.com/search?num=50&lr=lang_ja&q=mutt+imap+%E8%A8%AD%E5%AE%9A%00,1
1084928418,1084928418,1,http://www.google.com/search?num=100&hl=ja&ie=sjis&oe=sjis&lr=lang_ja&q=mutt　imap,1
1084995206,1084995206,1,http://search.yahoo.co.jp/bin/query?p=ssh+%a5%c8%a5%f3%a5%cd%a5%ea%a5%f3%a5%b0&hc=0&hs=0,1
1085217779,1085217779,1,http://www.google.co.jp/search?q=ssh+%E3%83%88%E3%83%B3%E3%83%8D%E3%83%AA%E3%83%B3%E3%82%B0&hl=ja&lr=&ie=UTF-8&start=10&sa=N,1
1086143158,1085271669,2,http://www.google.co.jp/search?q=mutt+IMAP&ie=UTF-8&hl=ja&btnG=Google+%E6%A4%9C%E7%B4%A2&lr=lang_ja,1
1085849541,1085511964,2,http://www.google.co.jp/search?q=cache:M1J6elu5a5gJ:mutt-j.sourceforge.jp/pukiwiki/%3FMuttFaq%252FIMAP+mutt+imap&hl=ja&lr=lang_ja,1
1086981928,1085535654,2,http://www.google.com/search?q=imap+mutt&ie=UTF-8&oe=UTF-8,1
1085546571,1085546571,1,http://www.google.com/search?num=25&hl=ja&ie=S_JIS&oe=S_JIS&q=imap%20フォルダー,1
1085554986,1085554986,1,http://www.google.co.jp/search?hl=ja&ie=UTF-8&q=preconnect+ssh+mutt&btnG=Google+%E6%A4%9C%E7%B4%A2&lr=lang_ja,1
1085631723,1085631723,1,http://www.google.com/search?q=%E3%83%9D%E3%83%BC%E3%83%88%E3%83%95%E3%82%A9%E3%83%AF%E3%83%BC%E3%83%87%E3%82%A3%E3%83%B3%E3%82%B0+sun&hl=ja&lr=&ie=UTF-8&inlang=ja&start=30&sa=N,1
1086753557,1085633256,2,http://www.google.co.jp/search?q=mutt+imap&ie=UTF-8&hl=ja&btnG=Google+%E6%A4%9C%E7%B4%A2&lr=lang_ja,1
1085689720,1085689720,1,http://search.yahoo.co.jp/bin/query?p=uw+imap%a1%a1inbox&hc=0&hs=0,1
1085739973,1085739973,1,http://www.google.com/search?num=50&lr=lang_ja&ie=sjis&oe=sjis&q=SSHトンネリング,1
1085878519,1085878519,1,http://www.google.co.jp/search?q=ssh%E3%80%80%E3%83%88%E3%83%B3%E3%83%8D%E3%83%AA%E3%83%B3%E3%82%B0%E3%80%80%E7%A8%AE%E9%A1%9E&hl=ja&ie=UTF-8,1
1085888928,1085888928,1,http://www.google.co.jp/search?hl=ja&ie=UTF-8&q=mutt+imap&lr=lang_ja,1
1085911287,1085911287,1,http://www.google.pl/search?sourceid=navclient&hl=pl&ie=UTF-8&oe=UTF-8&q=mutt+imap+ssh-agent,1
1086053299,1086053299,1,http://www.google.co.jp/search?num=50&hl=ja&ie=UTF-8&c2coff=1&q=mutt+imap&btnG=Google+%E6%A4%9C%E7%B4%A2&lr=lang_ja,1
1086076143,1086076143,1,http://www.google.com/search?num=100&hl=ja&newwindow=1&lr=lang_ja&ie=SJIS&q=courier+imap+%8d%82%91%ac%89%bb,1
1086085632,1086085632,1,http://www.google.co.jp/search?hl=ja&ie=UTF-8&c2coff=1&q=ssh+imap&btnG=Google+%E6%A4%9C%E7%B4%A2&lr=lang_ja,1
1086198456,1086198456,1,http://www.google.com/search?q=mutt+imap+%E8%A8%AD%E5%AE%9A&ie=UTF-8&hl=ja&btnG=Google+%E6%A4%9C%E7%B4%A2&lr=lang_en%7Clang_ja,1
1086294467,1086294467,1,http://www.google.co.jp/search?hl=ja&ie=UTF-8&q=mutt+IMAP&btnG=Google+%E6%A4%9C%E7%B4%A2&lr=lang_ja,1
1086344539,1086344539,1,http://www.google.com/search?num=50&lr=lang_ja&ie=sjis&q=設定%20mutt%20imap,1
1086448419,1086448419,1,http://www.google.com/search?q=imap+mutt+&btnG=Search&hl=en&lr=&ie=UTF-8,1
1086497419,1086497419,1,http://www.google.com/search?hl=ja&inlang=ja&ie=Shift_JIS&oe=Shift_JIS&q=mutt+imap&btnG=Google+%8C%9F%8D%F5&lr=lang_ja,1
1086755622,1086755622,1,http://www.google.com/search?q=cyrus+inbox+%E3%83%95%E3%82%A9%E3%83%AB%E3%83%80&hl=ja&lr=&ie=UTF-8&start=10&sa=N,1
1086818406,1086818406,1,http://www.google.co.jp/search?hl=ja&ie=UTF-8&q=Mutt+IMAP&btnG=Google+%E6%A4%9C%E7%B4%A2&lr=lang_ja,1
1088253639,1087025160,3,http://www.google.co.jp/search?q=mutt+imap&ie=Shift_JIS&hl=ja&btnG=Google+%8C%9F%8D%F5&lr=lang_ja,1
1087310498,1087310498,1,http://www.google.co.jp/search?q=mutt+imap&lr=lang_ja&num=100&hl=ja&ie=Shift_JIS&oe=Shift_JIS,1
1087321459,1087321459,1,http://www.google.co.jp/search?hl=ja&ie=UTF-8&q=imap+mutt&lr=,1
1087493326,1087493326,1,http://www.google.com/search?hl=ja&ie=UTF-8&q=imap+mutt&lr=,1
1087494978,1087494978,1,http://www.google.co.jp/search?q=IMAP+%E3%83%95%E3%82%A9%E3%83%AB%E3%83%80&hl=ja&lr=&ie=UTF-8&start=20&sa=N,1
1087596599,1087596599,1,http://www.google.com/search?q=inbox+imap&hl=ja&lr=lang_ja&ie=UTF-8&start=20&sa=N,1
1094504220,1087883015,7,http://www.google.co.jp/search?hl=ja&inlang=ja&ie=Shift_JIS&q=mutt+imap&btnG=Google+%8C%9F%8D%F5&lr=lang_ja,1
1087896206,1087896206,1,http://search.msn.co.jp/spresults.aspx?ps=ba%3d(0.30)0.....%26co%3d(0.10)200.2.5.10.3.%26CY%3dja%26rd%3d0%26pn%3d3%26&q=courier+%26+imap+%26+inbox.&ck_sc=1&ck_af=0,1
1088026503,1088026503,1,http://www.google.co.jp/search?hl=ja&ie=UTF-8&q=Broken+pipe+ssh&lr=lang_ja,1
1088056128,1088056128,1,http://www.google.co.jp/search?btnG=Google+%8c%9f%8d%f5&lr=lang_ja&hl=ja&ie=Shift_JIS&q=mutt+imap,1
1088108483,1088108483,1,http://www.google.co.jp/search?hl=ja&ie=UTF-8&c2coff=1&q=mutt+imap+%E8%A8%AD%E5%AE%9A&btnG=Google+%E6%A4%9C%E7%B4%A2&lr=,1
1088142210,1088142210,1,http://www.google.co.jp/search?q=mutt+imap+%E8%A8%AD%E5%AE%9A&ie=UTF-8&hl=ja&btnG=Google+%E6%A4%9C%E7%B4%A2&lr=,1
1088166305,1088166305,1,http://maid.sytes.net/~mugetu/diary/?date=20040626,1
1088224388,1088222555,2,http://www.google.co.jp/search?hl=ja&ie=UTF-8&q=mutt+ssh&btnG=Google+%E6%A4%9C%E7%B4%A2&lr=lang_ja,1
1088236500,1088236500,1,http://www.google.co.jp/search?hl=ja&ie=UTF-8&q=mutt+mailboxes&btnG=Google+%E6%A4%9C%E7%B4%A2&lr=lang_ja,1
1088361137,1088361084,2,http://66.102.7.104/search?q=cache:w3IZFN4qgqIJ:mutt-j.sourceforge.jp/pukiwiki/%3FMuttFaq%252FEncryption+PHP+openSSL+%E4%BD%BF%E3%81%86%E3%81%AB%E3%81%AF&hl=ja&lr=lang_ja,1
1088366988,1088366988,1,http://www.google.com/search?num=50&lr=lang_ja&q=UW+IMAP+Mailbox+%E8%A8%AD%E5%AE%9A,1
1088501180,1088501180,1,http://www.google.com/search?hl=en&lr=&ie=UTF-8&q=imap+mutt&btnG=Search,1
1088613363,1088613363,1,http://www.google.com/search?lr=lang_ja&hl=ja&ie=UTF-8&oe=utf8&q=mutt+imap,1
1088648292,1088647770,2,http://search.yahoo.co.jp/bin/query?p=mutt+imap&hc=0&hs=0,1
1088842439,1088842439,1,http://www.google.co.jp/search?q=cache:UpQtOdDYU7EJ:maid.sytes.net/~mugetu/diary/%3F06271533+Mutt+IMAP&hl=ja&lr=lang_ja&ie=UTF-8&inlang=ja,1
1088851858,1088851858,1,http://www.google.co.jp/search?q=cache:M1J6elu5a5gJ:mutt-j.sourceforge.jp/pukiwiki/%3FMuttFaq%252FIMAP+Mutt+IMAP&hl=ja&lr=lang_ja&ie=UTF-8&inlang=ja,1
1088976191,1088976191,1,http://www.google.com/search?num=50&lr=lang_ja&q=mutt+imap,1
1088988439,1088988439,1,http://www.google.co.jp/search?sourceid=navclient&hl=ja&ie=UTF-8&oe=UTF-8&q=mutt+imap+spoolfile,1
1089056048,1089056048,1,http://www.google.co.jp/search?q=uw-imap+%8D%82%91%AC%89%BB&ie=Shift_JIS&hl=ja&btnG=Google+%8C%9F%8D%F5&lr=lang_ja,1
1089056370,1089056345,3,http://www.google.co.jp/search?sourceid=navclient&hl=ja&ie=UTF-8&oe=UTF-8&q=uw%2Dimap+%E9%AB%98%E9%80%9F%E5%8C%96&meta=cr%3DcountryJP,1
1089070319,1089070319,1,http://www.google.co.jp/search?sourceid=navclient&hl=ja&ie=UTF-8&oe=UTF-8&q=mutt%E3%81%AEIMAP%E8%A8%AD%E5%AE%9A,1
1089079607,1089079607,1,http://search.nifty.com/cgi-bin/search.cgi?select=1002&cflg=%8C%9F%8D%F5&Text=mutt+imap,1
1091493338,1089245441,2,http://www.google.co.jp/search?q=mutt+IMAP&hl=ja&lr=lang_ja&ie=UTF-8&oe=UTF-8&sourceid=mozilla-search,1
1089849571,1089849571,1,http://www.google.co.jp/search?q=spoolfile+mutt&ie=UTF-8&hl=ja&btnG=Google+%E6%A4%9C%E7%B4%A2&lr=lang_ja,1
1089918037,1089918037,1,http://www.google.com/search?num=10&lr=lang_ja&ie=Shift_JIS&oe=Shift_JIS&q=mutt%20IMAP%20接続,1
1090086405,1090086405,1,http://www.google.com/search?q=imap+mutt&hl=ja&ie=UTF-8&inlang=ja&c2coff=1&lr=lang_ja&sa=X&oi=lrtip7,1
1090103644,1090103567,2,http://www.google.com/search?hl=ja&ie=UTF-8&q=mutt+imap&btnG=Google+%E6%A4%9C%E7%B4%A2&lr=lang_ja,1
1090437306,1090437306,1,http://www.google.com/search?num=50&hl=ja&ie=UTF-8&c2coff=1&q=mutt+imap&lr=lang_ja,1
1093156044,1090521582,2,http://www.google.co.jp/search?hl=ja&ie=UTF-8&oe=UTF-8&lr=lang_ja&q=mutt+imap&sourceid=mozilla-search,1
1090541028,1090541028,1,http://www.google.co.jp/search?q=notes+%E3%83%A1%E3%83%BC%E3%83%AB%E3%80%80%E8%A4%87%E8%A3%BD%E3%80%80imap&hl=ja&lr=&ie=UTF-8&start=20&sa=N,1
1090660646,1090660646,1,http://www.google.com/search?num=100&lr=lang_ja&q=IMAP%20mutt,1
1090791433,1090791433,1,http://www.google.co.jp/search?hl=ja&ie=UTF-8&q=mutt+cyrus+INBOX&lr=lang_ja,1
1090821369,1090821369,1,http://www.google.com/search?q=mutt+imap&hl=ja&ie=UTF-8&lr=lang_ja&sa=X&oi=lrtip9,1
1090882249,1090882249,1,http://www.google.com/search?q=mutt+imap+%E3%82%AD%E3%83%A3%E3%83%83%E3%82%B7%E3%83%A5&sourceid=firefox&start=0&start=0&ie=utf-8&oe=utf-8,1
1091043342,1091043342,1,http://www.google.com/search?num=100&hl=ja&ie=UTF-8&q=mutt+imap&btnG=Google+%E6%A4%9C%E7%B4%A2&lr=lang_ja,1
1091406900,1091406900,1,http://www.google.com/search?hl=ja&ie=UTF-8&q=mutt+imap+folder&btnG=Google+%E6%A4%9C%E7%B4%A2&lr=lang_ja,1
1091826056,1091826056,1,http://www.google.com/search?hl=ja&lr=lang_ja&ie=UTF-8&oe=UTF-8&q=mutt+imap&num=50,1
1092112468,1092112468,1,http://www.google.co.jp/search?hl=ja&inlang=ja&ie=Shift_JIS&q=ssh+mutt&btnG=Google+%8C%9F%8D%F5&lr=lang_ja,1
1092175576,1092175576,1,http://www.google.com/search?hl=ja&lr=lang_ja&ie=UTF-8&oe=UTF-8&q=mutt+imap+%E3%82%AD%E3%83｣%E3%83%83%E3%82%B7%E3%83･&num=50,1
1092748984,1092748984,1,http://www.google.co.jp/search?hl=ja&ie=Shift_JIS&q=mutt+imap&btnG=Google+%8C%9F%8D%F5&lr=lang_ja,1
1093044443,1093044443,1,http://www.google.co.jp/search?num=50&hl=ja&ie=UTF-8&as_qdr=all&q=imap+mutt+&lr=lang_ja,1
1093643868,1093643868,1,http://www.google.co.jp/search?q=mutt+imap&hl=ja&ie=UTF-8&lr=lang_ja&sa=X&oi=lrtip9,1
1094188482,1094188482,1,http://www.google.com/search?q=mutt+IMAP&hl=ja&lr=lang_ja,1
