1143848125,1143848125,1,http://www.google.co.jp/search?num=50&lr=lang_ja&ie=sjis&oe=sjis&q=mutt%20config,1
1172193641,1172193641,1,http://www.google.com/search?hl=ja&q=mutt+config&btnG=Google+%E6%A4%9C%E7%B4%A2&lr=lang_ja,1
1193698039,1193698039,1,http://www.google.de/search?q=%2Btracker+%2Bmutt&ie=utf-8&oe=utf-8&aq=t&rls=org.mozilla:en-US:official&client=firefox-a,1
