1385077001,1385077001,1,"http://www.google.com/url?sa=t&rct=j&q=&esrc=s&frm=1&source=webhp&cd=1&cad=rja&ved=0CCsQFjAA&url=http%3A%2F%2Fmutt-j.sourceforge.jp%2Fpukiwiki%2Findex.php%3F%253Aconfig%252Fplugin%252Ftracker%252Fdefault&ei=jxePUoOUJ43jlAWX6IGwDA&usg=AFQjCNFXrbOUc2IkjDB--oYwpqscANeRNA&bvm=bv.56988011,d.dGI",1
