1179786826,1179786826,1,http://search.yahoo.co.jp/search?p=2007%E3%80%80%E3%83%91%E3%83%AF%E3%83%BC%E3%83%9D%E3%82%A4%E3%83%B3%E3%83%88%E3%80%80%E3%82%A4%E3%83%B3%E3%82%B9%E3%83%88%E3%83%BC%E3%83%AB%E6%89%8B%E9%A0%86&ei=UTF-8&fr=top_v2&x=wrt,1
1242571612,1242571612,1,http://www.google.com/search?hl=en&client=firefox-a&rls=org.gentoo%3Aen-US%3Aofficial&hs=bMq&q=mutt+mime+type+swf&btnG=Search,1
1245269458,1245269458,1,http://www.google.co.jp/search?hl=ja&client=firefox-a&rls=org.mozilla%3Aja%3Aofficial&hs=0vU&q=Mutt+zip+Application%2Fx-zip&btnG=%E6%A4%9C%E7%B4%A2&lr=lang_ja,1
1342741065,1342741065,1,http://www.google.co.jp/url?sa=t&rct=j&q=&esrc=s&source=web&cd=3&ved=0CGUQFjAC&url=http%3A%2F%2Fmutt-j.sourceforge.jp%2Fpukiwiki%2Fpukiwiki.php%3Fcmd%3Dread%26page%3D%253Aconfig%252Fplugin%252Fattach%252Fmime-type&ei=zRgJUIbvHs_rmAXHq-z6CQ&usg=AFQjCNF_1lyBjNBtk-1-Ji7mejL7Tb5xjw,1
1355934975,1355934975,1,http://www.google.com/search,1
1375377161,1375377161,1,http://www.google.co.jp/url?sa=t&rct=j&q=&esrc=s&source=web&cd=3&cad=rja&ved=0CDkQFjAC&url=http%3A%2F%2Fmutt-j.sourceforge.jp%2Fpukiwiki%2Findex.php%3F%253Aconfig%252Fplugin%252Fattach%252Fmime-type&ei=lBX7UZ6oA4ikkwWC6IF4&usg=AFQjCNG-MA4BOxmgFaBcRi3WgwfMgxC-1g&bvm=bv.50165853,d.dGI,1
1433186523,1381278422,2,https://www.google.co.jp/,1
