1126467982,1126467982,1,http://www.google.co.jp/search?hl=ja&q=j@wiki&lr=,1
1148404496,1148404496,1,http://www.google.com/imode?q=Wiki%E3%81%A8%E3%81%AF%EF%BC%9F&site=mobile&hl=ja&lr=&ie=UTF-8&inlang=ja&mrestrict=chtml&start=20&sa=N,1
1162154766,1162154766,1,http://ezsch.ezweb.ne.jp/search/ezGoogleMain.php?query=copyright%82%c6%82%cd,1
1165952400,1165952400,1,http://ezsch.ezweb.ne.jp/search/?sr=0101&query=copyright%82%C6%82%CD,1
1171189906,1171189906,1,http://listserve.fg.k12.ri.us/?technology_announce@listserve.fg.k12.ri.us,1
1171342295,1171341469,11,http://search.yahoo.co.jp/search?p=copyright%E8%A7%A3%E9%99%A4&ei=UTF-8&meta=vc%3D&fl=0&pstart=1&fr=top_v2&b=11,1
1174254005,1174253929,3,http://search.yahoo.co.jp/search?p=copyright%E8%A7%A3%E9%99%A4&ei=UTF-8&meta=vc%3D&fl=0&pstart=1&fr=top_v2&b=1,1
1174254153,1174254153,1,http://search.yahoo.co.jp/search?p=copyright+%E8%A7%A3%E9%99%A4&ei=UTF-8&fr=top_v2&fl=0&x=wrt&meta=vc%3D,1
1179453668,1179453668,1,http://ezsch.ezweb.ne.jp/search/ezGoogleMain.php?query=Wiki%82%C6%82%CD&start-index=4&adpage=2&mode=02,1
1185385583,1185385583,1,http://www.google.com/search?q=copyright+wiki&hl=ja&lr=&client=safari&rls=ja-jp&start=10&sa=N,1
1185430519,1185430519,1,http://www.google.co.jp/search?num=100&hl=ja&client=firefox-a&rls=org.mozilla%3Aja%3Aofficial&hs=t9j&q=Copyright%E3%80%80Wiki&btnG=%E6%A4%9C%E7%B4%A2&lr=lang_ja,1
1189128161,1189128161,1,http://search.yahoo.co.jp/search?p=copyright+wiki&ei=UTF-8&fr=moz2-sp&x=wrt,1
1190608452,1190608452,1,http://ezsch.ezweb.ne.jp/search/ezGoogleMain.php?query=COPYRIGHT%82%c6%82%cd&ct=&pd=1&sr=0000,1
1198733880,1193261215,10,http://ezsch.ezweb.ne.jp/search/?sr=0101&query=copyright,1
1193370347,1193370347,1,http://ezsch.ezweb.ne.jp/search/ezGoogleMain.php?query=copyright%20&ct=&pd=1&sr=0000,1
1201502013,1193580819,4,http://ezsch.ezweb.ne.jp/search/?sr=0101&query=Copyright,1
1198330754,1194659025,2,http://ezsch.ezweb.ne.jp/search/ezGoogleMain.php?query=Copyright&ct=&pd=1&sr=0000,1
1200475224,1198220531,2,http://ezsch.ezweb.ne.jp/search/ezGoogleMain.php?query=Copyright&start-index=4&adpage=2&mode=02,1
1198238720,1198238720,1,http://www.google.co.jp/imode/search?ie=Shift_JIS&mrestrict=chtml&q=COPYRIGHT,1
1198276886,1198276886,1,http://ezsch.ezweb.ne.jp/search/?sr=0101&query=Copyright%20,1
1198909611,1198909611,1,http://www.google.co.jp/imode/search?ie=Shift_JIS&mrestrict=chtml&q=Copyright,1
1199320290,1199320290,1,http://search.yahoo.co.jp/search?p=copyright+wiki&rs=2&search_x=1&tid=top_ga1&ei=UTF-8&fr=top_ga1&yuragi=off,1
1199824123,1199824123,1,http://search.yahoo.co.jp/search?&p=wiki+copyright&fr=msie7&ei=utf-8,1
1202453451,1200190070,2,http://ezsch.ezweb.ne.jp/search/ezGoogleMain.php?query=copyright&start-index=4&adpage=2&mode=02,1
1200945317,1200945317,1,http://www.google.co.jp/m/search?ie=Shift_JIS&mrestrict=chtml&q=copyright,1
1201282153,1201282153,1,http://search.msn.co.jp/results.aspx?q=copyright+wiki&form=QBRE,1
1202236074,1201738460,3,http://ezsch.ezweb.ne.jp/search/?sr=0101&query=copy%20right,1
1201846942,1201846942,1,http://ezsch.ezweb.ne.jp/search/?sr=0101&query=COPYRIGHT,1
1202492966,1202267665,2,http://ezsch.ezweb.ne.jp/search/ezGoogleMain.php?query=copy%20right&ct=&pd=1&sr=0000,1
1202741644,1202741644,1,http://ezsch.ezweb.ne.jp/search/ezGoogleMain.php?query=copy+right&start-index=4&adpage=2&mode=02,1
1205109597,1205109597,1,http://search.msn.co.jp/results.aspx?q=copyright+wiki&form=QBRE3,1
1207560229,1207560229,1,http://www.google.co.jp/search?q=pukiwiki+CopyRight&lr=lang_ja&num=100&ie=utf-8&oe=utf-8&aq=t&rls=org.mozilla:ja:unofficial&hl=ja&client=firefox-a,1
1214513420,1214513420,1,http://search.yahoo.co.jp/search?p=Copyright+.+wikipedia&ei=UTF-8&fr=slv1-yie7tb&x=wrt,1
1214602659,1214602659,1,http://search.yahoo.co.jp/search?p=copyright+wiki&search.x=1&fr=top_ga1_lt37&tid=top_ga1_lt37&ei=UTF-8,1
1214604874,1214604874,1,http://search.yahoo.co.jp/search?p=copyright+wiki&rs=3&ei=UTF-8&fr=top_ga1&yuragi=off,1
1214766681,1214766681,1,http://search.yahoo.co.jp/search?p=copyright++%EF%BC%B7%EF%BC%A9%EF%BC%AB%EF%BC%A9&ei=UTF-8&fr=top_ga1&fl=0&x=wrt&meta=vc%3D,1
1215036443,1215036443,1,http://search.yahoo.co.jp/search?p=copyright+wiki&rs=4&ei=UTF-8&fr=top_ga1&yuragi=off,1
1215547288,1215547210,3,http://search.yahoo.co.jp/search?p=copyright+wikipedia&ei=UTF-8&fr=top_ga1&x=wrt,1
1215563318,1215563318,1,http://search.yahoo.co.jp/search?_adv_prop=web&x=op&ei=UTF-8&fr=top_ga1&fr2=op&va=Copyright+wiki&va_vt=any&vp_vt=any&vo_vt=any&ve_vt=any&vd=all&vst=0&vf=all&yuragi=on&fl=2&n=10&submit=%E6%A4%9C%E7%B4%A2,1
1215620727,1215620718,2,http://search.yahoo.co.jp/search?p=copyright+wiki&rs=5&search_x=1&tid=top_ga1&ei=UTF-8&fr=top_ga1&yuragi=off,1
1220978048,1220978048,1,http://search.yahoo.co.jp/search?p=Copyright+wiki&search.x=1&fr=top_ga1&tid=top_ga1&ei=UTF-8,1
1221374443,1221374443,1,http://search.yahoo.co.jp/search?p=copyright+wiki&rs=3&search_x=1&tid=top_ga1&ei=UTF-8&fr=top_ga1&yuragi=off,1
1222492791,1222492791,1,http://search.yahoo.co.jp/search?p=copyright+wiki&rs=0&ei=UTF-8&fr=slv1-divx&yuragi=off,1
1223956432,1223956432,1,http://www.google.co.jp/search?q=pukiwiki+copyright&lr=lang_ja&ie=utf-8&oe=utf-8&aq=t&rls=org.mozilla:ja:official&client=firefox-a,1
1224990428,1224990428,1,http://search.yahoo.co.jp/search?p=copyright+wiki&ei=UTF-8&fr=top_ga1&x=wrt,1
1225394556,1225394556,1,http://www.google.co.jp/search?hl=ja&q=pukiwiki+copyright&btnG=Google+%E6%A4%9C%E7%B4%A2&lr=&aq=f&oq=,1
1231260689,1231260689,1,http://www.google.co.jp/search?hl=ja&rlz=1T4SUNA_jaJP236JP236&q=copyright%E3%80%80wiki&lr=,1
1232316229,1232316229,1,http://www.google.co.jp/search?num=30&hl=ja&rls=ig&q=copyright%E3%80%80wiki&lr=,1
1234225473,1234225473,1,http://search.goo.ne.jp/web.jsp?SGT=0&PT=stickepson&from=query&MT=copyright%A1%A1wiki&DC=10,1
1252936807,1252936807,1,http://search.yahoo.co.jp/search?p=Copyright+Wiki&rs=4&search_x=1&tid=top_ga1_sa&ei=UTF-8&oq=copyright&fr=top_ga1_sa&yuragi=off,1
1253676964,1253676964,1,http://ezsch.ezweb.ne.jp/search/ezGoogleMain.php?query=Copyright+Wiki&ct=&pd=1&sr=0000,1
1260738472,1260738472,1,http://www.google.co.jp/search?hl=ja&rlz=1T4ADBF_jaJP280JP283&q=copyright+wiki&lr=&aq=f&oq=,1
1265041724,1265041724,1,http://delicious.com/mo0f,1
