1285782566,1107361681,5,http://www.google.co.jp/search?hl=ja&q=mutt&lr=lang_ja,1
1107450325,1107450325,1,http://www.google.com/search?num=100&hl=ja&q=mutt-j&btnG=Google+%E6%A4%9C%E7%B4%A2&lr=lang_ja,1
1212809411,1107450988,20,http://www.google.co.jp/search?hl=ja&q=mutt&btnG=Google+%E6%A4%9C%E7%B4%A2&lr=lang_ja,1
1107814701,1107814701,1,http://www.google.co.jp/search?hl=ja&ie=Shift_JIS&q=mutt+RSS&btnG=Google+%8C%9F%8D%F5&lr=,1
1108006449,1108006449,1,http://tamo.tdiary.net/?category=ALL,1
1113947553,1108367357,2,http://www.google.co.jp/search?sourceid=mozclient&ie=utf-8&oe=utf-8&q=mutt+wiki,1
1108442797,1108442797,1,http://www.google.co.jp/search?q=mutt+wiki&btnG=Google+%8C%9F%8D%F5&hl=ja&inlang=ja&ie=Shift_JIS,1
1185468533,1108682309,17,http://www.google.co.jp/search?q=mutt&hl=ja&lr=lang_ja&start=10&sa=N,1
1108786219,1108786219,1,http://www.google.co.jp/search?q=PukiWiki+1.4.5+FrontPage&hl=ja&lr=&client=firefox-a&rls=org.mozilla:ja-JP:official&start=60&sa=N,1
1121103487,1108792866,29,http://pukiwiki.org/index.php?cmd=read&page=PukiWiki%2F%E6%B4%BB%E7%94%A8%E4%BA%8B%E4%BE%8B%2F%E3%83%AF%E3%83%BC%E3%82%AF%E3%82%B0%E3%83%AB%E3%83%BC%E3%83%97%E6%B4%BB%E5%8B%95%E3%81%AE%E5%9F%BA%E7%9B%A4%E3%81%A8%E3%81%97%E3%81%A6,1
1109088869,1109088869,1,http://www.infoseek.co.jp/OTitles?lk=noframes&nh=10&svp=SEEK&svx=460107&nc=1&col=OW&qt=mutt&qp=0&lg=ja&st=10,1
1151200358,1109092012,5,http://www.google.co.jp/search?q=mutt&hl=ja&lr=lang_ja&ie=UTF-8&inlang=ja&start=10&sa=N,1
1109220716,1109220716,1,http://search.goo.ne.jp/web.jsp?TAB=&MT=mutt&web4.x=0&web4.y=0&web4=%A5%A6%A5%A7%A5%D6,1
1109306518,1109306518,1,http://www.excite.co.jp/search.gw?target=combined&look=excite_jp&lang=all&search=mutt&pref=jp,1
1109806008,1109806008,1,http://www.google.co.jp/search?hl=ja&ie=Shift_JIS&oe=Shift_JIS&lr=lang_ja&q=mutt-j,1
1109839272,1109839272,1,http://216.239.63.104/search?q=cache:OAGBqkNk1Q4J:mutt-j.sourceforge.jp/pukiwiki/index%3FMuttFaq%252FAttachment+strict_mime&hl=ja&lr=lang_ja target=nw,1
1135581976,1110413834,2,http://www.local/~monk/hiki/?Bookmark,1
1122945057,1110826400,3,http://www.google.co.jp/search?q=mutt&start=0&start=0&hl=ja&lr=lang_ja&ie=utf-8&oe=utf-8&client=firefox-a&rls=org.mozilla:ja-JP:official,1
1111295711,1111295711,1,http://www.google.com/search?hl=ja&inlang=ja&ie=Shift_JIS&oe=Shift_JIS&q=mutt&btnG=Google+%8C%9F%8D%F5&lr=lang_ja,1
1164050916,1111537620,3,http://www.google.com/search?hl=ja&q=mutt&btnG=Google+%E6%A4%9C%E7%B4%A2&lr=lang_ja,1
1114974275,1111682499,5,http://www.google.co.jp/search?q=mutt&hl=ja&lr=lang_ja&client=firefox-a&rls=org.mozilla:ja-JP:official&start=10&sa=N,1
1111793948,1111793948,1,http://www.google.co.jp/search?q=mutt+&hl=ja&lr=lang_ja&start=10&sa=N,1
1121192670,1112068402,2,http://www.google.co.jp/search?hl=ja&inlang=ja&ie=Shift_JIS&q=mutt+wiki&btnG=Google+%8C%9F%8D%F5&lr=lang_ja,1
1112111425,1112111399,2,http://www.google.com/search?num=50&hl=ja&inlang=ja&q=mutt++&btnG=Google+%E6%A4%9C%E7%B4%A2&lr=lang_ja,1
1112933528,1112933528,1,http://www.google.com/search?as_qt=w&num=100&ie=Shift_JIS&oe=Shift_JIS&lr=lang_ja&as_q=mutt&btnG=Search,1
1114117672,1114117672,1,http://www.google.com/search?as_qt=w&num=100&ie=Shift_JIS&oe=Shift_JIS&lr=lang_ja&as_q=mutt,1
1114425910,1114425910,1,http://pukiwiki.org/index.php?PukiWiki%2F%E6%B4%BB%E7%94%A8%E4%BA%8B%E4%BE%8B%2F%E3%83%AF%E3%83%BC%E3%82%AF%E3%82%B0%E3%83%AB%E3%83%BC%E3%83%97%E6%B4%BB%E5%8B%95%E3%81%AE%E5%9F%BA%E7%9B%A4%E3%81%A8%E3%81%97%E3%81%A6,1
1115101095,1115101095,1,http://www.google.co.jp/search?q=+mutt&hl=ja&lr=lang_ja&c2coff=1&start=10&sa=N,1
1115303364,1115303364,1,http://www.google.co.jp/search?q=mutt&hl=ja&lr=lang_ja&newwindow=1&c2coff=1&start=10&sa=N,1
1115420351,1115420351,1,http://www.google.com/search?num=50&hl=ja&lr=lang_ja&safe=off&ie=SJIS&oe=SJIS&q=mutt,1
1137432768,1116120351,2,http://www.google.co.jp/search?q=Mutt&hl=ja&lr=lang_ja&start=10&sa=N,1
1116273688,1116273688,1,http://www.google.com/search?hl=ja&inlang=ja&ie=Shift_JIS&q=mutt+wiki&btnG=Google+%8C%9F%8D%F5&lr=lang_ja,1
1116547308,1116547308,1,http://search.goo.ne.jp/web.jsp?TAB=&MT=mutt+-e,1
1116760651,1116760651,1,http://www.google.co.jp/search?q=mutt&hl=ja&lr=lang_ja&c2coff=1&start=10&sa=N,1
1117493762,1117493762,1,http://www.google.co.jp/search?hl=ja&rls=GGLD%2CGGLD%3A2005-21%2CGGLD%3Aja&q=mutt+wiki&lr=lang_ja,1
1117495368,1117495368,1,http://www.google.co.jp/search?num=100&hl=ja&c2coff=1&q=mutt-j&btnG=Google+%E6%A4%9C%E7%B4%A2&lr=,1
1117597170,1117597170,1,http://www.google.co.jp/search?hl=ja&ie=UTF-8&oe=UTF-8&lr=lang_ja&q=mutt-j&sourceid=mozilla-search,1
1117665169,1117665169,1,http://www.google.co.jp/search?q=mutt&hl=ja&lr=lang_ja&c2coff=1&client=firefox-a&rls=org.mozilla:ja-JP:official&start=10&sa=N,1
1117752034,1117752034,1,http://66.102.7.104/search?q=cache:mYyWktMo9n8J:mutt-j.sourceforge.jp/pukiwiki/index%3FMuttFaq%252FCharset+mutt+UTF-8&hl=ja&lr=lang_ja&client=safari,1
1200150175,1117838631,6,http://www.google.co.jp/search?hl=ja&q=mutt+wiki&btnG=Google+%E6%A4%9C%E7%B4%A2&lr=,1
1118182877,1118182877,1,http://search.yahoo.co.jp/bin/query?p=%40wiki+%a5%ab%a5%a6%a5%f3%a5%bf&fr=top,1
1118225857,1118225857,1,http://www.google.co.jp/search?q=mutt&hl=ja&lr=lang_ja&c2coff=1&safe=off&client=firefox-a&rls=org.mozilla:ja-JP:official_s&start=10&sa=N,1
1118242749,1118242749,1,http://pukiwiki.org/index.php?cmd=read&page=PukiWiki%2F%E6%B4%BB%E7%94%A8%E4%BA%8B%E4%BE%8B%2F%E3%83%AF%E3%83%BC%E3%82%AF%E3%82%B0%E3%83%AB%E3%83%BC%E3%83%97%E6%B4%BB%E5%8B%95%E3%81%AE%E5%9F%BA%E7%9B%A4%E3%81%A8%E3%81%97%E3%81%A6&word=%E3%83%A1%E3%83%BC%E3%83%AB,1
1118359386,1118359386,1,http://del.icio.us/masao?v=2&url=http%3A%2F%2Fmutt-j.sourceforge.jp%2Fpukiwiki%2F&title=FrontPage%20-%20mutt-j%20wiki,1
1118952755,1118952755,1,http://64.233.167.104/search?q=cache:qYVhhNerfw4J:mutt-j.sourceforge.jp/+mutt&hl=ja&lr=lang_ja,1
1119023120,1119023120,1,http://www.google.com/search?q=mutt&hl=ja&lr=lang_ja&c2coff=1&client=safari&rls=ja-jp&start=10&sa=N,1
1119249609,1119249609,1,http://www.google.com/search?q=mutt&hl=ja&lr=lang_ja&start=10&sa=N,1
1282114223,1119852663,8,http://tamo.tdiary.net/?category=mutt,1
1120287765,1120287765,1,http://64.233.179.104/search?q=cache:qYVhhNerfw4J:mutt-j.sourceforge.jp/+mutt&hl=ja&ie=UTF-8&inlang=ja,1
1121342813,1121342813,1,http://www.google.co.jp/search?sourceid=navclient&hl=ja&ie=UTF-8&rls=DVXA,DVXA:2005-06,DVXA:ja&q=%26smile%3B+wiki,1
1121708949,1121708949,1,http://www.google.co.jp/search?q=mutt&hl=ja&lr=lang_ja&rls=GGLD,GGLD:2005-26,GGLD:ja&start=10&sa=N,1
1121712907,1121712907,1,http://www.google.com/search?num=50&hl=ja&q=mutt+wiki&lr=lang_ja,1
1121877192,1121877192,1,http://www.google.co.jp/search?hs=HJ4&hl=ja&c2coff=1&client=firefox&rls=org.mozilla%3Aja-JP%3Aunofficial&q=mutt+wiki&btnG=Google+%E6%A4%9C%E7%B4%A2&lr=lang_ja,1
1122473315,1122436678,2,http://www.google.co.jp/search?q=mutt-j&start=0&start=0&hl=ja&lr=lang_ja&ie=utf-8&oe=utf-8&client=firefox-a&rls=org.mozilla:ja-JP:official,1
1123005692,1123005692,1,http://www.google.com/search?hl=ja&ie=Shift_JIS&q=mutt+wiki&btnG=Google+%8C%9F%8D%F5&lr=,1
1123612113,1123612113,1,http://www.google.co.jp/search?as_q=mutt-j&num=100&hl=ja&btnG=Google+%E6%A4%9C%E7%B4%A2&as_epq=&as_oq=&as_eq=&lr=lang_ja&as_ft=i&as_filetype=&as_qdr=all&as_occt=any&as_dt=i&as_sitesearch=,1
1123625366,1123625366,1,http://www.google.com/search?q=mutt&num=100&hl=ja&c2coff=1&lr=lang_ja&sa=X&oi=lrtip9,1
1123708963,1123708963,1,http://www.google.com/search?hl=ja&inlang=ja&ie=Shift_JIS&oe=Shift_JIS&c2coff=1&q=%26smile+wiki&lr=lang_ja,1
1124449039,1124449039,1,http://www.google.com/search?hl=ja&lr=lang_ja&ie=UTF-8&oe=UTF-8&q=Pukiwiki+%26smile%3B&num=50,1
1124787433,1124787433,1,http://search.codevb.com/,1
1125283812,1125283788,2,http://search.yahoo.co.jp/bin/query?p=wiki+%a5%ab%a5%a6%a5%f3%a5%bf&fr=top,1
1126807115,1126807115,1,http://mobile.goo.ne.jp/search.jsp?MT=%A4%B3%A4%C1%A4%E9+%A4%C9%A4%A6%A4%BE&DC=10&FR=251&HOST=&CONTENT=&FLT=off&act.page=26,1
1127025875,1127025875,1,http://pukiwiki.sourceforge.jp/index.php?cmd=read&page=PukiWiki%2F%E6%B4%BB%E7%94%A8%E4%BA%8B%E4%BE%8B%2F%E3%83%AF%E3%83%BC%E3%82%AF%E3%82%B0%E3%83%AB%E3%83%BC%E3%83%97%E6%B4%BB%E5%8B%95%E3%81%AE%E5%9F%BA%E7%9B%A4%E3%8
1226214269,1226214269,3,http://bookmarks.yahoo.co.jp/toolbar/showpopup?t=FrontPage%20-%20mutt-j%20wiki&u=http%3A%2F%2Fmutt-j.sourceforge.jp%2Fpukiwiki%2Findex.php&v=0&lip=0,1
earch?hl=ja&lr=lang_ja&ie=UTF-8&oe=UTF-8&q=mutt+wiki&num=50,1
1129317564,1129317564,1,http://buxus.s31.xrea.com/memo/pukiwiki/index.php?Mutt%2FJapaneseEdition,1
1129820223,1129820223,1,http://72.14.203.104/search?q=cache:CUsdKxR-7EEJ:mutt-j.sourceforge.jp/pukiwiki/pukiwiki.php%3FMaildirFormat+mutt+mbox_type&hl=ja&lr=lang_ja,1
1422904621,1130021516,247,http://pukiwiki.sourceforge.jp/?cmd=read&page=PukiWiki%2F%E6%B4%BB%E7%94%A8%E4%BA%8B%E4%BE%8B%2F%E3%83%AF%E3%83%BC%E3%82%AF%E3%82%B0%E3%83%AB%E3%83%BC%E3%83%97%E6%B4%BB%E5%8B%95%E3%81%AE%E5%9F%BA%E7%9B%A4%E3%81%A8%E3%81%97%E3%81%A6,1
1130123192,1130123192,1,http://search.yahoo.co.jp/search?p=mutt&fr=top&src=top&search.x=0&search.y=0,1
1130364164,1130364164,1,http://search.goo.ne.jp/web.jsp?JP=1&SM=MC&DC=10&OCR=0&FILTER=1&FR=20&CK=0&UI=web&NKW=1&QGR=1&IME=1&QGA=1&MT=mutt&from=next,1
1166985108,1166985108,1,http://www.google.co.jp/search?sourceid=navclient&ie=UTF-8&rls=GGLC,GGLC:1970-01,GGLC:en&q=mutt+wiki,1
1130528254,1130528254,1,http://tamo.tdiary.net/20051028.html,1
1130872210,1130551654,6,http://tamo.tdiary.net/,1
1240964682,1131419846,19,http://buxus.s31.xrea.com/pukiwiki/pukiwiki.php?Mutt,1
1132077644,1132077644,1,http://www.google.co.jp/search?q=mutt&hl=ja&hs=ysC&lr=lang_ja&client=firefox-a&rls=org.mozilla:ja-JP:official&start=10&sa=N,1
1132215440,1132215440,1,http://www.google.co.jp/search?q=mutt&hl=ja&lr=lang_ja&inlang=ja&start=10&sa=N,1
1132367005,1132367005,1,http://www.google.co.jp/search?q=mutt&hl=ja&hs=Dik&lr=lang_ja&client=firefox-a&rls=org.mozilla:ja-JP:official&start=10&sa=N,1
1132444234,1132444234,1,http://b.hatena.ne.jp/add?mode=confirm&title=FrontPage%20-%20mutt-j%20wiki&url=http%3A//mutt-j.sourceforge.jp/pukiwiki/pukiwiki.php%3FFrontPage,1
1132476578,1132476578,1,http://www.google.co.jp/search?q=mutt++&hl=ja&lr=lang_ja&start=10&sa=N,1
1132680450,1132680450,1,http://search.yahoo.co.jp/search?p=80.68.242.97&fr=top&src=top&search.x=22&search.y=10,1
1132816288,1132816288,1,http://search.yahoo.co.jp/search?p=pukiwiki+1.4.+copyright&ei=UTF-8&fl=0&meta=vc%3D&pstart=1&fr=top&b=11,1
1132897916,1132897901,2,http://www.google.co.jp/search?num=50&lr=lang_ja&ie=sjis&oe=sjis&q=Mutt,1
1134061740,1134061740,1,http://www.google.co.jp/search?hl=ja&client=firefox-a&rls=org.mozilla%3Aja-JP%3Aofficial_s&q=mutt&btnG=Google+%E6%A4%9C%E7%B4%A2&lr=lang_ja,1
1149139001,1134171231,4,http://www.google.co.jp/search?hl=ja&q=mutt+&btnG=Google+%E6%A4%9C%E7%B4%A2&lr=lang_ja,1
1167778784,1135096092,5,http://www.google.co.jp/search?q=mutt&start=0&hl=ja&lr=lang_ja&ie=utf-8&oe=utf-8&client=firefox&rls=org.mozilla:ja:official,1
1135151980,1135151980,1,http://www.google.co.jp/search?q=mutt+FROM&start=0&hl=ja&lr=lang_ja&ie=utf-8&oe=utf-8&client=firefox&rls=org.mozilla:ja:official,1
1135491940,1135491940,1,http://tamo.tdiary.net/200404.html?year=2004;month=2Q;category=spam,1
1136329961,1136329961,1,http://www.google.co.jp/search?q=mutt+sourceforge&start=0&hl=ja&lr=lang_ja&ie=utf-8&oe=utf-8&client=firefox&rls=org.mozilla:ja:official,1
1167343752,1136444079,2,http://b.hatena.ne.jp/drumsco/mutt/,1
1136665405,1136665405,1,http://www.google.com/search?q=mutt%20wiki&ie=UTF-8&oe=UTF-8&hl=ja,1
1136852260,1136852260,1,http://www.blink.jp/go?page=Main&path=37218199/37218217,1
1137043065,1137043065,1,http://www.google.co.jp/search?q=mutt+color&hl=ja&lr=lang_ja&ie=UTF-8&inlang=ja&start=10&sa=N,1
1137273693,1137273693,1,http://www.google.co.jp/search?q=mutt&hl=ja&lr=&start=20&sa=N,1
1138423626,1138423626,1,http://www.google.com/search?q=mutt+spam&hl=ja&lr=lang_ja&ie=UTF-8&inlang=ja&start=20&sa=N,1
1138477092,1138476881,2,http://www.google.co.jp/search?hl=ja&q=Mutt&btnG=Google+%E6%A4%9C%E7%B4%A2&lr=lang_ja,1
1138926762,1138926762,1,http://www.google.co.jp/search?hl=ja&rls=GGGL%2CGGGL%3A2005-09%2CGGGL%3Aja&q=Mutt&btnG=Google+%E6%A4%9C%E7%B4%A2&lr=lang_ja,1
1224989070,1139171432,6,http://www.google.co.jp/search?hl=ja&ie=Shift_JIS&q=mutt&btnG=Google+%8C%9F%8D%F5&lr=lang_ja,1
1144172415,1139254141,2,http://www.google.co.jp/search?hl=ja&rls=GGGL%2CGGGL%3A2005-09%2CGGGL%3Aja&q=mutt+spam&btnG=Google+%E6%A4%9C%E7%B4%A2&lr=lang_ja,1
1139330919,1139330919,1,http://64.233.179.104/search?q=cache:I2wVEH0Zpt8J:mutt-j.sourceforge.jp/pukiwiki/index.php%3FMuttFaq%252FEncryption+mutt+%E8%A8%AD%E5%AE%9A+s/mime&hl=ja&gl=jp&ct=clnk&cd=3&client=firefox,1
1139535864,1139535864,1,http://www.google.co.jp/search?q=mutt+spam&num=50&hl=ja&lr=lang_ja&sa=X&oi=lrtip7,1
1140978728,1139554002,3,http://88171.net/RssMemo/,1
1140208361,1140208361,1,http://www.google.co.jp/search?&num=ie=UTF-8&oe=UTF-8&hl=ja&lr=lang_ja&q=mutt,1
1140641054,1140641054,1,http://www.google.co.jp/search?hl=ja&inlang=ja&ie=Shift_JIS&q=mutt+&btnG=Google+%8C%9F%8D%F5&lr=lang_ja,1
1141070613,1141070613,1,http://www.google.co.jp/search?q=+mutt&btnG=Google+%E6%A4%9C%E7%B4%A2&num=20&hl=ja&newwindow=1&c2coff=1&rls=GGGL%2CGGGL%3A2005-09%2CGGGL%3Aja,1
1141179315,1141179315,1,http://www.google.co.jp/search?q=mutt+&hl=ja&hs=zeg&lr=lang_ja&client=firefox-a&rls=org.mozilla:ja-JP:official_s&start=10&sa=N,1
1192275276,1141304869,15,http://comenton.com/search.cgi?q=mutt&h=&goo=1&fresheye=1&excite=1&infoseek=1&num=50&site=0&csize=400,1
1141753176,1141753176,1,http://www.karashi.org/~poppen/d/YY%C2%A4%C2%B5%C2%A4%C3%B3%C2%A4%C3%88%C2%A4%C2%B3%C2%A4%C3%A8%C2%A4%C3%AA%C2%A1%C2%A7%20http://www.maid.ne.jp/~yy/memoru/200408.html,1
1168394594,1141758259,3,http://www.google.co.jp/search?hl=ja&q=mutt+wiki&btnG=Google+%E6%A4%9C%E7%B4%A2&lr=lang_ja,1
1142537426,1142537411,2,http://cvs.sourceforge.jp/cgi-bin/viewcvs.cgi/mutt-j/htdocs/index.html?rev=1.27,1
1142960661,1142960661,1,http://bloglines.com/myblogs_display?sub=23028753&site=4149074,1
1142961254,1142961254,1,http://del.icio.us/typester,1
1192987518,1142983189,9,http://del.icio.us/typester/mutt,1
1143004834,1143004834,1,http://www.bloglines.com/myblogs_display?sub=15431882&site=2525142,1
1143063174,1143062758,2,http://bloglines.com/myblogs_display?folder=8312532,1
1143094121,1143094121,1,http://pukiwiki.sourceforge.jp/?cmd=read&page=PukiWiki%2F%E6%B4%BB%E7%94%A8%E4%BA%8B%E4%BE%8B%2F%E3%83%AF%E3%83%BC%E3%82%AF%E3%82%B0%E3%83%AB%E3%83%BC%E3%83%97%E6%B4%BB%E5%8B%95%E3%81%AE%E5%9F%BA%E7%9B%A4%E3%81%A8%E3%81%97%E3%81%A6#x20b8e84,1
1143254256,1143254256,1,http://www.enatural.org/bm/001657.html,1
1143309599,1143309599,1,http://del.icio.us/inbox/tell,1
1143488985,1143488985,1,http://del.icio.us/tell,1
1143764295,1143764295,1,http://www.google.co.jp/search?hs=SFF&hl=ja&client=firefox&rls=org.mozilla%3Aja%3Aofficial&q=mutt&btnG=Google+%E6%A4%9C%E7%B4%A2&lr=lang_ja,1
1197443894,1144085476,2,http://b.hatena.ne.jp/add?mode=confirm&title=FrontPage%20-%20mutt-j%20wiki&url=http%3A//mutt-j.sourceforge.jp/pukiwiki/index.php%3FFrontPage,1
1144190002,1144190002,1,http://www.google.co.jp/search?q=mutt&hl=ja&lr=&ie=UTF-8&inlang=ja&start=10&sa=N,1
1146956265,1146956265,1,http://www.google.co.jp/search?sourceid=navclient&hl=ja&ie=UTF-8&rls=GGLD,GGLD:2004-19,GGLD:ja&q=mutt%2Dj,1
1144225923,1144225923,1,http://www.google.co.jp/search?hl=ja&client=opera&rls=en&q=mutt&btnG=Google+%E6%A4%9C%E7%B4%A2&lr=lang_ja,1
1144529875,1144529875,1,http://www.bloglines.com/myblogs_display?sub=16011338&site=2845069,1
1144654182,1144654182,1,http://www.google.com/search?hs=7wd&hl=ja&client=opera&rls=en&q=Mutt&btnG=Google+%E6%A4%9C%E7%B4%A2&lr=lang_ja,1
1145228273,1145228263,2,http://www.google.co.jp/search?q=mutt+From%3A&start=0&hl=ja&lr=lang_ja&ie=utf-8&oe=utf-8&client=firefox&rls=org.mozilla:ja:official,1
1145481921,1145481921,1,http://www.karashi.org/~poppen/d/20040823.html,1
1145565474,1145565474,1,http://www.google.co.jp/search?sourceid=navclient&hl=ja&ie=UTF-8&rls=GGLG,GGLG:2005-52,GGLG:ja&q=mutt%2Dj,1
1145690309,1145690309,1,http://www.google.co.jp/search?q=mutt-j&start=0&hl=ja&lr=lang_ja&ie=utf-8&oe=utf-8&client=firefox&rls=org.mozilla:ja:official,1
1145849651,1145849651,1,http://www.google.com/search?hl=ja&q=j+wiki&lr=,1
1145894075,1145894075,1,http://b.hatena.ne.jp/t/mutt?sort=eid,1
1148347300,1147035152,3,http://b.hatena.ne.jp/tacoppa/mutt/,1
1147287081,1147287074,2,http://b.hatena.ne.jp/jjzak/,1
1148215506,1148215506,1,http://www.google.co.jp/search?q=mutt&hl=ja&lr=lang_ja&start=30&sa=N,1
1148700951,1148700951,1,http://www.google.co.jp/search?q=mutt&hl=ja&lr=&start=60&sa=N,1
1238315881,1148754179,2,http://b.hatena.ne.jp/jjzak/mutt/,1
1149395957,1149395957,1,http://search.yahoo.co.jp/search?p=194.67.32.46&tid=top_v2&search_x=1&y=5&ei=UTF-8&pstart=1&fr=top_v2&b=11,1
1149794906,1149794787,2,http://www.google.co.jp/search?num=100&hl=ja&newwindow=1&q=mutt&btnG=Google+%E6%A4%9C%E7%B4%A2&lr=lang_ja,1
1150085952,1150085952,1,http://www.google.co.jp/search?num=30&hl=ja&q=mutt+wiki&btnG=Google+%E6%A4%9C%E7%B4%A2&lr=lang_ja,1
1150868672,1150868672,1,http://www.google.co.jp/search?q=mutt&ie=UTF-8&hl=ja&lr=lang_ja,1
1217199833,1150939159,6,http://pukiwiki.sourceforge.jp/?cmd=read&page=PukiWiki%2F%E6%B4%BB%E7%94%A8%E4%BA%8B%E4%BE%8B%2F%E3%83%AF%E3%83%BC%E3%82%AF%E3%82%B0%E3%83%AB%E3%83%BC%E3%83%97%E6%B4%BB%E5%8B%95%E3%81%AE%E5%9F%BA%E7%9B%A4%E3%81%A8%E3%81%97%E3%81%A6&word=%E3%83%A1%E3%83%BC%E3%83%AB,1
1202914231,1151079654,10,http://www.google.co.jp/search?q=mutt&hl=ja&lr=&start=10&sa=N,1
1151094418,1151094418,1,http://www.google.co.jp/search?q=mutt&hl=ja&hs=KqK&lr=&client=firefox&rls=org.mozilla:ja:unofficial&start=10&sa=N,1
1153695971,1151185797,2,http://d.hatena.ne.jp/tacoppa/20060508/p1,1
1151281445,1151281445,1,http://search.yahoo.co.jp/search?p=194.67.32.46&fr=top_v2&tid=top_v2&search.x=1&x=20&y=5,1
1151327978,1151327978,1,http://www.google.co.jp/search?q=%22194.67.32.46%22&hl=ja&ie=UTF-8&oe=EUC-JP&inlang=ja&lr=lang_ja&sa=X&oi=lrtip9,1
1152759290,1152759290,1,http://72.14.235.104/search?q=cache:qYVhhNerfw4J:mutt-j.sourceforge.jp/+%22mutt%E7%8E%8B%22&hl=ja&gl=jp&ct=clnk&cd=3&lr=lang_ja&client=firefox,1
1154565611,1154565611,1,http://www.google.com/search?q=mutt&hl=ja&lr=lang_ja&num=100,1
1468542171,1154838352,1996,http://www.emaillab.org/mutt/link.html,1
1154896389,1154896389,1,http://www.google.com/search?num=100&hs=iGx&hl=ja&client=opera&rls=ja&q=mutt&btnG=Google+%E6%A4%9C%E7%B4%A2&lr=lang_ja,1
1155079317,1155078997,2,http://www.google.co.jp/search?q=mutt+wiki&hl=ja&lr=lang_ja&sa=X&oi=lrtip7,1
1155364053,1155364053,1,http://www.google.co.jp/search?q=mutt+spam&hl=ja&hs=8lu&lr=lang_ja&client=firefox&rls=org.mozilla:ja:official&start=10&sa=N,1
1156111740,1156111740,1,http://www.google.co.jp/search?hl=ja&ie=Shift_JIS&q=spam+mutt&btnG=Google+%8C%9F%8D%F5&lr=lang_ja,1
1156969100,1156969100,1,http://www.google.co.jp/search?hl=ja&rls=GGLG%2CGGLG%3A2006-19%2CGGLG%3Aja&q=mutt+wiki&btnG=Google+%E6%A4%9C%E7%B4%A2&lr=lang_ja,1
1194105536,1157004756,3,http://www.google.co.jp/search?hl=ja&ie=Shift_JIS&q=mutt+wiki&btnG=Google+%8C%9F%8D%F5&lr=,1
1157009517,1157009517,1,http://www.google.co.jp/search?q=mutt&num=10&hl=ja&lr=lang_ja&ie=UTF-8&oe=UTF-8&start=0,1
1158613832,1157303065,2,http://search.msn.co.jp/previewx.aspx?q=mutt&FORM=CBPW&first=1&noredir=1,1
1350955554,1157503624,11,http://pukiwiki.sourceforge.jp/?PukiWiki%2F%E6%B4%BB%E7%94%A8%E4%BA%8B%E4%BE%8B%2F%E3%83%AF%E3%83%BC%E3%82%AF%E3%82%B0%E3%83%AB%E3%83%BC%E3%83%97%E6%B4%BB%E5%8B%95%E3%81%AE%E5%9F%BA%E7%9B%A4%E3%81%A8%E3%81%97%E3%81%A6,1
1157900647,1157900647,1,http://www.google.co.jp/search?q=mutt&hl=ja&lr=&rls=GGLG,GGLG:2006-26,GGLG:ja&start=10&sa=N,1
1158038283,1158038283,1,http://www.google.com/search?q=mutt&hl=ja&lr=&client=safari&rls=ja-jp&start=10&sa=N,1
1158183746,1158183746,1,http://72.14.253.104/search?q=cache:bA6JhquAHqsJ:mutt-j.sourceforge.jp/pukiwiki/index.php%3FMuttFaq+mutt+%E6%B7%BB%E4%BB%98%E3%83%95%E3%82%A1%E3%82%A4%E3%83%AB&hl=ja&gl=jp&ct=clnk&cd=6,1
1158546961,1158546961,1,http://beta.search.live.com/results.aspx?q=nissan-indianapolis.aj.pl&mkt=en-us&FORM=LVSP&go.x=0&go.y=0,1
1158783053,1158783053,1,http://www.google.com/search?hl=ja&lr=lang_ja&ie=UTF-8&oe=UTF-8&q=URL+%255C&num=50,1
1161301117,1158806730,3,http://www.google.com/search?hl=ja&lr=&ie=UTF-8&oe=UTF-8&num=50&q=mutt,1
1196293134,1158853239,3,http://www.google.co.jp/search?hl=ja&ie=Shift_JIS&q=mutt&btnG=Google+%8C%9F%8D%F5&lr=,1
1158857717,1158857717,1,http://www.google.co.jp/search?hl=ja&inlang=ja&ie=Shift_JIS&q=mutt&btnG=Google+%8C%9F%8D%F5&lr=,1
1159002671,1159002671,1,http://www.google.co.jp/search?hl=ja&q=mutt-j+wiki&btnG=Google+%E6%A4%9C%E7%B4%A2&lr=lang_ja,1
1159075415,1159075415,1,http://www.google.co.jp/search?hs=oi9&hl=ja&client=firefox&rls=org.mozilla%3Aja%3Aofficial&q=mutt&btnG=Google+%E6%A4%9C%E7%B4%A2&lr=lang_ja,1
1159111007,1159111007,1,http://www.google.co.jp/search?hl=ja&q=Mutt-j&btnG=Google+%E6%A4%9C%E7%B4%A2&lr=,1
1159464320,1159464320,1,http://omokuroi.s60.xrea.com/pukiwiki/index.php?MUA%2Fmutt,1
1159553137,1159553137,1,http://www.google.co.jp/search?q=mutt&start=0&hl=ja&lr=lang_ja&ie=utf-8&oe=utf-8&client=firefox&rls=org.mozilla:ja-JP-mac:official,1
1159589681,1159589681,1,http://72.14.203.104/search?q=cache:qYVhhNerfw4J:mutt-j.sourceforge.jp/+mutt%E3%80%80freebsd&hl=ja&ie=UTF-8,1
1216978790,1159593454,2,http://www.google.co.jp/search?hl=ja&q=mutt-j&btnG=Google+%E6%A4%9C%E7%B4%A2&lr=,1
1159977030,1159977030,1,http://search.goo.ne.jp/web.jsp?MT=mutt-j&STYPE=web&IE=UTF-8,1
1160420906,1160420906,1,http://www.google.co.jp/search?hl=ja&q=%E9%80%86%E5%BC%95%E3%81%8D%E3%81%A7%E3%81%8D%E3%81%BE%E3%81%9B%E3%82%93%E3%80%80%E8%8B%B1%E8%AA%9E&lr=,1
1160514046,1160514046,1,http://search.goo.ne.jp/web.jsp?MT=pukiwiki+menubar+spam&from=Firefox15&PT=Firefox15,1
1160730177,1160552310,3,http://search.goo.ne.jp/web.jsp?MT=mutt&STYPE=web&IE=UTF-8&from=gootop,1
1160688642,1160688642,1,http://www.google.co.jp/search?hl=ja&inlang=ja&q=mutt&btnG=Google+%E6%A4%9C%E7%B4%A2&lr=lang_ja,1
1161749295,1161700661,2,http://b.hatena.ne.jp/piro_suke/,1
1161807433,1161807433,1,http://www.google.co.jp/search?q=mutt&hl=ja&hs=oiH&lr=&client=firefox-a&rls=org.mozilla:en-US:official_s&start=10&sa=N,1
1161816270,1161816270,1,http://www.google.com/search?q=mutt&start=0&ie=utf-8&oe=utf-8&client=firefox&rls=org.mozilla:ja:unofficial,1
1161886236,1161830308,2,http://b.hatena.ne.jp/piro_suke/20061025,1
1161920690,1161920690,1,http://72.14.235.104/search?q=cache:JCYRwhyiouUJ:mutt-j.sourceforge.jp/pukiwiki/index.php%3FPukiWiki%252F1.4%252FManual%252FPlugin%252FS-U+mutt+%22%2B%22+%E6%94%B9%E8%A1%8C&hl=ja&gl=jp&ct=clnk&cd=1&lr=lang_ja,1
1162064731,1162064731,1,http://www.google.co.jp/search?q=mutt&hl=ja&lr=&client=firefox&rls=org.mozilla:ja:official&start=10&sa=N,1
1162321596,1162321596,1,http://del.icio.us/jiro26zero,1
1162388591,1162388591,1,http://www.google.com/search?sourceid=navclient-ff&ie=UTF-8&rls=GGGL,GGGL:2006-40,GGGL:en&q=frontpage+wiki+posted+2006+adipex,1
1162672242,1162672242,1,http://search.yahoo.co.jp/search?p=%A3%F8%A3%F7%A3%FA&fr=top_v2&tid=top_v2&ei=euc-jp&search.x=1&x=20&y=5,1
1163066082,1163066082,1,http://del.icio.us/nagayama/mutt,1
1163092960,1163092960,1,http://www.google.co.jp/search?q=mutt+wiki&start=0&ie=utf-8&oe=utf-8&client=firefox&rls=org.mozilla:ja:official,1
1467248304,1163360301,10,http://mutt-j.sourceforge.jp/pukiwiki/index.php,1
1163633462,1163633462,1,http://www.google.co.jp/search?q=mutt+spam&btnG=Google+%8C%9F%8D%F5&hl=ja&inlang=ja&ie=Shift_JIS,1
1163973270,1163973270,2,http://b.hatena.ne.jp/t/mutt?sort=count,1
1163973442,1163973442,1,http://del.icio.us/probo?v=3&url=http%3A%2F%2Fmutt-j.sourceforge.jp%2Fpukiwiki%2Findex.php%3FFrontPage&title=FrontPage%20-%20mutt-j%20wiki,1
1164317551,1163977880,2,http://del.icio.us/probo/mutt%2Bjapanese?setcount=100,1
1231955733,1164150597,4,http://cvs.sourceforge.jp/cgi-bin/viewcvs.cgi/mutt-j/htdocs/index.html?rev=1.25,1
1164313247,1164313247,1,http://www.google.co.jp/search?hs=lnn&hl=ja&client=firefox&rls=com.ubuntu%3Aja%3Aofficial&q=+mutt&btnG=Google+%E6%A4%9C%E7%B4%A2&lr=lang_ja,1
1164598675,1164598675,1,http://www.google.co.jp/search?q=mutt&start=0&start=0&ie=utf-8&oe=utf-8&client=firefox&rls=org.mozilla:ja-JP:unofficial,1
1165055974,1165055974,1,http://www.google.co.jp/search?q=mutt&lr=lang_ja&ie=utf-8&oe=utf-8&rls=org.mozilla:ja:official&client=firefox,1
1165175529,1165175529,1,http://www.google.com/search?client=opera&rls=ja&q=mutt&sourceid=opera&ie=utf-8&oe=utf-8,1
1165350626,1165350571,2,http://www.google.co.jp/search?q=Mutt&hl=ja&lr=&start=10&sa=N,1
1206462362,1165351278,4,http://www.google.com/search?q=mutt&hl=ja&lr=lang_ja&ie=EUC-JP,1
1187040112,1165386347,2,http://del.icio.us/probo/mutt?setcount=100,1
1165473522,1165473522,1,http://www.google.co.jp/search?q=Mutt&hl=ja&lr=&client=firefox&rls=com.ubuntu:ja:official&hs=1yK&start=10&sa=N,1
1171242593,1165724201,3,http://mutt-j.sourceforge.jp/pukiwiki,1
1169692460,1165916699,3,http://www.google.co.jp/search?q=mutt&lr=lang_ja&ie=utf-8&oe=utf-8&rls=org.mozilla:ja-JP-mac:official&client=firefox,1
1165927012,1165927012,1,http://www.google.co.jp/search?q=mutt&hl=ja&lr=&client=firefox&rls=org.mozilla:ja:official&hs=WpE&start=10&sa=N,1
1165992045,1165992045,1,http://www.google.co.jp/search?hl=ja&c2coff=1&client=firefox&rls=org.mozilla%3Aja-JP-mac%3Aofficial&hs=au&q=mutt&btnG=Google+%E6%A4%9C%E7%B4%A2&lr=lang_ja,1
1201049388,1166329860,6,http://www.google.co.jp/search?hl=ja&q=mutt&lr=,1
1166422498,1166422498,1,http://www.google.co.jp/search?hl=ja&client=firefox&rls=com.ubuntu%3Aja%3Aofficial&hs=bsJ&q=mutt+wiki&btnG=Google+%E6%A4%9C%E7%B4%A2&lr=lang_ja,1
1166549555,1166549555,1,http://72.14.235.104/search?q=cache:pf1KjfRys4kJ:tamo.tdiary.net/%3Fcategory%3Dmutt+Debian+Mutt&hl=ja&gl=jp&ct=clnk&cd=20&lr=lang_ja&client=firefox,1
1166659513,1166659513,1,http://www.google.com/search?hl=ja&complete=1&q=mutt%20wiki&safe=off,1
1166789841,1166789841,1,http://www.google.co.jp/search?num=50&hl=ja&inlang=ja&ie=Shift_JIS&q=mutt+wiki&lr=lang_ja,1
1167064461,1167064461,1,http://www.google.co.jp/hws/search?hl=ja&q=mutt&client=fenrir&adsafe=off&safe=off&lr=all&btnG.x=30&btnG.y=7,1
1167387495,1167387495,1,http://www.google.co.jp/search?hl=ja&client=firefox&rls=org.mozilla%3Aja%3Aofficial&hs=tlM&q=mutt&btnG=Google+%E6%A4%9C%E7%B4%A2&lr=lang_ja,1
1167742122,1167742122,1,http://tamo.tdiary.net/20040429.html,1
1167803452,1167803452,1,http://www.google.co.jp/search?hl=ja&client=firefox&rls=org.mozilla%3Aja%3Aofficial&hs=N56&q=mutt&btnG=Google+%E6%A4%9C%E7%B4%A2&lr=,1
1167939631,1167939631,1,http://www.google.co.jp/search?q=mutt&sourceid=navclient-ff&ie=UTF-8&rlz=1B3GGGL_enJP204&aq=t,1
1170835999,1168003220,3,http://listserve.fg.k12.ri.us/?technology_announce@listserve.fg.k12.ri.us,1
1168384234,1168384228,2,http://www.google.co.jp/search?q=Mutt&ie=utf-8&oe=utf-8&rls=com.ubuntu:ja:official&client=firefox,1
1168390821,1168390821,1,http://www.google.co.jp/search?hl=ja&q=Mutt&btnG=Google+%E6%A4%9C%E7%B4%A2&lr=,1
1168573747,1168573747,1,http://www.google.com/search?q=inurl:%22pukiwiki/index.php%3FFrontPage%22&hl=ru&lr=&newwindow=1&start=30&sa=N,1
1197910579,1168665331,3,http://www.google.co.jp/search?hl=ja&q=mutt&btnG=Google+%E6%A4%9C%E7%B4%A2&lr=,1
1168671334,1168671334,1,http://www.google.com/search?hl=ja&q=mutt&btnG=Google+%E6%A4%9C%E7%B4%A2&lr=,1
1170771563,1170771563,1,http://www.google.co.jp/search?sourceid=navclient-ff&ie=UTF-8&rls=GGGL,GGGL:2006-12,GGGL:en&q=mutt,1
1168965174,1168965174,1,http://www.google.co.jp/search?aq=t&oq=&hl=ja&client=firefox&rls=com.ubuntu%3Aja%3Aofficial&hs=Cuy&q=Mutt&btnG=Google+%E6%A4%9C%E7%B4%A2&lr=lang_ja,1
1169326772,1169326772,1,http://search.www.infoseek.co.jp/OTitles?col=OW&qt=mutt-j+sourceforge&svp=SEEK&svx=100600,1
1169453700,1169453700,1,http://www.google.co.jp/search?client=firefox-a&rls=org.mozilla%3Aja-JP%3Aofficial&hl=ja&ie=Shift_JIS&q=mutt&btnG=Google+%8C%9F%8D%F5&lr=lang_ja,1
1169590864,1169590864,1,http://www.google.com/search?hl=ja&inlang=ja&ie=Shift_JIS&q=mutt-j+&btnG=Google+%8c%9f%8d%f5&lr=lang_ja,1
1170413817,1170413817,1,http://reader.livedoor.com/reader/,1
1170477783,1170477783,1,http://www.google.co.jp/search?q=mutt+-x+&ie=utf-8&oe=utf-8&rls=org.debian:ja:unofficial&client=firefox,1
1170692067,1170692067,1,http://tamo.tdiary.net/20040420.html,1
1172096283,1172096283,1,http://www.google.co.jp/search?q=mutt&hl=ja&lr=lang_ja&client=firefox&rls=org.mozilla:ja:official&hs=Hw7&start=20&sa=N,1
1172180781,1172180781,1,http://buxus.s31.xrea.com/pukiwiki/?Mutt,1
1172791774,1172791774,1,http://www.google.co.jp/search?hl=ja&q=mutt+spam&btnG=Google+%E6%A4%9C%E7%B4%A2&lr=,1
1204667002,1172883741,6,http://www.google.com/search?num=50&hl=ja&q=mutt&lr=lang_ja,1
1173079932,1173079932,1,http://www.google.com/search?num=50&hl=ja&safe=off&q=mutt+wiki&btnG=Google+%E6%A4%9C%E7%B4%A2&lr=lang_ja,1
1173170553,1173170553,1,http://ws.mobile.yahoo.co.jp/bin/search?p=DOGMA&of=&c=on&b=5&safe=0&age=&params=,1
1173387621,1173387621,1,http://search.yahoo.co.jp/search?p=mutt+IMAP&x=0&y=0&fr=top_v2&tid=top_v2&ei=euc-jp&search.x=1,1
1179085502,1174005355,4,http://www.google.co.jp/search?q=mutt&hl=ja&start=10&sa=N,1
1174016864,1174016864,1,http://tamo.tdiary.net/?year=2004;month=2Q;category=mutt,1
1174410192,1174410192,1,http://ws.mobile.yahoo.co.jp/bin/search?c=on&p=TAMO&k=,1
1174888348,1174888348,1,http://www.google.com/search?num=100&hl=ja&q=mutt&lr=lang_ja,1
1174999424,1174999424,1,http://www.google.co.jp/search?hl=ja&rlz=1B2RNFA_jaJP207JP209&q=mutt+wiki&btnG=Google+%E6%A4%9C%E7%B4%A2&lr=lang_ja,1
1175045060,1175045060,1,http://www.google.co.jp/search?q=mutt+&hl=ja&client=firefox&rls=org.mozilla:ja:official&hs=2O&start=10&sa=N,1
1175137855,1175137855,1,http://www.google.co.jp/search?hl=ja&rlz=1B2RNFA_jaJP207JP209&q=mutt%E3%80%80wiki&btnG=Google+%E6%A4%9C%E7%B4%A2&lr=lang_ja,1
1175138531,1175138531,1,http://www.google.co.jp/search?q=mutt&hl=ja&lr=lang_ja&rlz=1B2RNFA_jaJP207JP209&start=10&sa=N,1
1176932224,1176932224,1,http://www.google.co.jp/search?hl=ja&inlang=ja&ie=Shift_JIS&q=mutt+wiki&btnG=Google+%8c%9f%8d%f5&lr=,1
1176950748,1176950748,1,http://www.google.co.jp/search?q=mutt&sourceid=navclient-ff&ie=UTF-8&rls=GGGL,GGGL:2006-28,GGGL:ja,1
1177095883,1177095883,1,http://www.google.co.jp/search?q=mutt&start=0&ie=utf-8&oe=utf-8&client=firefox-a&rls=org.mozilla:en-US:official,1
1177479990,1177479990,1,http://www.google.co.jp/search?q=mutt+wiki&ie=utf-8&oe=utf-8&aq=t&rls=org.mozilla:en-US:official&client=firefox-a,1
1177689412,1177689412,1,http://www.google.com/search?q=mutt&hl=ja&client=safari&rls=ja-jp&start=10&sa=N,1
1178510231,1178510231,1,http://search.yahoo.co.jp/search?p=J+wiki&ei=UTF-8&fr=top_v2&x=wrt,1
1178559029,1178559029,1,http://www.google.co.jp/search?sourceid=navclient-ff&ie=UTF-8&rlz=1B2GGGL_jaJP205JP206&q=mutt+wiki,1
1178644559,1178644559,1,http://www.karashi.org/~poppen/d/?date=200408,1
1178827232,1178827232,1,http://www.google.co.jp/search?hl=ja&client=firefox&rls=org.mozilla%3Aja%3Aofficial&hs=L71&q=mutt+wiki&btnG=Google+%E6%A4%9C%E7%B4%A2&lr=lang_ja,1
1179188465,1179188465,1,http://ws.mobile.yahoo.co.jp/bin/search?p=%89p%8C%EA%82%C5%82%A2%82%BD%82%B8%82%E7&of=&c=on&b=5&safe=0&age=,1
1179871992,1179871992,1,http://www.google.co.jp/search?q=mutt-j+wiki&start=0&ie=utf-8&oe=utf-8&client=firefox&rls=org.mozilla:ja:official,1
1180045791,1180045791,1,http://www.google.co.jp/search?hl=ja&client=firefox&rls=org.mozilla:ja:official&hs=7ho&sa=X&oi=spell&resnum=0&ct=result&cd=1&q=mutt+wiki&spell=1,1
1180214316,1180214316,1,http://www.karashi.org/~poppen/d/200408.html,1
1191565877,1180672335,3,http://www.google.com/search?q=mutt&hl=ja&client=iceweasel-a&rls=org.debian:ja:unofficial&start=10&sa=N,1
1209123636,1180825138,3,http://www.chimdon.com/main/index.php?cmd=read&page=PC%2FNET%A4%CEetcetra%2F2007-06-03&word=mutt,1
1181143350,1181143350,1,http://www.google.co.jp/search?encode_hint=%A4%D7&q=mutt-j+wiki&hl=ja&ie=euc-jp&domains=sony.co.jp&sitesearch=&btnG=Google+%B8%A1%BA%F7,1
1181580320,1181580320,1,http://209.85.165.104/search?q=cache:pRjM0z0kb8IJ:mutt-j.sourceforge.jp/pukiwiki/index.php%3FMuttFaq%252FIMAP+IMAP+SSH&hl=ja&ct=clnk&cd=10&gl=jp&lr=lang_ja&client=firefox,1
1183409647,1183409647,1,http://www.google.co.jp/search?hl=ja&safe=off&q=mutt-j&btnG=%E6%A4%9C%E7%B4%A2&lr=lang_ja,1
1183763434,1183763434,1,http://search.goo.ne.jp/web.jsp?from=query&MT=mutt&DC=100,1
1184205289,1184205289,1,http://www.google.com/search?q=mutt&hl=ja&lr=lang_ja&client=opera&rls=ja&pwst=1&start=10&sa=N,1
1184692713,1184692713,1,http://pukiwiki.sourceforge.jp/?cmd=read&page=PukiWiki%2F%E6%B4%BB%E7%94%A8%E4%BA%8B%E4%BE%8B%2F%E3%83%AF%E3%83%BC%E3%82%AF%E3%82%B0%E3%83%AB%E3%83%BC%E3%83%97%E6%B4%BB%E5%8B%95%E3%81%AE%E5%9F%BA%E7%9B%A4%E3%81%A8%E3%81%97%E3%81%A6#v44ade88,1
1184746501,1184746501,1,http://www.google.co.jp/search?hl=ja&inlang=ja&ie=Shift_JIS&q=mutt+wiki&btnG=%8C%9F%8D%F5&lr=lang_ja,1
1185681351,1185681166,2,http://www.google.co.jp/search?num=50&lr=lang_ja&q=mutt,1
1186294410,1186294410,1,http://www.google.co.jp/search?hl=en&client=firefox-a&rls=org.mozilla%3Aen-US%3Aofficial&q=mutt+wiki&btnG=Search&lr=lang_ja,1
1186294750,1186294750,1,http://www.google.co.jp/search?q=wiki+mutt&lr=lang_ja&ie=utf-8&oe=utf-8&aq=t&rls=org.mozilla:ja:official&client=firefox-a,1
1199925530,1187202263,2,http://www.google.co.jp/search?hl=ja&inlang=ja&ie=Shift_JIS&q=mutt+wiki&btnG=%8C%9F%8D%F5&lr=,1
1187305398,1187305398,1,http://www.google.co.jp/search?q=mutt-j&ie=utf-8&oe=utf-8&aq=t&rls=org.mozilla:en-US:unofficial&client=firefox-a,1
1188881483,1188881483,1,http://www.google.co.jp/search?hl=ja&q=J+wiki&lr=,1
1190848230,1189743456,2,http://www.google.co.jp/search?q=mutt-j+wiki&ie=utf-8&oe=utf-8&aq=t&rls=org.mozilla:ja:official&client=firefox-a,1
1189793315,1189793315,2,http://search.live.com/previewx.aspx?q=J-COM++wiki&FORM=CBPW&first=1&noredir=1,1
1204693139,1190353443,3,http://www.google.com/search?client=safari&rls=ja-jp&q=mutt&ie=UTF-8&oe=UTF-8,1
1190755015,1190754801,3,http://www.google.com/search?q=mutt&hl=ja&start=10&sa=N,1
1191040072,1191040072,1,http://www.google.co.jp/search?q=mutt&hl=ja&lr=lang_ja&client=firefox-a&rls=org.mozilla:ja:official&hs=wYH&pwst=1&start=10&sa=N,1
1191308135,1191308135,1,http://www.google.co.jp/search?q=mutt&hl=ja&lr=&pwst=1&start=10&sa=N,1
1192077793,1192077793,1,http://www.google.com/search?hl=ja&client=opera&rls=ja&hs=RYd&q=mutt+wiki&btnG=%E6%A4%9C%E7%B4%A2&lr=,1
1193004632,1193004632,1,http://www.google.com/search?num=100&hl=ja&ie=sjis&oe=sjis&q=%83C%83%93%83e%83%8B+%83%60%83b%83v%83Z%83b%83g%81E%83%5C%83t%83g%83E%83F%83A%81E%83C%83%93%83X%83g%83%8C%81%5B%83V%83%87%83%93%81E%83%86%81%5B%83e%83B%83%8A%83e%83B%81%5B&filter=0,1
1193170501,1193170501,1,http://www.google.co.jp/search?q=wiki&hl=ja&lr=lang_ja&newwindow=1&start=410&sa=N,1
1193933233,1193933233,1,http://www.google.com/search?hl=ja&client=opera&rls=ja&hs=aa5&q=mutt+wiki&btnG=%E6%A4%9C%E7%B4%A2&lr=lang_ja,1
1193938012,1193938012,1,http://www.google.com/search?q=mutt+wiki,1
1194378020,1194378020,1,http://search.yahoo.co.jp/search?p=J++WIKI&x=0&y=0&fr=top_v2&tid=top_v2&ei=euc-jp&search.x=1,1
1195505575,1194432810,2,http://www.google.co.jp/search?q=mutt&hl=ja&lr=lang_ja&num=20&btnG=Google+%8C%9F%8D%F5,1
1194891727,1194891727,1,http://ehrlichisbush.com/map.html,1
1194946154,1194946154,1,http://www.google.co.jp/search?q=mutt&lr=lang_ja&ie=utf-8&oe=utf-8&aq=t&rls=org.mozilla:ja:unofficial&client=firefox-a,1
1194983208,1194983208,1,http://www.google.co.jp/search?q=mutt&hl=ja&lr=&inlang=ja&ie=UTF-8&start=10&sa=N,1
1195177817,1195177817,1,http://www.google.co.jp/search?q=mutt&ie=utf-8&oe=utf-8&aq=t&rls=com.ubuntu:en-US:official&client=firefox,1
1195251204,1195251204,1,http://www.google.co.jp/search?q=wiki+FrontPage&num=100&hl=ja&lr=lang_zh-CN%7Clang_ja&newwindow=1&start=100&sa=N,1
1195336701,1195336701,1,http://www.google.co.jp/search?q=wiki+FrontPage&num=100&hl=ja&lr=lang_zh-CN%7Clang_ja&newwindow=1&start=900&sa=N&filter=0,1
1195506185,1195506185,1,http://www.google.com/search?q=mutt+%E3%82%B9%E3%83%91%E3%83%A0&sourceid=ie7&rls=com.microsoft:en-US&ie=utf8&oe=utf8,1
1195507795,1195507795,1,http://www.google.co.jp/search?q=mutt+spam&lr=lang_ja&ie=utf-8&oe=utf-8&aq=t&rls=org.mozilla:ja:official&client=firefox,1
1195852692,1195852692,1,http://b.hatena.ne.jp/tacoppa/mutt/?mode=detail,1
1196186298,1196186298,1,http://clip.livedoor.com/clip/add?link=http%3A%2F%2Fmutt-j.sourceforge.jp%2Fpukiwiki%2Findex.php&title=FrontPage%20-%20mutt-j%20wiki,1
1196277589,1196277589,1,http://www.google.co.jp/search?hl=ja&client=firefox-a&channel=s&rls=org.mozilla%3Aen-US%3Aofficial&hs=Cia&q=mutt&btnG=%E6%A4%9C%E7%B4%A2&lr=lang_ja,1
1197064394,1197064394,1,http://www.google.com/search?hl=ja&q=mutt&btnG=%E6%A4%9C%E7%B4%A2&lr=,1
1211912825,1197090173,4,http://www.google.co.jp/search?q=mutt&lr=lang_ja&ie=utf-8&oe=utf-8&aq=t&rls=org.mozilla:ja:official&client=firefox-a,1
1197095732,1197095732,1,http://www.google.co.jp/search?hl=ja&q=mutt&lr=&btnG=Google+%E6%A4%9C%E7%B4%A2,1
1197175807,1197175807,1,http://johnchapmanmovie.com/map.html,1
1197400406,1197400406,1,http://10.158.160.51/wiki/index.php?mutt,1
1197576349,1197576349,1,http://www.google.co.jp/search?q=mutt&sourceid=navclient-ff&ie=UTF-8&rlz=1B3GGGL_jaJP251JP251,1
1242108564,1197671276,4,http://www.google.co.jp/search?hl=ja&q=mutt&btnG=%E6%A4%9C%E7%B4%A2&lr=lang_ja,1
1199124688,1197788873,2,http://www.google.co.jp/search?q=mutt&hl=ja&lr=lang_ja,1
1198063523,1198063523,1,http://www.google.co.jp/search?q=MUTT&btnG=%E6%A4%9C%E7%B4%A2&hl=ja,1
1217480469,1198553341,3,http://www.google.co.jp/search?hl=ja&q=mutt+wiki&btnG=%E6%A4%9C%E7%B4%A2&lr=lang_ja,1
1198689186,1198689186,1,http://www.google.co.jp/search?num=50&lr=lang_ja&q=mutt-j,1
1199125934,1199125934,1,http://www.google.co.jp/search?q=mutt%20&hl=ja&lr=lang_ja,1
1199267120,1199267120,1,http://del.icio.us/kj415?setcount=100,1
1199377542,1199377542,1,http://209.85.175.104/search?q=cache:bA6JhquAHqsJ:mutt-j.sourceforge.jp/pukiwiki/index.php%3FMuttFaq+mutt+imaps&hl=ja&ct=clnk&cd=12&gl=jp&lr=lang_ja&ie=UTF-8&inlang=ja,1
1199824259,1199824259,1,http://www.google.co.jp/search?q=%E3%82%B9%E3%83%91%E3%83%A0%E3%82%88%E3%81%91%E6%A9%9F%E8%83%BD&lr=lang_ja&ie=utf-8&oe=utf-8&aq=t&rls=org.mozilla:ja:official&client=firefox-a,1
1200240459,1200240459,1,http://sakurapup.browserloadofcoolness.com/posting.php,1
1200248370,1200248370,1,http://sakurapup.browserloadofcoolness.com/viewtopic.php?p=1190&sid=4155f4daa4c8f6e4dd61dd116dc478a2,1
1231204022,1200255154,11,http://sakurapup.browserloadofcoolness.com/viewtopic.php?t=372,1
1200945633,1200945633,1,http://www.google.co.jp/search?q=mutt+wiki&sourceid=navclient-ff&ie=UTF-8&rlz=1B3GGGL_jaJP240JP241,1
1201026468,1201026468,1,http://www.google.co.jp/search?hl=ja&q=-with-ssl+mutt&lr=lang_ja,1
1201035065,1201035054,2,http://www.google.co.jp/hws/search?hl=ja&q=mutt&client=fenrir&adsafe=off&safe=off&lr=lang_ja,1
1201125098,1201125098,1,http://www.google.co.jp/search?q=mutt&hl=ja&pwst=1&start=10&sa=N,1
1213815300,1201214004,2,http://pukiwiki.sourceforge.jp/?cmd=read&page=PukiWiki%2F%E6%B4%BB%E7%94%A8%E4%BA%8B%E4%BE%8B%2F%E3%83%AF%E3%83%BC%E3%82%AF%E3%82%B0%E3%83%AB%E3%83%BC%E3%83%97%E6%B4%BB%E5%8B%95%E3%81%AE%E5%9F%BA%E7%9B%A4%E3%81%A8%E3%81%97%E3%81%A6#bf3203d8,1
1201417648,1201417648,1,http://www.google.co.jp/search?q=mutt&sourceid=navclient-ff&ie=UTF-8&rlz=1B3GGGL_jaJP258JP258,1
1201542787,1201542614,2,http://search.yahoo.co.jp/search?p=mutt&ei=EUC-JP&fr=top_table&x=wrt,1
1202431615,1202431615,1,http://www.google.co.jp/search?hl=ja&lr=lang_ja&q=mutt,1
1202614615,1202614615,1,http://209.85.175.104/search?q=cache:PxcYnhTpTuoJ:mutt-j.sourceforge.jp/pukiwiki/+mutt&hl=ja&ct=clnk&cd=14&gl=jp,1
1202768281,1202768281,1,http://www.google.co.jp/search?q=mutt&lr=lang_ja&ie=utf-8&oe=utf-8&aq=t&rls=org.mozilla:ja:official&client=firefox,1
1202797906,1202797906,1,http://www.google.co.jp/search?hl=ja&client=firefox-a&rls=org.mozilla%3Aja%3Aofficial&hs=b6w&q=mutt+wiki&btnG=%E6%A4%9C%E7%B4%A2&lr=lang_ja,1
1202840132,1202840132,1,http://search.yahoo.co.jp/search?p=mutt+wiki&search.x=1&fr=top_ga1&tid=top_ga1&ei=UTF-8,1
1203130518,1203130518,1,http://www.google.co.jp/search?q=mutt&hl=ja&client=firefox-a&rls=org.mozilla:ja:unofficial&hs=MVL&start=10&sa=N,1
1203873878,1203873878,1,http://www.google.com/search?hl=ja&client=opera&rls=en&q=mutt&lr=lang_ja&um=1&ie=UTF-8&sa=N&tab=bw,1
1204340605,1204340605,1,http://search.yahoo.co.jp/search?p=mutt&ei=UTF-8&fr=top_ga1&x=wrt,1
1204587715,1204587715,1,http://search.yahoo.co.jp/search?p=mutt&search.x=1&fr=top_ga1&tid=top_ga1&ei=UTF-8,1
1204608795,1204608795,1,http://www.google.co.jp/search?hl=ja&q=mutt&btnG=%E6%A4%9C%E7%B4%A2&lr=,1
1204655734,1204655734,1,http://www.google.co.jp/search?hl=ja&q=mutt+spam&btnG=%E6%A4%9C%E7%B4%A2&lr=,1
1204825072,1204825072,1,http://search.yahoo.co.jp/search?p=mutt&ei=UTF-8&fr=top_ga1&x=wrt&meta=vc%3D,1
1205136974,1205136974,1,http://www.google.co.jp/search?num=20&hl=ja&client=firefox-a&rls=org.mozilla%3Aja%3Aofficial&hs=7H6&q=mutt&btnG=%E6%A4%9C%E7%B4%A2&lr=lang_ja,1
1217244757,1205140478,2,http://www.google.co.jp/search?q=mutt-j&ie=utf-8&oe=utf-8&aq=t&rls=org.mozilla:en-US:official&client=firefox-a,1
1205308436,1205308436,1,http://www.google.co.jp/search?q=mutt-j&lr=lang_ja&ie=utf-8&oe=utf-8&aq=t&rls=org.mozilla:ja:official&client=firefox-a,1
1205435175,1205435175,1,http://www.google.co.jp/search?q=mutt&hl=ja&client=firefox&rls=com.ubuntu:en-US:official&hs=lrL&start=10&sa=N,1
1205578512,1205578512,1,http://cvs.sourceforge.jp/cgi-bin/viewcvs.cgi/mutt-j/htdocs/index.html?rev=1.31,1
1205658733,1205658733,1,http://www.google.co.jp/search?num=100&hl=ja&inlang=ja&ie=Shift_JIS&q=mutt+wiki+-wikipedia&lr=lang_ja,1
1205770532,1205770532,1,http://www.google.co.jp/search?hl=ja&client=firefox-a&rls=org.mozilla%3Aen-US%3Aofficial&hs=Rm5&q=mutt&btnG=%E6%A4%9C%E7%B4%A2&lr=lang_ja,1
1205914170,1205914170,1,http://www.google.co.jp/search?num=100&hl=ja&q=mutt-j+&btnG=%E6%A4%9C%E7%B4%A2&lr=,1
1206126864,1206126864,1,http://www.google.co.jp/search?hl=ja&client=firefox-a&rls=org.mozilla%3Aja%3Aofficial&hs=s8u&q=mutt&btnG=%E6%A4%9C%E7%B4%A2&lr=lang_ja,1
1249518030,1207090508,6,http://alex.is.namco.co.jp/~nabe/url_list/,1
1207521103,1207521103,1,http://www.google.co.jp/search?hl=ja&client=firefox-a&rls=org.mozilla%3Aja%3Aofficial&hs=4J6&q=mutt&btnG=%E6%A4%9C%E7%B4%A2&lr=lang_ja,1
1207935112,1207935112,1,http://www.google.co.jp/search?hl=ja&rlz=1G1GGLQ_JAJP267&q=J+wiki&btnG=%E6%A4%9C%E7%B4%A2&lr=,1
1207971570,1207971570,1,http://www.megite.com/tag/messaging/clients/mutt,1
1430934015,1208197853,21,http://bloghome.lovepeers.org/daymemo2/20040820.html,1
1208245314,1208245314,1,http://search.livedoor.com/search/?c=ld_header_sb&ie=utf8&q=mutt&x=0&y=0,1
1208472058,1208472058,1,http://www.google.com/search?hl=ja&client=iceweasel-a&rls=org.debian%3Aja%3Aunofficial&q=+mutt&btnG=%E6%A4%9C%E7%B4%A2&lr=lang_ja,1
1208639016,1208638926,2,http://209.85.175.104/search?q=cache:ibOMdWfAxOIJ:pukiwiki.sourceforge.jp/%3FPukiWiki%252F%E6%B4%BB%E7%94%A8%E4%BA%8B%E4%BE%8B%252F%E3%83%AF%E3%83%BC%E3%82%AF%E3%82%B0%E3%83%AB%E3%83%BC%E3%83%97%E6%B4%BB%E5%8B%95%E3%81%AE%E5%9F%BA%E7%9B%A4%E3%81%A8%E3%81%97%E3%81%A6+%E3%83%A1%E3%83%BC%E3%83%AB%E3%82%AF%E3%83%A9%E3%82%A4%E3%82%A2%E3%83%B3%E3%83%88+%E3%83%97%E3%83%A9%E3%82%B0%E3%82%A4%E3%83%B3+pukiwiki&hl=ja&ct=clnk&cd=1&gl=jp,1
1208795223,1208795223,1,http://www.google.com/search?q=mutt&hl=ja&lr=&start=10&sa=N,1
1208877258,1208877258,1,http://www.google.co.jp/search?hl=ja&ie=Shift_JIS&q=mutt-j&btnG=Google+%8C%9F%8D%F5&lr=,1
1209476808,1209476808,1,http://www.google.co.jp/m/search?ie=Shift_JIS&mrestrict=chtml&q=mutt,1
1209705501,1209705501,1,http://www.google.co.jp/search?hl=ja&client=firefox-a&rls=org.mozilla%3Aen-US%3Aofficial&hs=gnG&q=mutt+&btnG=%E6%A4%9C%E7%B4%A2&lr=lang_ja,1
1209775318,1209775318,1,http://www.google.co.jp/search?hl=ja&q=mutt+&btnG=%E6%A4%9C%E7%B4%A2&lr=lang_ja,1
1251878692,1210016608,2,http://www.google.com/search?q=mutt+wiki&ie=utf-8&oe=utf-8&aq=t&rls=org.debian:ja:unofficial&client=iceweasel-a,1
1210392961,1210148434,3,http://del.icio.us/yazu,1
1210215663,1210215663,1,http://search.yahoo.co.jp/search?p=I%2CJ+wiki&ei=UTF-8&fr=top_ga1&x=wrt,1
1210316787,1210316787,1,http://del.icio.us/yazu/mutt,1
1211491798,1211491798,1,http://www.google.co.jp/search?q=mutt&num=100&hl=ja&rls=GGLD,GGLD:2004-44,GGLD:ja&lr=lang_ja&sa=X&oi=lrtip&ct=restrict&cad=7,1
1211511606,1211511606,1,http://www.google.co.jp/search?hl=ja&safe=active&rlz=1G1GGLQ_JAJP263&q=mutt&start=10&sa=N,1
1211833794,1211833794,1,http://www.google.co.jp/search?hl=ja&lr=lang_ja&client=firefox-a&rls=org.mozilla:ja:official&hs=y9W&q=mutt&start=10&sa=N,1
1212076618,1212076618,1,http://www.google.com/search?hl=ja&lr=lang_ja&ie=UTF-8&oe=UTF-8&q=mutt-j+wiki&num=50,1
1212429081,1212429081,1,http://www.google.com/search?hl=ja&client=iceweasel-a&rls=org.debian%3Aja%3Aunofficial&q=mutt&btnG=%E6%A4%9C%E7%B4%A2&lr=lang_ja,1
1212631009,1212631009,1,http://www.google.co.jp/search?q=mutt+spam&ie=utf-8&oe=utf-8&aq=t&rls=com.ubuntu:ja:unofficial&client=firefox-a,1
1212742976,1212742976,1,http://www.google.com/search?q=mutt&num=100&hl=ja&client=opera&rls=ja&hs=3Ig&lr=lang_ja&sa=X&oi=lrtip&ct=restrict&cad=7,1
1276619272,1212969288,21,http://www.tagus.org/pukiwiki/index.php?Mutt,1
1213204237,1213204237,1,http://www.google.co.jp/search?hl=ja&client=firefox-a&rls=org.mozilla%3Aja%3Aofficial&hs=ogH&q=mutt-j&btnG=%E6%A4%9C%E7%B4%A2&lr=lang_ja,1
1213541803,1213541803,1,http://search.live.com/results.aspx?q=mutt+%E6%B7%BB%E4%BB%98&src=IE-SearchBox,1
1213962825,1213962825,1,http://www.google.co.jp/search?hl=ja&lr=&q=mutt&start=20&sa=N,1
1214584330,1214584330,1,http://ezsch.ezweb.ne.jp/search/?sr=0101&query=mutt,1
1227745829,1216934806,2,http://b.hatena.ne.jp/init5/mutt/?mode=detail,1
1218745595,1218745595,1,http://www.google.com/search?q=mutt,1
1219108591,1219108591,1,http://www.google.com/search?hl=ja&lr=lang_ja&q=mutt&start=10&sa=N,1
1254349877,1219306052,6,http://www.google.co.jp/search?hl=ja&lr=&q=mutt&start=10&sa=N,1
1219484086,1219484086,1,http://www.google.co.jp/search?q=mutt-j&ie=utf-8&oe=utf-8&aq=t&rls=com.ubuntu:ja:unofficial&client=firefox-a,1
1259288523,1220843529,3,http://www.google.co.jp/search?q=mutt-j&lr=lang_ja&ie=utf-8&oe=utf-8&aq=t&rls=org.mozilla:ja:official&client=firefox,1
1221509580,1221509580,1,http://sakurapup.browserloadofcoolness.com/viewtopic.php?p=1202&sid=10a83f406537d67c6b5280645baa9000,1
1222210790,1222210790,1,http://www.google.co.jp/search?q=tamo+mutt&ie=utf-8&oe=utf-8&aq=t&rls=com.ubuntu:ja:unofficial&client=firefox-a,1
1223401123,1223401123,1,http://b.hatena.ne.jp/drumsco/s-lang/,1
1223686635,1223686635,1,http://www.google.co.jp/search?hl=ja&ie=Shift_JIS&q=mutt+wiki&btnG=Google+%8C%9F%8D%F5&lr=lang_ja,1
1223973214,1223973214,1,http://www.google.com/search?ndsp=20&hl=ja&pwst=1&q=mutt&start=10&sa=N,1
1224786502,1224786502,1,http://www.google.co.jp/search?q=mutt&ie=UTF-8&oe=UTF-8&client=safari,1
1225227606,1225227606,1,http://10.160.168.174/wiki/index.php?mutt,1
1225389427,1225389427,1,http://www.google.co.jp/search?hl=ja&ie=Shift_JIS&q=mutt%09%09&btnG=Google+%8C%9F%8D%F5&lr=lang_ja,1
1225393291,1225393291,1,http://www.google.co.jp/search?hl=ja&q=mutt&btnG=Google+%E6%A4%9C%E7%B4%A2&lr=&aq=f&oq=,1
1225481860,1225481860,1,http://www.google.co.jp/search?hl=ja&inlang=ja&ie=Shift_JIS&q=mutt&btnG=%8C%9F%8D%F5&lr=lang_ja,1
1233282198,1225527355,2,http://green.search.goo.ne.jp/search?MT=mutt&IE=UTF-8&OE=EUC-JP&from=eco_plugin,1
1225751584,1225751584,1,http://www.google.co.jp/search?hl=ja&q=mutt&lr=&aq=f&oq=,1
1225870480,1225870480,1,http://www.google.co.jp/search?hl=ja&rlz=1G1GGLQ_JAJP274&q=mutt+wiki&btnG=%E6%A4%9C%E7%B4%A2&lr=lang_ja,1
1226803293,1226223432,2,http://bookmarks.yahoo.co.jp/hondorz/tag/Mutt,1
1226631340,1226631340,1,http://www.google.co.jp/search?q=mutt++--enable-locales-fix&ie=utf-8&oe=utf-8&aq=t&rls=com.ubuntu:ja:unofficial&client=firefox-a,1
1226642332,1226642332,1,http://www.google.co.jp/search?hl=ja&safe=off&q=mutt-j&btnG=%E6%A4%9C%E7%B4%A2&lr=,1
1228236943,1228236943,1,http://www.google.co.jp/search?q=Mutt&hl=ja&sourceid=gd&rlz=1Q1GGLD_jaJP297JP297&aq=t,1
1235274395,1229526369,3,http://www.karashi.org/~poppen/d/0823.html,1
1229990251,1229990251,1,http://tamo.tdiary.net/20051021.html,1
1231190206,1231190206,1,http://friendfeed.com/?start=150,1
1231570639,1231570639,1,http://shimi.info/pukiwiki/?cmd=read&page=Mutt&word=Cygwin,1
1232381445,1232381445,1,http://www.google.co.jp/search?q=mutt&sourceid=navclient-ff&ie=UTF-8&rlz=1B3GGGL_jaJP293JP293&aq=t,1
1232766684,1232766684,1,http://www.google.co.jp/search?q=mutt&ie=utf-8&oe=utf-8&aq=t&rls=org.mozilla:en-US:official&client=firefox-a,1
1232856175,1232856175,1,http://cvs.sourceforge.jp/cgi-bin/viewcvs.cgi/mutt-j/htdocs/index.html?revision=1.28,1
1233083298,1233083298,1,http://www.google.co.jp/search?sourceid=navclient&hl=ja&ie=UTF-8&rlz=1T4DAJP_jaJP312JP219&q=J-wiki,1
1233444950,1233444950,1,http://www.google.co.jp/search?hl=ja&q=J-WIKI&btnG=Google+%E6%A4%9C%E7%B4%A2&lr=&aq=f&oq=,1
1234233027,1234233027,1,http://209.85.175.132/search?q=cache:HQBLSfVbb0EJ:mutt-j.sourceforge.jp/pukiwiki/%3FMaildirFormat%252FSpecification+MailDir+NFS&hl=ja&ct=clnk&cd=9,1
1234468620,1234468620,1,http://search.msn.com/results.aspx?q=mutt&form=QBRE,1
1235977304,1235977304,1,http://www.google.co.jp/search?q=muttwiki&btnG=%E6%A4%9C%E7%B4%A2&lr=lang_ja&hl=ja,1
1236728201,1236728201,1,http://www.google.co.jp/hws/search?hl=ja&q=mutt+wiki&client=fenrir&adsafe=off&safe=off&lr=lang_ja,1
1237272076,1237271559,2,http://kamicopi.net/?t=7499&d=176553,1
1237612932,1237612932,1,http://72.14.235.132/search?q=cache:T6sFSw_6q_YJ:www.tagus.org/pukiwiki/index.php%3FMutt+mutt+Etch&cd=6&hl=ja&ct=clnk&gl=jp&lr=lang_ja,1
1238090256,1238090256,1,http://www.google.co.jp/search?q=mutt+&sourceid=navclient-ff&ie=UTF-8&rlz=1B3GGGL_jaJP280JP280,1
1238312907,1238312907,1,http://www.google.com/search?client=safari&rls=ja-jp&q=mutt-j&ie=UTF-8&oe=UTF-8,1
1238315162,1238313794,7,http://b.hatena.ne.jp/entrylist?sort=eid&url=http%3A%2F%2Fmutt-j.sourceforge.jp%2F,1
1238850803,1238850803,1,http://finch.ploogy.net/,1
1239220526,1239220526,1,http://www.google.co.jp/search?hl=en&safe=off&q=mutt+wiki+%E3%81%AF&btnG=Search&lr=lang_en%7Clang_ja,1
1239303995,1239303995,1,http://www.google.co.jp/search?hl=ja&q=j-wiki&lr=,1
1239312092,1239312092,1,http://pukiwiki.sourceforge.jp/,1
1240281975,1240281975,1,http://www.google.co.jp/search?q=mutt&hl=ja&lr=lang_ja&client=firefox-a&rls=org.mozilla:ja:official&start=10&sa=N,1
1240350212,1240350212,1,http://www.google.co.jp/search?q=mutt&hl=ja&lr=lang_ja&client=firefox-a&rls=org.mozilla:ja:official&hs=MpB&start=10&sa=N,1
1240454889,1240454889,1,http://yxniowrjl.hostaim.com/qundi.html,1
1241725130,1241725130,1,http://www.google.co.jp/search?q=j-wiki&ie=utf-8&oe=utf-8&aq=t&rls=org.mozilla:ja:official&client=firefox-a,1
1241981856,1241981706,2,http://www.google.com/search?q=mutt%20%E6%9C%AA%E8%AA%AD,1
1242004494,1242004494,1,http://www.google.co.jp/search?q=mutt-j&lr=lang_ja&ie=utf-8&oe=utf-8&aq=t&rls=org.mozilla:ja-JP-mac:official&client=firefox-a,1
1242175223,1242074247,2,http://www.google.co.jp/search?hl=ja&q=mutt+wiki&btnG=Google+%E6%A4%9C%E7%B4%A2&lr=&aq=f&oq=,1
1242487996,1242487996,1,http://www.google.co.jp/search?hl=ja&ie=Shift_JIS&q=mutt-j&btnG=Google+%8C%9F%8D%F5&lr=lang_ja,1
1244655166,1244655166,1,http://phoenix.xtr.jp/pukiwiki/pukiwiki.php?cmd=edit&page=RSS,1
1245441295,1245351581,2,http://www.google.co.jp/search?q=mutt+wiki&btnG=%E6%A4%9C%E7%B4%A2&lr=lang_ja&hl=ja,1
1291559190,1245819914,4,http://www.google.co.jp/search?q=mutt&ie=utf-8&oe=utf-8&aq=t&rls=org.mozilla:ja:official&client=firefox-a,1
1246217869,1246217869,1,http://www.google.co.jp/search?q=mutt-j&hl=ja&lr=lang_ja,1
1246764697,1246764697,1,http://www.tagus.org/docs/mutt?set_language=en&cl=en,1
1249936444,1249936444,1,http://www.google.co.jp/search?q=mutt&hl=ja&client=firefox-a&rls=com.ubuntu:en-US:unofficial&hs=EgP&start=10&sa=N,1
1250809319,1250809319,1,http://www.google.com/search?hl=ja&num=50&q=mutt+faq+wiki&lr=lang_ja,1
1250815999,1250815999,1,http://www.google.co.jp/search?hl=ja&q=MUTT+%E6%9C%AA%E8%AA%AD&btnG=%E6%A4%9C%E7%B4%A2&lr=lang_ja,1
1251230490,1251230490,1,http://www.google.co.jp/search?num=50&hl=ja&ie=utf-8&oe=utf-8&lr=lang_ja&q=mutt+%E3%83%A1%E3%83%BC%E3%83%AB%E3%83%9C%E3%83%83%E3%82%AF%E3%82%B9%E3%81%8C%E3%81%AA%E3%81%84,1
1251478171,1251478171,1,http://www.google.co.jp/search?q=mutt-j&lr=lang_ja&ie=utf-8&oe=utf-8&aq=t&rlz=1R1GGGL_ja___JP331&client=firefox-a,1
1251502223,1251502223,1,http://www.google.co.jp/search?hl=ja&source=hp&ie=Shift_JIS&q=mutt-j&btnG=Google+%8C%9F%8D%F5&lr=,1
1252439413,1252439413,1,http://74.125.153.132/search?q=cache%3AYDCdeZIhbvcJ%3Amutt-j.sourceforge.jp%2F%2Fpukiwiki%2Findex.php%3FMuttFaq%252FMacro,1
1254239307,1254239307,1,http://www.google.co.jp/search?hl=ja&lr=lang_ja&client=firefox-a&rls=org.mozilla:ja:official&hs=2WK&tbo=p&tbs=qdr:y15&q=mutt&start=10&sa=N,1
1254621002,1254621002,1,http://www.google.com/search?client=safari&rls=en&q=mutt-j&ie=UTF-8&oe=UTF-8,1
1255284228,1255284228,1,http://www.google.co.jp/search?hl=en&q=mutt&sourceid=navclient-ff&rlz=1B3GGGL_enJP331JP332&ie=UTF-8&as_qdr=y15,1
1255556137,1255556137,1,http://www.google.co.jp/search?q=mutt+wiki&lr=lang_ja&ie=utf-8&oe=utf-8&aq=t&rls=org.mozilla:ja:official&client=firefox-a,1
1256057890,1256057890,1,http://www.google.co.jp/search?source=ig&hl=en&rlz=&q=mutt-j&meta=lr%3Dlang_en%7Clang_ja&aq=f&oq=,1
1256237607,1256237607,1,http://www.google.com/search?hl=ja&source=hp&ie=Shift_JIS&q=mutt&btnG=Google+%8C%9F%8D%F5&lr=,1
1257140534,1257140534,1,http://www.google.co.jp/search?q=mutt+wiki&btnG=%E6%A4%9C%E7%B4%A2&hl=ja&lr=&safe=off&sa=2,1
1257141271,1257141271,1,http://www.google.com/search?hl=ja&lr=lang_ja&rlz=1G1GGLQ_JAXX253&q=%22mutt%22&start=10&sa=N&tbo=1,1
1257221610,1257221610,1,http://sakurapup.browserloadofcoolness.com/viewtopic.php?p=9734&sid=c2859f39492a4125bef47277c7c95e26,1
1257889122,1257889122,1,http://www.google.co.jp/search?sourceid=navclient&hl=ja&ie=UTF-8&rlz=1T4GFRC_jaJP317&q=SPAM%e3%83%95%e3%83%a9%e3%82%b0%e3%81%8c%e4%bb%98%e3%81%8f%e3%81%ae%e3%81%af%e4%bd%95%e6%95%85,1
1258131591,1258131591,1,http://www.google.co.jp/search?hl=ja&q=mutt+wiki&lr=lang_ja,1
1364102864,1258981368,13,http://masao.jpn.org/d/2005-06.html,1
1259180263,1259180263,1,http://sakurapup.browserloadofcoolness.com/viewtopic.php?f=30&t=1215&p=9741&sid=b8bbed4653b233181b44e516650ecbf8,1
1259479418,1259479418,1,http://www.google.co.jp/search?hl=ja&q=mutt-j&btnG=%E6%A4%9C%E7%B4%A2&lr=&aq=f&oq=,1
1260619631,1260619631,1,http://www.google.co.jp/search?hl=ja&source=hp&q=mutt-j&btnG=Google+%E6%A4%9C%E7%B4%A2&lr=&aq=f&oq=,1
1264236368,1264236368,1,http://www.google.co.jp/search?hl=ja&safe=off&q=mutt+spam&btnG=%E6%A4%9C%E7%B4%A2&lr=&aq=f&oq=,1
1264275229,1264275229,1,http://reader.livedoor.com/subscribe/http://mutt-j.sourceforge.jp/pukiwiki/index.php?FrontPage,1
1265312755,1265312755,1,http://74.125.153.132/search?q=cache:S69I1cw0xUAJ:sakurapup.browserloadofcoolness.com/viewtopic.php%3Fp%3D7496%26sid%3D300db005e184e4b2cf797234873dafbb+linux+%E3%82%B3%E3%83%9E%E3%83%B3%E3%83%89+mail+%E9%80%81%E4%BF%A1+mutt+pet&cd=1&hl=ja&ct=clnk&gl=jp,1
1265453953,1265453314,2,http://www.google.co.jp/search?q=mutt+&ie=utf-8&oe=utf-8&aq=t&rls=org.mozilla:ja:official&hl=ja&client=firefox-a&as_qdr=y15,1
1265684783,1265684783,1,http://delicious.com/mo0f,1
1265772012,1265772012,1,http://www.google.co.jp/search?hl=ja&q=mutt+%22%E3%83%A1%E3%83%BC%E3%83%AB%E3%83%9C%E3%83%83%E3%82%AF%E3%82%B9%E4%B8%80%E8%A6%A7%22&btnG=%E6%A4%9C%E7%B4%A2&lr=&aq=f&oq=,1
1267153831,1267153831,1,http://www.google.co.jp/search?q=mutt+wiki&btnG=%E6%A4%9C%E7%B4%A2&hl=ja&lr=&safe=off&client=firefox-a&rls=com.ubuntu%3Aja%3Aofficial&sa=2,1
1357258041,1269632630,3,http://kjunichi.cocolog-nifty.com/misc/,1
1270756196,1270756196,1,http://www.google.co.jp/search?source=ig&hl=ja&rlz=&=&q=Mutt&meta=lr%3D&aq=f&aqi=g-r10&aql=&oq=&gs_rfai=,1
1297719199,1271954978,3,http://www.google.co.jp/search?q=mutt&ie=utf-8&oe=utf-8&aq=t&rls=org.mozilla:ja:official&hl=ja&client=firefox-a,1
1272331565,1272331565,1,http://b.hatena.ne.jp/sin1/,1
1274300315,1274300315,1,http://www.google.co.jp/search?q=mutt+%E6%9C%AA%E8%AA%AD%E3%83%A1%E3%83%BC%E3%83%AB&btnG=%E6%A4%9C%E7%B4%A2&hl=ja&lr=&client=firefox-a&rls=org.mozilla%3Aja%3Aofficial&channel=s&sa=2,1
1275404694,1275404694,1,http://www.google.co.jp/search?q=mutt+wiki&hl=ja&client=firefox-a&hs=Skw&rls=org.mozilla:ja:official&source=lnt&tbs=lr:lang_1ja&lr=lang_ja&ei=F6AFTLyLFIKdcYPHmPQE&sa=X&oi=tool&resnum=1&ct=tlink&ved=0CAYQpwU,1
1276714599,1276714599,1,http://www.google.co.jp/search?q=mutt+%E6%9C%AA%E8%AA%AD&hl=ja&ie=utf-8&btnG=Google,1
1276734676,1276734676,1,http://www.google.co.jp/search?hl=ja&lr=lang_ja&client=firefox-a&rls=org.mozilla%3Aja%3Aofficial&tbs=lr%3Alang_1ja&q=JWiki&aq=f&aqi=&aql=&oq=&gs_rfai=,1
1277151219,1277151219,1,http://www.google.com/search?num=30&hl=ja&q=mutt+&aq=f&aqi=g10&aql=&oq=&gs_rfai=,1
1277258633,1277258633,1,http://www.google.co.jp/search?q=jwiki&hl=ja&client=safari&rls=en&source=lnt&tbs=lr:lang_1ja&lr=lang_ja&sa=X&ei=EOohTJaRC9KVcaS_oCI&ved=0CAcQpwU,1
1277915464,1277915464,1,http://webcache.googleusercontent.com/search?q=cache:7woLCsXraDwJ:www.tagus.org/docs/mutt+mutt+%E4%BD%9C%E6%88%90%E3%81%99%E3%82%8B%E3%81%8B%EF%BC%9F&cd=8&hl=ja&ct=clnk&gl=jp,1
1278535007,1278535007,1,http://www.google.co.jp/search?hl=ja&lr=lang_ja&tbs=lr%3Alang_1ja&q=mutt+%E3%82%A4%E3%83%B3%E3%83%87%E3%83%83%E3%82%AF%E3%82%B9&aq=f&aqi=&aql=&oq=&gs_rfai=&gs_upl=16823%2C1464%2C12%2C1%2C131%2C497%2C2%2C9%2C4%3A1,1
1280357303,1280357303,1,http://www.google.com/search?q=mutt-j+wiki+&ie=utf-8&oe=utf-8&aq=t&rls=org.mozilla:ja:official&client=firefox-a,1
1280390151,1280390151,1,http://www.google.co.jp/search?aq=f&sourceid=chrome&ie=UTF-8&q=mutt,1
1280692448,1280692448,1,http://www.google.co.jp/search?num=100&hl=ja&lr=lang_ja&as_qdr=all&tbs=lr%3Alang_1ja&q=mutt+wiki&aq=f&aqi=&aql=&oq=&gs_rfai=,1
1280764488,1280764488,1,http://www.google.co.jp/search?hl=ja&source=hp&ie=Shift_JIS&q=mutt+%96%A2%93%C7%88%EA%97%97%09&btnG=Google+%8C%9F%8D%F5,1
1280768607,1280768607,1,http://www.google.co.jp/search?hl=ja&source=hp&q=mutt&lr=&aq=f&aqi=&aql=&oq=&gs_rfai=,1
1281036072,1281036059,2,http://www.google.co.jp/search?hl=ja&lr=lang_ja&tbs=lr%3Alang_1ja&q=mutt+ip&aq=f&aqi=&aql=&oq=&gs_rfai=,1
1281762406,1281762406,1,http://www.google.com/search?q=mutt&hl=ja&prmd=i&ei=2KJmTMyeDILWvQOMvuz9Aw&start=30&sa=N,1
1282529816,1282529816,1,http://www.google.co.jp/search?q=jwiki&hl=ja&safe=off&client=firefox&hs=TiV&rls=org.mozilla:ja-JP-mac:official&source=lnt&tbs=lr:lang_1ja&lr=lang_ja&sa=X&ei=oVhyTPaIMsqecbfT9cQN&ved=0CAcQpwU,1
1283291128,1283291128,1,http://www.google.co.jp/search?hl=ja&client=firefox-a&hs=LO2&rls=org.mozilla%3Aja%3Aofficial&q=mutt+&aq=f&aqi=g10&aql=&oq=&gs_rfai=,1
1283363637,1283363637,1,http://www.google.com/search?q=jwiki&btnG=%E6%A4%9C%E7%B4%A2&hl=ja&rlz=1G1GGLQ_JAJP372&sa=2,1
1284493038,1284493038,1,http://www.google.com/search?q=jwiki&rls=com.microsoft:*&ie=UTF-8&oe=UTF-8&startIndex=&startPage=1,1
1284997768,1284997768,1,http://www.google.co.jp/search?hl=ja&lr=lang_ja&tbs=lr%3Alang_1ja&q=mutt+wiki&aq=f&aqi=&aql=&oq=&gs_rfai=,1
1285117463,1285117463,1,http://www.google.co.jp/search?hl=ja&rlz=1C1FRSC_jaJP370JP370&q=php+jwiki&aq=f&aqi=&aql=&oq=&gs_rfai=,1
1287726176,1287726176,1,http://www.google.co.jp/search?q=mutt&num=50&hl=ja&client=firefox-a&hs=xYJ&rls=org.mozilla:ja:official&prmd=ib&lr=lang_ja&sa=X&ei=xKLBTObOEYKWcZuZuNgL&ved=0CBwQuAE,1
1287799306,1287799306,1,http://www.google.co.jp/search?client=safari&rls=en&q=mutt-j&ie=UTF-8&oe=UTF-8&redir_esc=&ei=l8DCTJ-VCYGivQPSgsTACA,1
1287862411,1287862411,1,http://zalogdamascus.ru/,1
1295574250,1288635580,2,http://www.google.com/search?client=ubuntu&channel=fs&q=mutt+wiki&ie=utf-8&oe=utf-8,1
1289262049,1289262049,1,http://www.google.co.jp/search?q=mutt-j&ie=utf-8&oe=utf-8&aq=t&rls=org.mozilla:ja:official&client=firefox-a,1
1290052166,1290052166,1,http://www.google.co.jp/search?q=mutt-j&ie=utf-8&oe=utf-8&aq=t&rls=org.mozilla:ja:official&hl=ja&client=firefox,1
1292231419,1292231419,1,http://www.google.com/search?q=mutt%2Dj&hl=en&sourceid=gd&rlz=1D1GGLD_jaJP391JP391,1
1292298472,1292298472,1,http://www.google.com/search?q=mutt%2Dj+%E6%97%A5%E6%9C%AC%E8%AA%9E&hl=en&sourceid=gd&rlz=1D1GGLD_jaJP391JP391,1
1292378107,1292378107,1,http://www.google.co.jp/search?hl=ja&safe=off&client=safari&rls=en&q=mutt+%E7%B7%A8%E9%9B%86&aq=f&aqi=&aql=&oq=&gs_rfai=,1
1292606269,1292606269,1,http://www.google.co.jp/search?hl=ja&q=jwiki&aq=f&aqi=g1g-s1g6g-s1g1&aql=&oq=&gs_rfai=,1
1293338322,1293338322,1,http://www.google.co.jp/search?hl=ja&client=safari&rls=en&q=mutt+%E3%83%95%E3%83%A9%E3%82%B0%E3%81%8C&aq=f&aqi=&aql=&oq=&gs_rfai=,1
1293598104,1293598104,1,http://www.google.com/search?q=mutt&num=50&ie=utf-8&oe=utf-8,1
1294066978,1294066974,3,http://djusupov.info/,1
1294806565,1294806565,1,http://www.google.co.jp/search?sourceid=chrome&ie=UTF-8&q=mutt+%E3%83%90%E3%83%83%E3%82%AF%E3%82%A2%E3%83%83%E3%83%97,1
1295305633,1295215420,2,http://www.google.co.jp/search?hl=ja&source=hp&ie=Shift_JIS&q=mutt+wiki&btnG=Google+%8C%9F%8D%F5,1
1297897779,1297897779,1,https://sites.google.com/site/tehnogame,1
1299193131,1299193131,1,http://www.google.co.jp/search?client=firefox-a&rls=org.gentoo%3Aen-US%3Aofficial&channel=s&hl=ja&source=hp&q=mutt&lr=&btnG=Google+%E6%A4%9C%E7%B4%A2,1
1299604747,1299604747,1,http://www.google.com/search?hl=ja&lr=lang_ja&safe=off&tbs=lr%3Alang_1ja&q=mutt+wiki&aq=f&aqi=&aql=&oq=,1
1299772674,1299772674,1,http://alexporto.biz/,1
1300138060,1300138060,1,http://www.google.co.jp/search?q=jWiki&hl=ja&client=firefox&hs=wZO&rls=org.mozilla:ja-JP-mac:official&prmd=ivns&source=lnt&tbs=lr:lang_1ja&lr=lang_ja&sa=X&ei=1QZ_TcXUGI_qvQOK_OzfBw&ved=0CAcQpwUoAQ,1
1301258721,1301258721,1,http://www.google.co.jp/search?q=mutt+%E3%83%A1%E3%83%BC%E3%83%AB%E3%83%9C%E3%83%83%E3%82%AF%E3%82%B9&hl=ja&prmd=ivns&ei=sR-QTYYTho9xrsvolgo&start=10&sa=N,1
1301297936,1301297936,1,http://www.google.co.jp/search?q=mutt&hl=ja&lr=lang_ja&tbs=lr:lang_1ja&prmd=ivns&ei=zLWQTb_wC5KGvAPSt5C9DQ&start=20&sa=N,1
1301938384,1301938384,1,http://www.google.co.jp/search?q=mutt+wiki&hl=ja&client=firefox-a&hs=gbH&rls=org.mozilla:ja-JP-mac:official&prmd=ivns&source=lnt&tbs=lr:lang_1ja&lr=lang_ja&sa=X&ei=VX-aTbzkPM3JcZqPgdQF&ved=0CAcQpwUoAQ,1
1302073045,1302073045,1,http://www.google.co.jp/url?sa=t&source=web&cd=3&ved=0CDIQFjAC&url=http%3A%2F%2Fmutt-j.sourceforge.jp%2Fpukiwiki%2F&rct=j&q=Jwiki&ei=Qo2cTaGCFJC4vQOYp6TSBg&usg=AFQjCNFffr0Ao52LnlAASvU8toTmv6NmpA,1
1302618799,1302618799,1,http://www.google.co.jp/search?client=safari&rls=en&q=jwiki&ie=UTF-8&oe=UTF-8&redir_esc=&ei=OuGkTbLuLcaurAe05ZTpCQ,1
1302759684,1302759684,1,http://www.google.co.jp/search?hl=ja&client=firefox-a&hs=Xv3&rls=org.mozilla%3Aja-JP-mac%3Aofficial&q=mutt+wiki&aq=f&aqi=&aql=&oq=,1
1304191111,1304191111,1,http://www.google.co.jp/url?sa=t&source=web&cd=5&ved=0CEEQFjAE&url=http%3A%2F%2Fmutt-j.sourceforge.jp%2Fpukiwiki%2F&rct=j&q=jwiki&ei=rN68TYf1G4_ovQP8q7TUBQ&usg=AFQjCNFffr0Ao52LnlAASvU8toTmv6NmpA,1
1306150176,1306150176,1,http://www.google.co.jp/url?sa=t&source=web&cd=3&ved=0CCkQFjAC&url=http%3A%2F%2Fmutt-j.sourceforge.jp%2Fpukiwiki%2F&rct=j&q=mutt-j&ei=qcPaTeH6OIPCvgOnu-ivBw&usg=AFQjCNFffr0Ao52LnlAASvU8toTmv6NmpA&cad=rja,1
1307233677,1307233677,1,http://yandex.ru/yandsearch?text=the+business+logic+Getting,1
1307727122,1307727122,1,http://www.google.co.jp/search?q=mutt+spam&hl=ja&prmd=ivns&source=lnt&tbs=lr:lang_1ja&lr=lang_ja&sa=X&ei=CdHyTdTrCYqGvAPR--jmBg&ved=0CAcQpwUoAQ&biw=1680&bih=836&cad=cbv,1
1307910923,1307910923,1,http://search.yahoo.co.jp/search?p=%E3%81%AA%E3%81%9C%E3%83%A1%E3%83%BC%E3%83%AB%E3%81%AB%E3%83%95%E3%83%A9%E3%82%B0%E3%81%8C%E3%81%A4%E3%81%8F%E3%81%AE%EF%BC%9F&search.x=1&fr=top_ga1_sa&tid=top_ga1_sa&ei=UTF-8&aq=&oq=,1
1421110845,1309704662,8,http://www.tagus.org/modules/xpwiki/?LinuxDoc%2FMutt,1
1311849523,1311849523,1,http://www.google.co.jp/search?hl=ja&source=hp&biw=1022&bih=698&q=mutt+wiki&oq=mutt+wiki&aq=f&aqi=&aql=&gs_sm=e&gs_upl=3219l12372l0l12640l11l11l2l3l3l0l322l1159l1.2.2.1l6l0,1
1316850668,1316850668,1,http://www.google.co.jp/url?sa=t&source=web&cd=5&ved=0CFsQFjAE&url=http%3A%2F%2Fmutt-j.sourceforge.jp%2Fpukiwiki%2F&rct=j&q=mutt&ei=cgp-TvW3LOH6mAWx0qCjBQ&usg=AFQjCNFffr0Ao52LnlAASvU8toTmv6NmpA&sig2=vPp3Z3F5CIRWgsLoUUdMVQ&cad=rja,1
1316852573,1316852573,1,http://www.google.co.jp/url?sa=t&source=web&cd=5&ved=0CF0QFjAE&url=http%3A%2F%2Fmutt-j.sourceforge.jp%2Fpukiwiki%2F&rct=j&q=mutt&ei=5hF-TqHiL8XmmAWnzumiBQ&usg=AFQjCNFffr0Ao52LnlAASvU8toTmv6NmpA&sig2=x_CF3M42SdDM-P1qXyOsxQ,1
1317055035,1317055035,1,http://www.google.co.jp/search?gcx=c&ix=c1&sourceid=chrome&ie=UTF-8&q=mutt+%E6%9C%AA%E8%AA%AD%E3%83%A1%E3%83%BC%E3%83%AB%E6%95%B0,1
1317260358,1317260358,1,[url=http://cherryescort.com.ua/articles/article-pics-kiev-escorts-id-28.html]Pic Ukrainian Escorts[/url],1
1318097639,1318097639,1,http://www.google.co.jp/search?hl=ja&q=mutt-j&lr=lang_ja&rlz=1I7ADFA_ja,1
1318229743,1318229743,1,http://www.google.co.jp/url?sa=t&source=web&cd=1&ved=0CC0QFjAA&url=http%3A%2F%2Fmutt-j.sourceforge.jp%2Fpukiwiki%2F&rct=j&q=mutt%20wiki&ei=fRWTToWoAqeYiAeaxrToDQ&usg=AFQjCNFffr0Ao52LnlAASvU8toTmv6NmpA&sig2=pST7GERm1O1UM0Tx53WvRA,1
1319138642,1319138642,1,http://www.google.co.jp/url?sa=t&rct=j&q=mutt%2B%25E3%2582%25B9%25E3%2583%2591%25E3%2583%25A0&source=web&cd=5&ved=0CEIQFjAE&url=http%3A%2F%2Fmutt-j.sourceforge.jp%2Fpukiwiki%2Findex.php&ei=cvCgTpSPIsKNiAeEnYHcBg&usg=AFQjCNEfTYLTLQiCi8IuG0y1uxiC5n2O8Q&sig2=8Gb3tSsG9-DPK6b1W8qbCw,1
1321375072,1321375072,1,http://www.google.co.jp/search?hl=ja&q=mutt+%E6%9C%AA%E8%AA%AD%E3%83%A1%E3%83%BC%E3%83%AB&lr=lang_ja,1
1322093856,1322093856,1,http://www.google.co.jp/url?sa=t&rct=j&q=mutt%20wiki&source=web&cd=7&ved=0CFcQFjAG&url=http%3A%2F%2Fmutt-j.sourceforge.jp%2Fpukiwiki%2F&ei=pwvOTsSGMKXGmQX299T5Cg&usg=AFQjCNFffr0Ao52LnlAASvU8toTmv6NmpA,1
1324859271,1324859271,1,http://www.google.co.jp/url?sa=t&rct=j&q=mutt%20%E6%B7%BB%E4%BB%98%E3%83%95%E3%82%A1%E3%82%A4%E3%83%AB%E3%80%80%E5%88%B6%E9%99%90&source=web&cd=51&ved=0CB4QFjAAODI&url=http%3A%2F%2Fmutt-j.sourceforge.jp%2Fpukiwiki%2Findex.php%3Fcmd%3Dread%26page%3DFrontPage&ei=-D34Tt_xN4X_mAXWs9CDAg&usg=AFQjCNGEPCdx8MdFA6W_YK9VW2AwlmHoZg&sig2=NDJTSrzmbieh-HqXxpJnaQ,1
1324962294,1324962294,1,http://opera.timedom.org/Huawei/Huawei-U1270.html,1
1326658464,1326658464,1,http://www.google.co.jp/url?sa=t&rct=j&q=mutt+%E4%B8%80%E8%A6%A7+%E6%9C%AA%E8%AA%AD%E6%95%B0&source=web&cd=2&ved=0CCkQFjAB&url=http%3A%2F%2Fmutt-j.sourceforge.jp%2Fpukiwiki%2Findex.php&ei=HLITT4yRBOX6mAWgs-D-CQ&usg=AFQjCNEfTYLTLQiCi8IuG0y1uxiC5n2O8Q,1
1326726940,1326726940,1,http://www.google.co.jp/url?sa=t&rct=j&q=%22mutt+-y%22+%E6%9C%AA%E8%AA%AD+imap&source=web&cd=1&ved=0CCcQFjAA&url=http%3A%2F%2Fmutt-j.sourceforge.jp%2Fpukiwiki%2Findex.php&ei=qL0UT-SnF-3ImAWOnI25Aw&usg=AFQjCNEfTYLTLQiCi8IuG0y1uxiC5n2O8Q,1
1326726964,1326726964,1,http://www.google.co.jp/url?sa=t&rct=j&q=%22mutt+-y%22+%E6%9C%AA%E8%AA%AD+imap&source=web&cd=2&ved=0CC0QFjAB&url=http%3A%2F%2Fmutt-j.sourceforge.jp%2Fpukiwiki%2Fpukiwiki.php%3Fplugin%3Dtemplate%26refer%3DJavaScript&ei=qL0UT-SnF-3ImAWOnI25Aw&usg=AFQjCNE5y4RV7z1q8SW0kKqwjizFhGlOxQ,1
1331228924,1326726969,3,http://www.google.com/search,1
1329215154,1329215154,1,http://ebiteua.com/,1
1330061343,1330061328,2,http://www.google.co.jp/url?sa=t&rct=j&q=mutt+%E6%9C%AA%E8%AA%AD%E3%83%A1%E3%83%BC%E3%83%AB&source=web&cd=1&ved=0CCUQFjAA&url=http%3A%2F%2Fmutt-j.sourceforge.jp%2Fpukiwiki%2Findex.php&ei=T55HT6mSLYbNmAXL04igDg&usg=AFQjCNEfTYLTLQiCi8IuG0y1uxiC5n2O8Q,1
1338332378,1338332377,2,http://ondarma.ya.ru/replies.xml?item_no=1,1
1343408324,1343408324,1,http://www.google.co.jp/search?q=mutt&btnG=%E6%A4%9C%E7%B4%A2&num=50&hl=ja&lr=lang_ja&safe=off&client=opera&rls=ja&channel=suggest&tbs=lr%3Alang_1ja,1
1343488418,1343488418,1,http://www.google.co.jp/search?q=mutt&btnG=%E6%A4%9C%E7%B4%A2&num=50&hl=ja&safe=off&tbs=lr%3Alang_1ja&lr=lang_ja,1
1343498899,1343498899,1,http://www.google.co.jp/search?q=mutt&btnG=%E6%A4%9C%E7%B4%A2&num=50&hl=ja&safe=off&site=,1
1343670333,1343670333,1,http://www.google.co.jp/url?sa=t&rct=j&q=&esrc=s&source=web&cd=20&ved=0CHIQFjAJOAo&url=http%3A%2F%2Fmutt-j.sourceforge.jp%2Fpukiwiki%2Findex.php%3FFrontPage&ei=U0YXULq-AYWyiQez04DoBQ&usg=AFQjCNFDO5-Vab7YdmDo0YNS8DBvCXBpyg&sig2=l7F62_TYKPVs8fU-M0M0AA,1
1343670469,1343670469,1,http://www.google.co.jp/url?sa=t&rct=j&q=&esrc=s&source=web&cd=41&ved=0CGkQFjAAOCg&url=http%3A%2F%2Fmutt-j.sourceforge.jp%2Fpukiwiki%2Fpukiwiki.php%3FFrontPage&ei=TEcXUKPIK4mViQfiiIHgBQ&usg=AFQjCNHZYqBaxLpNRKruVkxTn9FChGEEnQ&sig2=EBV0vhQvgXbIvWiWmJb9bw,1
1343984774,1343984774,1,http://www.google.co.jp/url?sa=t&rct=j&q=&esrc=s&source=web&cd=3&ved=0CGIQFjAC&url=http%3A%2F%2Fmutt-j.sourceforge.jp%2Fpukiwiki%2Findex.php%3FFrontPage&ei=ERMcULKgA-mviQeg_IG4DQ&usg=AFQjCNFDO5-Vab7YdmDo0YNS8DBvCXBpyg,1
1345085421,1345085421,1,http://202.221.179.22/pukiwiki/pukiwiki.php,1
1348311029,1348311029,1,http://www.google.co.jp/url?sa=t&rct=j&q=mutt%E3%80%80%E4%B8%8D%E5%85%B7%E5%90%88&source=web&cd=4&ved=0CDoQFjAD&url=http%3A%2F%2Fmutt-j.sourceforge.jp%2Fpukiwiki%2Findex.php%3FFrontPage&ei=exZeUKesHeejiAfunIEQ&usg=AFQjCNFDO5-Vab7YdmDo0YNS8DBvCXBpyg,1
1353035756,1353035756,1,http://domains.checkparams.com/index.php?q=mutt-j.sourceforge.jp,1
1354793679,1354793679,1,http://foxfox.ifxworld.com/,1
1355676074,1355676074,1,http://ebiteua.com/forum68-prostitutki-zaporozhya-i-oblasti.html,1
1357613874,1357613874,1,http://www.google.co.jp/url?sa=t&rct=j&q=mutt+%E7%95%B0%E5%B8%B8&source=web&cd=2&ved=0CDYQFjAB&url=http%3A%2F%2Fmutt-j.sourceforge.jp%2Fpukiwiki%2Fpukiwiki.php%3FFrontPage&ei=vgnsUM2lCoSWkwX3uoHQBQ&usg=AFQjCNHZYqBaxLpNRKruVkxTn9FChGEEnQ,1
1371781286,1371781286,1,http://www.google.com/search?q=mutt-j+wiki,1
1372963220,1372963220,1,http://www.google.co.jp/url?sa=t&rct=j&q=jwiki&source=web&cd=9&ved=0CG4QFjAI&url=http%3A%2F%2Fmutt-j.sourceforge.jp%2Fpukiwiki%2F&ei=GEDWUeeQA4TekAWCy4CQCQ&usg=AFQjCNFffr0Ao52LnlAASvU8toTmv6NmpA&bvm=bv.48705608,d.dGI,1
1375442362,1375442362,1,http://www.bing.com/search?q=mutt++%E6%9C%AA%E8%AA%AD&go=&qs=ds&form=QBRE&filt=all,1
1376331606,1376331606,1,http://www.google.co.jp/url?sa=t&rct=j&q=&esrc=s&source=web&cd=6&ved=0CEQQFjAF&url=http%3A%2F%2Fmutt-j.sourceforge.jp%2Fpukiwiki%2F&ei=8ZYJUqz9HIvHkAWEroHYDQ&usg=AFQjCNFffr0Ao52LnlAASvU8toTmv6NmpA&bvm=bv.50500085,d.dGI&cad=rja,1
1376526609,1376526609,1,http://ebiteua.com/forum66-prostitutki-kieva-i-oblasti.html,1
1378150052,1378150052,1,http://www.google.co.jp/url?sa=t&rct=j&q=&esrc=s&source=web&cd=6&ved=0CFcQFjAF&url=http%3A%2F%2Fmutt-j.sourceforge.jp%2Fpukiwiki%2Findex.php&ei=gWQlUt6ZKsvPkAXlxIDADA&usg=AFQjCNEfTYLTLQiCi8IuG0y1uxiC5n2O8Q&sig2=ELLVC0vtCxH0uRxxfZ1Zuw,1
1378530727,1378530727,1,http://www.google.co.jp/url?sa=t&rct=j&q=&esrc=s&source=web&cd=5&ved=0CEIQFjAE&url=http%3A%2F%2Fmutt-j.sourceforge.jp%2Fpukiwiki%2Findex.php&ei=KjQrUrXsOczhlAX5qYGYDQ&usg=AFQjCNEfTYLTLQiCi8IuG0y1uxiC5n2O8Q&bvm=bv.51773540,d.dGI&cad=rja,1
1380752458,1380752458,1,http://www.google.co.jp/url?sa=t&rct=j&q=&esrc=s&source=web&cd=8&ved=0CFYQFjAH&url=http%3A%2F%2Fmutt-j.sourceforge.jp%2Fpukiwiki%2Findex.php%3FFrontPage&ei=-BlNUprfHMaYkgWI-oCYDQ&usg=AFQjCNFDO5-Vab7YdmDo0YNS8DBvCXBpyg&bvm=bv.53537100,d.dGI,1
1382852572,1382852572,1,http://www.google.co.jp/url?sa=t&rct=j&q=&esrc=s&source=web&cd=7&ved=0CFkQFjAG&url=http%3A%2F%2Fmutt-j.sourceforge.jp%2Fpukiwiki%2Findex.php%3FFrontPage&ei=JSZtUoqHLYGSiQL9t4GICQ&usg=AFQjCNFDO5-Vab7YdmDo0YNS8DBvCXBpyg&bvm=bv.55123115,d.cGE,1
1437470334,1384820389,5,https://www.google.co.jp/,1
1387068284,1387068284,1,http://www.google.co.jp/url?sa=t&rct=j&q=&esrc=s&source=web&cd=10&ved=0CFwQFjAJ&url=http%3A%2F%2Fmutt-j.sourceforge.jp%2Fpukiwiki%2Findex.php%3FFrontPage&ei=1XmtUuDuBIizkgWmo4H4Bg&usg=AFQjCNFDO5-Vab7YdmDo0YNS8DBvCXBpyg&bvm=bv.57967247,d.dGI,1
1388278369,1388278369,1,http://search.yahoo.co.jp/search?p=1.45%EF%BD%8A%E4%BB%A5%E5%89%8D%E3%81%AB%E6%88%BB%E3%81%99&search.x=1&fr=top_ga1_sa&tid=top_ga1_sa&ei=UTF-8&aq=&oq=,1
1393100576,1393100576,1,http://www.google.co.jp/url?sa=t&rct=j&q=&esrc=s&source=web&cd=2&cad=rja&ved=0CC4QFjAB&url=http%3A%2F%2Fmutt-j.sourceforge.jp%2Fpukiwiki%2Findex.php%3FFrontPage&ei=o4UJU47XIoPDkwXk7oGgCg&usg=AFQjCNFDO5-Vab7YdmDo0YNS8DBvCXBpyg&sig2=7GAzmD8uXB91E5diUbj33g&bvm=bv.61725948,d.dGI,1
1404425845,1394066329,19,http://sakurapup.browserloadofcoolness.com/viewtopic.php?f=30&t=1215&sid=09be201973998cdce4965098e91a0641,1
1396494022,1396494022,1,http://www.google.co.jp/url?sa=t&rct=j&q=&esrc=s&source=web&cd=13&ved=0CDIQFjACOAo&url=http%3A%2F%2Fmutt-j.sourceforge.jp%2Fpukiwiki%2Findex.php%3FFrontPage&ei=Uk09U7rhHY3akgWV54HIDA&usg=AFQjCNFDO5-Vab7YdmDo0YNS8DBvCXBpyg&bvm=bv.63934634,d.dGI,1
1396825967,1396825567,2,https://www.google.com/,1
1434980542,1432831657,2,http://mutt-j.sourceforge.jp/pukiwiki/pukiwiki.php?FrontPage,1
1447976856,1447976856,1,http://pukiwiki.osdn.jp/?cmd=read&page=PukiWiki%2F%E6%B4%BB%E7%94%A8%E4%BA%8B%E4%BE%8B%2F%E3%83%AF%E3%83%BC%E3%82%AF%E3%82%B0%E3%83%AB%E3%83%BC%E3%83%97%E6%B4%BB%E5%8B%95%E3%81%AE%E5%9F%BA%E7%9B%A4%E3%81%A8%E3%81%97%E3%81%A6,1
1448517049,1448517049,1,http://www.google.co.jp/search?source=hp&hl=ja&gbv=1&q=mutt%20%E6%9C%AA%E8%AA%AD%20%E3%82%AB%E3%82%A6%E3%83%B3%E3%83%88,1
1454422986,1454079578,5,http://mutt-j.sourceforge.jp/pukiwiki/index.php?FrontPage,1
1454094134,1454094134,1,http://mutt-j.sourceforge.jp/pukiwiki/pukiwiki.php?plugin=template&refer=buy%20xanax,1
1454610878,1454597886,2,http://fukku.littlestar.jp/wiki/index.php?mutt,1
1457393566,1457393566,1,http://mutt-j.sourceforge.jp/,1
1459713744,1459713744,1,https://www.google.co.jp,1
