1108367718,1108367718,1,http://www.google.co.jp/search?sourceid=mozclient&ie=utf-8&oe=utf-8&q=mutt+%E3%83%91%E3%83%83%E3%83%81,1
1108410411,1108410411,1,http://www.google.com/search?num=50&hl=ja&inlang=ja&ie=Shift_JIS&oe=Shift_JIS&q=mutt+imap+%83w%83b%83_%83L%83%83%83b%83V%83%85&lr=lang_ja,1
1108410848,1108410848,1,http://www.google.com/search?num=50&lr=lang_ja&ie=ShiftJIS&oe=ShiftJIS&q=mutt%20imap%20ヘッダ　キャッシュ,1
1109605325,1109605325,1,http://216.239.63.104/search?q=cache:AVaP5yPsWyAJ:mutt-j.sourceforge.jp/pukiwiki/index%3FMuttFaq+imap+%E9%81%85%E3%81%84&hl=ja&lr=lang_ja&client=firefox-a,1
1110258573,1110258573,1,http://www.google.co.jp/search?hl=ja&client=firefox-a&rls=org.mozilla%3Aja-JP%3Aofficial&q=mutt+imap+%E3%83%AD%E3%83%BC%E3%82%AB%E3%83%AB&btnG=Google+%E6%A4%9C%E7%B4%A2&lr=lang_ja,1
1111543728,1111543728,1,http://www.google.co.jp/search?hl=ja&ie=Shift_JIS&q=mutt+IMAP+%83L%83%83%83b%83V%83%85&btnG=Google+%8C%9F%8D%F5&lr=lang_ja,1
1112638595,1112638595,1,http://www.google.co.jp/search?q=isync+mutt&start=0&start=0&hl=ja&lr=lang_ja&ie=utf-8&oe=utf-8&client=firefox-a&rls=org.mozilla:ja-JP:official,1
1113691700,1113691700,1,http://www.google.co.jp/search?hl=ja&inlang=ja&ie=Shift_JIS&q=mutt+headercache&btnG=Google+%8C%9F%8D%F5&lr=,1
1117739438,1117739438,1,http://www.google.co.jp/search?hl=ja&q=mutt-1.5.7&btnG=Google+%E6%A4%9C%E7%B4%A2&lr=lang_ja,1
1118123877,1118119932,2,http://www.google.co.jp/search?num=50&hl=ja&newwindow=1&c2coff=1&q=Michael+Elkins+isync&btnG=Google+%E6%A4%9C%E7%B4%A2&lr=lang_ja,1
1118785400,1118785400,1,http://www.google.co.jp/search?hl=ja&rls=GGLD%2CGGLD%3A2005-24%2CGGLD%3Aja&q=mutt+header+cache&btnG=Google+%E6%A4%9C%E7%B4%A2&lr=lang_ja,1
1118785502,1118785502,1,http://www.google.co.jp/search?hl=ja&rls=GGLD%2CGGLD%3A2005-24%2CGGLD%3Aja&q=maildir_header_cache_verify&lr=lang_ja,1
1120751678,1120751678,1,http://www.google.co.jp/search?q=mutt+header+cache&start=0&start=0&hl=ja&lr=lang_ja&ie=utf-8&oe=utf-8&client=firefox-a&rls=org.mozilla:ja-JP:official,1
1124977540,1124977540,1,http://www.google.com/search?num=20&hl=ja&client=safari&rls=ja-jp&q=isync+Maildir&btnG=Google+%E6%A4%9C%E7%B4%A2&lr=lang_ja,1
1125527144,1125526863,2,http://www.google.co.jp/search?q=mutt+headercache&btnG=Google+%E6%A4%9C%E7%B4%A2&hl=ja,1
1125730109,1125730109,1,http://www.google.co.jp/search?hs=juE&hl=ja&client=firefox&rls=org.mozilla%3Aja-JP%3Aunofficial&q=mutt+imap+cache&btnG=Google+%E6%A4%9C%E7%B4%A2&lr=lang_ja,1
1128624251,1128624251,1,http://www.google.co.jp/search?hl=ja&q=isync+imap&lr=lang_ja,1
1129043177,1129043177,1,http://www.google.co.jp/search?hs=yo8&hl=ja&client=firefox&rls=org.mozilla%3Aja-JP%3Aunofficial&q=mutt+header+cache&btnG=Google+%E6%A4%9C%E7%B4%A2&lr=lang_ja,1
1131038061,1131037495,4,http://64.233.167.104/search?q=cache:mWZjl5xtf3MJ:mutt-j.sourceforge.jp/pukiwiki/pukiwiki.php%3FPatchList+file_charset&hl=ja&lr=lang_ja,1
1131326850,1131326850,1,http://www.google.co.jp/search?q=db4-4.1&hl=ja&lr=lang_ja&start=10&sa=N,1
1131395871,1131395871,1,http://www.google.co.jp/search?q=mutt+db4+gdbm&hl=ja&ie=UTF-8&inlang=ja&lr=lang_ja&sa=X&oi=lrtip9,1
1131598093,1131598093,1,http://www.google.co.jp/search?hl=ja&q=maildir_header_cache_verify&btnG=Google+%E6%A4%9C%E7%B4%A2&lr=lang_ja,1
1132282626,1132282626,1,http://www.google.com/search?hl=ja&lr=lang_ja&ie=UTF-8&oe=UTF-8&q=freebsd+mutt+%E6%B7%BB%E4%BB%98&num=50,1
1132757615,1132757615,1,http://66.102.7.104/search?q=cache:mWZjl5xtf3MJ:mutt-j.sourceforge.jp/pukiwiki/pukiwiki.php%3FPatchList+mutt+header+cache&hl=ja&start=2&lr=lang_ja,1
1132847529,1132847529,1,http://72.14.203.104/search?q=cache:mWZjl5xtf3MJ:mutt-j.sourceforge.jp/pukiwiki/pukiwiki.php%3FPatchList+mutt+imap+%E3%83%98%E3%83%83%E3%83%80+%E3%82%AD%E3%83%A3%E3%83%83%E3%82%B7%E3%83%A5&hl=ja&lr=lang_ja,1
1139538352,1139538352,1,http://www.google.co.jp/search?sourceid=navclient-ff&ie=UTF-8&rls=GGGL,GGGL:2005-09,GGGL:ja&q=mutt+%2B%E3%82%AD%E3%83%A3%E3%83%83%E3%82%B7%E3%83%A5,1
1134752701,1134752701,1,http://www.google.co.jp/search?hl=ja&q=mutt+imap+cache&btnG=Google+%E6%A4%9C%E7%B4%A2&lr=lang_ja,1
1135566648,1135566648,1,http://www.google.co.jp/search?hl=ja&q=imap+mutt+cache&btnG=Google+%E6%A4%9C%E7%B4%A2&lr=lang_ja,1
1135567262,1135567262,1,http://www.google.co.jp/search?hl=ja&q=imap+mutt+isync&btnG=Google+%E6%A4%9C%E7%B4%A2&lr=lang_ja,1
1135567665,1135567665,1,http://www.google.co.jp/search?q=imap+mutt+isync&hl=ja&lr=lang_ja&start=10&sa=N,1
1135662643,1135662643,1,http://www.google.co.jp/search?hl=ja&q=mutt-j++sourceforge&btnG=Google+%E6%A4%9C%E7%B4%A2&lr=,1
1136427792,1136427792,1,http://72.14.203.104/search?q=cache:mWZjl5xtf3MJ:mutt-j.sourceforge.jp/pukiwiki/pukiwiki.php%3FPatchList+mutt+IMAP+cache&hl=ja&lr=lang_ja&client=firefox,1
1137871817,1137871817,1,http://www.google.co.jp/search?num=50&lr=lang_ja&ie=sjis&oe=sjis&q=mutt%20header%20cache,1
1139117292,1139117292,1,http://www.google.co.jp/search?hl=ja&q=mutt+maildir+cache&btnG=Google+%E6%A4%9C%E7%B4%A2&lr=lang_ja,1
1139132012,1139132012,1,http://www.google.com/search?q=mutt+headercache&start=0&ie=utf-8&oe=utf-8&client=firefox-a&rls=org.mozilla:en-US:official,1
1139855561,1139855561,1,http://www.google.co.jp/search?hl=ja&rls=GGLD%2CGGLD%3A2005-15%2CGGLD%3Aja&q=isync+maildir&lr=lang_ja,1
1140414549,1140414549,1,http://www.google.co.jp/search?q=maildir+%E5%90%8C%E6%9C%9F&hl=ja&hs=O7q&lr=lang_ja&client=firefox&rls=org.mozilla:ja:official&start=10&sa=N,1
1148266981,1140508062,2,http://www.google.co.jp/search?q=mutt+%E3%82%AD%E3%83%A3%E3%83%83%E3%82%B7%E3%83%A5&start=0&hl=ja&lr=lang_ja&ie=utf-8&oe=utf-8&client=firefox&rls=org.mozilla:ja:official,1
1140624326,1140624326,1,http://www.google.co.jp/search?hl=ja&q=mutt+%E3%82%AD%E3%83%A3%E3%83%83%E3%82%B7%E3%83%A5&btnG=Google+%E6%A4%9C%E7%B4%A2&lr=lang_ja,1
1140745114,1140745114,1,http://www.google.co.jp/search?q=imap+isync&hl=ja&lr=lang_ja&c2coff=1&rls=GGLG,GGLG:2006-06,GGLG:ja&start=10&sa=N,1
1141145297,1141145297,1,http://www.google.co.jp/search?hs=xEv&hl=ja&client=firefox&rls=org.mozilla%3Aja%3Aofficial&q=mutt+cache+header&btnG=Google+%E6%A4%9C%E7%B4%A2&lr=lang_ja,1
1142787911,1142787911,1,http://72.14.203.104/search?q=cache:aFOTQ6PsjYQJ:mutt-j.sourceforge.jp/pukiwiki/index.php%3FInstall+qdbm+&hl=ja&gl=jp&ct=clnk&cd=300&lr=lang_ja,1
1143153635,1143153242,5,http://www.google.com/search?num=50&hl=ja&q=mutt+imap+header-cache&lr=lang_ja,1
1150393322,1150393322,1,http://cache.yahoofs.jp/search/cache?p=MailDir+%E9%81%85%E3%81%84&ei=UTF-8&meta=vl%3Dlang_ja&fl=1&vl=lang_ja&fr=top_v2&yuragi=off&u=mutt-j.sourceforge.jp/pukiwiki/index%3FMuttFaq&w=maildir+%E9%81%85%E3%81%84&d=f3AGUzmtM7wf&icp=1&.intl=jp,1
1151611683,1151611683,1,http://www.google.co.jp/search?sourceid=navclient&hl=ja&ie=UTF-8&rls=GGLD,GGLD:2005-14,GGLD:ja&q=mutt+%E5%90%8C%E6%9C%9F+isync,1
1154635143,1154635143,1,http://www.google.co.jp/search?q=mutt+%E3%82%AD%E3%83%A3%E3%83%83%E3%82%B7%E3%83%A5&num=10&hl=ja&lr=lang_ja&ie=UTF-8&oe=UTF-8&start=0,1
1155710321,1155710321,1,http://www.google.com/search?q=isync+mutt&hl=ja&hs=W0M&lr=lang_ja&client=opera&rls=en&start=10&sa=N,1
1156804769,1156804769,1,http://www.google.co.jp/search?hl=ja&q=http+%E3%83%98%E3%83%83%E3%83%80%E3%83%BC%E3%82%AD%E3%83%A3%E3%83%83%E3%82%B7%E3%83%A5&lr=,1
1156918672,1156918672,1,http://www.google.co.jp/search?hl=ja&q=php+imap+%E3%82%AD%E3%83%A3%E3%83%83%E3%82%B7%E3%83%A5&lr=,1
1159223323,1159223323,1,http://72.14.235.104/search?q=cache:bA6JhquAHqsJ:mutt-j.sourceforge.jp/pukiwiki/index.php%3FMuttFaq+mutt+macro&hl=ja&gl=jp&ct=clnk&cd=17&lr=lang_ja,1
1170550459,1170550459,1,http://72.14.235.104/search?q=cache:pRjM0z0kb8IJ:mutt-j.sourceforge.jp/pukiwiki/index.php%3FMuttFaq%252FIMAP+mutt+IMAP+%E3%82%AD%E3%83%A3%E3%83%83%E3%82%B7%E3%83%A5&hl=ja&ct=clnk&cd=3&gl=jp&client=firefox,1
1171915890,1171915890,1,http://www.google.co.jp/search?q=mutt+momonga&lr=lang_ja&ie=utf-8&oe=utf-8&rls=org.mozilla:ja:official&client=firefox,1
1171942137,1171942137,1,http://www.google.co.jp/search?num=30&hl=ja&newwindow=1&q=mutt+header-cache&lr=lang_ja,1
1172990020,1172990020,1,http://www.google.co.jp/url?sa=t&ct=res&cd=2&url=http%3A%2F%2Fmutt-j.sourceforge.jp%2Fpukiwiki%2Findex.php%3FHeaderCache&ei=zebqRa-tHoOSgwOFsZ3pCQ&usg=__kREHGCXcnRIpWOakHFRwxm2aRq4=&sig2=3W-ME4cEFMwSfYDnDrhqUA,1
1172992206,1172992206,1,http://www.google.co.jp/url?sa=t&ct=res&cd=2&url=http%3A%2F%2Fmutt-j.sourceforge.jp%2Fpukiwiki%2Findex.php%3FHeaderCache&ei=We_qRdTpCaDagwOUtYz1CQ&usg=__kREHGCXcnRIpWOakHFRwxm2aRq4=&sig2=PesjJqNPGTQLDoOrG8rWUg,1
1177008483,1177008483,1,http://www.google.co.jp/search?q=mutt+imap+%E3%82%AD%E3%83%A3%E3%83%83%E3%82%B7%E3%83%A5&lr=lang_ja&ie=utf-8&oe=utf-8&aq=t&rls=org.mozilla:ja:official&client=firefox,1
1178553441,1178553441,1,http://www.google.co.jp/search?q=mutt+isync&start=0&hl=ja&lr=lang_ja&ie=utf-8&oe=utf-8&client=firefox&rls=org.mozilla:ja:official,1
1179518810,1179518810,1,http://www.google.com/search?client=safari&rls=ja-jp&q=mutt+db4&ie=UTF-8&oe=UTF-8,1
1182277004,1182276913,2,http://72.14.235.104/search?q=cache:pRjM0z0kb8IJ:mutt-j.sourceforge.jp/pukiwiki/index.php%3FMuttFaq%252FIMAP+mutt+imap+%E3%82%AD%E3%83%A3%E3%83%83%E3%82%B7%E3%83%A5&hl=ja&ct=clnk&cd=2&gl=jp,1
1182579687,1182579687,1,http://www.google.co.jp/search?hl=ja&q=mutt+headercache&btnG=Google+%E6%A4%9C%E7%B4%A2&lr=,1
1185142274,1185142274,1,http://www.google.com/search?num=50&hl=ja&lr=lang_ja&q=%6D%75%74%74%20%69%6D%61%70%20%4D%61%69%6C%64%69%72,1
1185221841,1185221841,1,http://duogate.excite.co.jp/search.gw?target=combined&c=web&lang=jp&look=duogatessr%5Fjp&search=%8E%A9%8C%C8%8D%ED%8F%9C%83v%83%8D%83O%83%89%83%80&FirstResult=90,1
1190593010,1190593010,1,http://www.google.com.vn/search?as_q=headerCache+%2B+PHP+&hl=en&num=10&btnG=Google+Search&as_epq=&as_oq=&as_eq=&lr=lang_en&as_ft=i&as_filetype=&as_qdr=all&as_occt=any&as_dt=i&as_sitesearch=&as_rights=&safe=images,1
1193762369,1193762369,1,http://www.google.co.jp/search?q=db4%E3%80%80wiki&hl=ja&lr=lang_ja&start=20&sa=N,1
1200854129,1200854129,1,http://www.google.co.jp/search?q=isync+mutt&hl=en&lr=lang_ja&safe=off&client=firefox&rls=org.mozilla:ja:official&start=10&sa=N,1
1202087382,1202087382,1,http://209.85.175.104/search?q=cache:bA6JhquAHqsJ:mutt-j.sourceforge.jp/pukiwiki/index.php%3FMuttFaq+mutt+%E9%81%85%E3%81%84&hl=ja&ct=clnk&cd=2&gl=jp,1
1202421906,1202421906,1,http://www.google.co.jp/search?hl=ja&q=mutt+imap4&btnG=%E6%A4%9C%E7%B4%A2&lr=,1
1204748863,1204748863,1,http://209.85.175.104/search?q=cache:bA6JhquAHqsJ:mutt-j.sourceforge.jp/pukiwiki/index.php%3FMuttFaq+IMAP+%E9%81%85%E3%81%84&hl=ja&ct=clnk&cd=1&gl=jp,1
1207432996,1207432996,1,http://search.yahoo.co.jp/search?p=mutt+%E8%A8%AD%E5%AE%9A++linux&search_x=1&tid=top_ga1&ei=UTF-8&pstart=1&fr=top_ga1&b=11&qrw=0,1
1210463050,1210463050,1,http://search.yahoo.co.jp/search?p=mutt+%E3%83%91%E3%83%83%E3%83%81%E3%80%80%E3%82%AD%E3%83%A3%E3%83%83%E3%82%B7%E3%83%A5&ei=UTF-8&fr=top_ga1&x=wrt,1
1216530572,1216530562,2,http://www.google.com/search?num=50&hl=ja&q=mutt+FreeBSD+Imap&lr=lang_ja,1
1216563300,1216563300,1,http://www.google.co.jp/search?aq=f&num=100&hl=en&client=firefox-a&rls=org.mozilla%3Aja%3Aofficial&q=mutt+gdbm&btnG=Search&lr=lang_ja,1
1218604426,1218604426,1,http://209.85.215.104/search?q=cache:bA6JhquAHqsJ:mutt-j.sourceforge.jp/pukiwiki/index.php%3FMuttFaq+IMAP+%E9%81%85%E3%81%84&hl=ja&ct=clnk&cd=2&gl=us,1
1223094227,1223094227,1,http://www.google.co.jp/search?q=isync+mutt&lr=lang_ja&ie=utf-8&oe=utf-8&aq=t&rls=org.debian:ja:unofficial&client=firefox,1
1224987252,1224987252,1,http://www.google.co.jp/search?q=headercache&lr=lang_ja&ie=utf-8&oe=utf-8&aq=t&rls=org.mozilla:ja:official&client=firefox-a,1
1225058405,1225058405,1,http://www.google.co.jp/search?hl=ja&q=HeaderCache+imap&lr=&aq=f&oq=,1
1226343542,1226343542,1,http://www.google.co.jp/search?hl=ja&q=maildir_header_cache_verify&btnG=%E6%A4%9C%E7%B4%A2&lr=lang_ja,1
1226883437,1226883437,1,http://www.google.co.jp/search?q=mutt+maildir_header_cache_verify&lr=lang_ja&ie=utf-8&oe=utf-8&aq=t&rls=org.mozilla:ja:official&client=firefox-a,1
1238971162,1238971162,1,http://search.yahoo.co.jp/search?p=mutt+isync&ei=UTF-8&fr=top_ga1_sa&x=wrt&meta=fl%3D3,1
1241845627,1241845627,1,http://www.google.co.jp/search?hl=ja&q=mutt+Maildir+%E5%88%B0%E7%9D%80%E7%94%A8%E3%80%80imap&lr=&rlz=1W1GGLD_ja&aq=f&oq=,1
1246419733,1246419733,1,http://www.google.co.jp/search?hl=ja&client=firefox-a&rls=org.mozilla%3Aja-JP-mac%3Aofficial&q=mutt+imap+%E5%90%8C%E6%9C%9F&btnG=%E6%A4%9C%E7%B4%A2&lr=lang_ja,1
1247418944,1247418749,2,http://[2001:4860:c004::84]/search?q=cache:bA6JhquAHqsJ:mutt-j.sourceforge.jp/pukiwiki/index.php%3FMuttFaq+mutt+%E3%83%A1%E3%83%BC%E3%83%AB%E3%83%9C%E3%83%83%E3%82%AF%E3%82%B9%E3%80%80%E9%81%85%E3%81%84&cd=1&hl=ja&ct=clnk&gl=jp&lr=lang_ja&client=firefox-a,1
1250729289,1250729289,1,http://74.125.153.132/search?q=cache:bA6JhquAHqsJ:mutt-j.sourceforge.jp/pukiwiki/index.php%3FMuttFaq+mutt+%E5%89%8A%E9%99%A4+%E3%81%94%E3%81%BF%E7%AE%B1&cd=1&hl=ja&ct=clnk&lr=lang_ja,1
1251540886,1251540886,1,http://www.google.co.jp/search?q=mutt+imap+%E3%82%AD%E3%83%A3%E3%83%83%E3%82%B7%E3%83%A5&lr=lang_ja&ie=utf-8&oe=utf-8&aq=t&rls=org.mozilla:ja:official&client=firefox-a,1
1254959790,1254959770,2,http://74.125.153.132/search?q=cache:bA6JhquAHqsJ:mutt-j.sourceforge.jp/pukiwiki/index.php%3FMuttFaq+%E9%81%85%E3%81%84+IMAP&cd=1&hl=ja&ct=clnk&gl=jp,1
1268195651,1268195651,1,http://www.google.co.jp/search?hl=ja&rlz=1G1GGLQ_JAJP306&q=mutt+%E3%82%AD%E3%83%A3%E3%83%83%E3%82%B7%E3%83%A5+imap&btnG=%E6%A4%9C%E7%B4%A2&lr=&aq=f&oq=,1
1268274752,1268274752,1,http://www.google.co.jp/search?q=mutt+imap+%E5%90%8C%E6%9C%9F&ie=utf-8&oe=utf-8&aq=t&rls=org.mozilla:ja:official&hl=ja&client=firefox-a,1
1272590696,1272590696,1,http://webcache.googleusercontent.com/search?q=cache:bA6JhquAHqsJ:mutt-j.sourceforge.jp/pukiwiki/index.php%3FMuttFaq+imap+%E9%81%85%E3%81%84&cd=2&hl=ja&ct=clnk&gl=jp,1
1274315222,1274315222,1,http://webcache.googleusercontent.com/search?q=cache:bA6JhquAHqsJ:mutt-j.sourceforge.jp/pukiwiki/index.php%3FMuttFaq+mutt+imap+%E9%81%85%E3%81%84&cd=1&hl=ja&ct=clnk&gl=jp,1
1274637704,1274637704,1,http://webcache.googleusercontent.com/search?q=cache:bA6JhquAHqsJ:mutt-j.sourceforge.jp/pukiwiki/index.php%3FMuttFaq+mutt+%E3%83%A1%E3%83%BC%E3%83%AB%E3%83%9C%E3%83%83%E3%82%AF%E3%82%B9%E3%82%92%E9%96%8B%E3%81%8F&cd=1&hl=ja&ct=clnk&gl=jp,1
1277509973,1277509939,2,http://webcache.googleusercontent.com/search?q=cache:bA6JhquAHqsJ:mutt-j.sourceforge.jp/pukiwiki/index.php%3FMuttFaq+IMAP+%E9%81%85%E3%81%84&cd=2&hl=ja&ct=clnk&gl=jp&lr=lang_ja,1
1290858540,1290858540,1,http://www.google.com/search?q=mutt+header_cache&hl=ja&safe=off&rlz=1B3GGGL_enJP368JP368&lr=lang_ja&sa=X&ei=r27xTMD-DoSyvgP159CdDg&ved=0CBUQuAE,1
1297970999,1297970999,1,http://www.google.co.jp/search?q=mutt+header_cache&hl=ja&safe=off&prmd=ivns&source=lnt&tbs=lr:lang_1ja&lr=lang_ja&sa=X&ei=JfVdTY6HHofJcdS8veUJ&ved=0CAcQpwUoAQ,1
1300173119,1300173119,1,http://www.google.co.jp/search?hl=ja&inlang=ja&ie=Shift_JIS&q=mutt+imap+%83%8A%83X%83g+%83L%83%83%83b%83V%83%85&btnG=%8C%9F%8D%F5,1
1304474208,1304474208,1,http://www.google.co.jp/search?q=%24maildir_header_cache_verify&ie=utf-8&oe=utf-8&aq=t&rls=org.mozilla:ja:official&hl=ja&client=firefox-a,1
1307384293,1307384293,1,http://www.google.co.jp/search?hl=ja&client=firefox-a&hs=kN8&rls=org.mozilla:ja:official&sa=X&ei=Z5jtTZHmMo_ovQPdqZWzBg&ved=0CBgQBSgA&q=mutt+%E3%83%98%E3%83%83%E3%83%80+%E3%82%AD%E3%83%A3%E3%83%83%E3%82%B7%E3%83%A5&spell=1&biw=1024&bih=584,1
1310061252,1310061252,1,http://webcache.googleusercontent.com/search?num=100&lr=lang_ja&hl=ja&q=cache:bA6JhquAHqsJ:http://mutt-j.sourceforge.jp/pukiwiki/index.php?MuttFaq+IMAP+%E9%81%85%E3%81%84&ct=clnk,1
1311349274,1311349274,1,http://www.google.co.jp/url?sa=t&source=web&cd=17&ved=0CFYQFjAGOAo&url=http%3A%2F%2Fmutt-j.sourceforge.jp%2Fpukiwiki%2Findex.php%3Fcmd%3Dread%26page%3DHeaderCache&rct=j&q=mutt%20isync&tbs=lr%3Alang_1ja&ei=nhgqTvebNobdmAW41K2tDA&usg=AFQjCNHOjNFNKvejOxhtvIQ2nqdbFWhByw&sig2=oKVhj1WvCkcYiFPhISEgfQ,1
1311462758,1311462758,1,http://www.google.co.jp/url?sa=t&source=web&cd=18&ved=0CEMQFjAHOAo&url=http%3A%2F%2Fmutt-j.sourceforge.jp%2Fpukiwiki%2Findex.php%3FHeaderCache&rct=j&q=mutt%20%E3%82%AD%E3%83%A3%E3%83%83%E3%82%B7%E3%83%A5&ei=eNMrTu6oNarNmAXYlYS6Dw&usg=AFQjCNEpNN0rafdb33VMo3sYdE30Wb43_A,1
1312351612,1312351612,1,http://www.google.co.jp/url?sa=t&source=web&cd=2&ved=0CCAQFjAB&url=http%3A%2F%2Fmutt-j.sourceforge.jp%2Fpukiwiki%2Findex.php%3Fcmd%3Dread%26page%3DHeaderCache&rct=j&q=mutt%20%E3%82%AD%E3%83%A3%E3%83%83%E3%82%B7%E3%83%A5&ei=dGM5Tpu2BoiGmQXOrfW6Bw&usg=AFQjCNHOjNFNKvejOxhtvIQ2nqdbFWhByw,1
1323719941,1323719941,1,http://www.google.co.jp/url?sa=t&rct=j&q=mutt+imap+%E3%82%AD%E3%83%A3%E3%83%83%E3%82%B7%E3%83%A5&source=web&cd=13&ved=0CCwQFjACOAo&url=http%3A%2F%2Fmutt-j.sourceforge.jp%2Fpukiwiki%2Findex.php%3FHeaderCache&ei=h9vmTuHCEIuVmQWNqZm-Cg&usg=AFQjCNEpNN0rafdb33VMo3sYdE30Wb43_A,1
1328258289,1328258289,1,http://www.google.co.jp/url?sa=t&rct=j&q=header_cache%20mutt&source=web&cd=1&ved=0CDEQFjAA&url=http%3A%2F%2Fmutt-j.sourceforge.jp%2Fpukiwiki%2Findex.php%3FHeaderCache&ctbs=lr%3Alang_1ja&ei=exssT8O5MOfdmAW18IjYDw&usg=AFQjCNEpNN0rafdb33VMo3sYdE30Wb43_A&sig2=Q-vMCsqc4o_o6b61xTt3tQ,1
1341463918,1341463918,1,http://www.google.com/search?q=mbsync+thunderbird,1
1351727644,1351727644,1,http://www.google.co.jp/url?sa=t&rct=j&q=&esrc=s&source=web&cd=17&cad=rja&ved=0CFgQFjAGOAo&url=http%3A%2F%2Fmutt-j.sourceforge.jp%2Fpukiwiki%2Findex.php%3FHeaderCache&ei=ljiSUM6mMI-aiAfsoIDwBg&usg=AFQjCNEpNN0rafdb33VMo3sYdE30Wb43_A,1
1355733401,1355733401,1,http://www.google.co.jp/search?client=ms-android-pmc&hl=ja&source=android-browser-type&v=133247963&biw=533&bih=97&q=mutt+imap+%E5%90%8C%E6%9C%9F&oq=mutt+imap+%E5%90%8C%E6%9C%9F&gs_l=mobile-gws-serp.12...9278.21048.0.22980.13.13.0.0.0.0.158.1261.4j8.12.0.ernk_mobile_unfiltered..0.0...1.1.wCManfwXdts,1
1360099907,1360099907,1,"http://www.google.com/search?q=isync+imap&hl=ja&lr=lang_ja&ie=UTF-8&oe=UTF-8&tbs=lr:lang_1ja&prmd=ivns&ei=s_gRUb3aOIqQkAW7zoH4Dw&start=30&sa=N, http://www.google.com/search?q=isync+imap&hl=ja&lr=lang_ja&ie=UTF-8&oe=UTF-8&tbs=lr:lang_1ja&prmd=ivns&ei=s_gRUb3aOIqQkAW7zoH4Dw&start=30&sa=N",1
