1132609817,1132609817,1,http://www.bloglines.com/myblogs_display?sub=16011338&site=2845069,1
1155085610,1155085610,1,http://www.google.de/search?q=mutt+menubar&sourceid=mozilla-search&start=0&start=0&ie=utf-8&oe=utf-8&client=firefox&rls=org.mozilla:en-US:unofficial,1
1158868871,1158868871,1,http://www.google.fi/search?hl=fi&q=mutt%20menubar&btnG=Google-haku&meta=,1
1170669999,1170669999,1,http://listserve.fg.k12.ri.us/?technology_announce@listserve.fg.k12.ri.us,1
1196120290,1196120290,1,http://www.google.de/search?q=mutt+menubar+color&ie=utf-8&oe=utf-8&rls=org.mozilla:de:official&client=firefox-a,1
1202421906,1202421906,1,http://www.google.co.jp/search?hl=ja&q=mutt+imap4&btnG=%E6%A4%9C%E7%B4%A2&lr=,1
1215776635,1215776635,1,http://www.google.com/search?q=mutt+menubar&btnG=Search&hl=en&safe=off&sa=2,1
1251366360,1251366360,1,http://www.google.ca/search?hl=en&source=hp&q=mutt%20menubar%20color&meta=,1
1306191277,1306191277,1,http://www.google.ch/url?sa=t&source=web&cd=4&ved=0CDAQFjAD&url=http%3A%2F%2Fmutt-j.sourceforge.jp%2Fpukiwiki%2Findex.php%3FMenuBar&rct=j&q=mutt%20menu%20bar&ei=M2TbTYn_JNGf-wbj2OG3Dw&usg=AFQjCNETgY2c4i0lEsQcoYic6wZUHeXg9g&sig2=3DSI0Yq99u9-IL37wgl5Ug,1
1428673117,1428673117,1,"http://www.google.de/url?sa=t&rct=j&q=&esrc=s&source=web&cd=2&ved=0CCsQFjAB&url=http%3A%2F%2Fmutt-j.sourceforge.jp%2Fpukiwiki%2Findex.php%3FMenuBar&ei=41AoVZudOIflaK_egJAE&usg=AFQjCNETgY2c4i0lEsQcoYic6wZUHeXg9g&bvm=bv.90491159,d.d2s",1
