1130482181,1130371111,2,http://www.bloglines.com/myblogs_display?folder=15345837,1
1139383943,1139383943,1,http://www.google.co.jp/search?as_q=mutt+%90F+%90%DD%92%E8&num=100&hl=ja&ie=Shift_JIS&as_epq=&btnG=Google+%8C%9F%8D%F5&as_oq=&as_eq=&lr=&as_ft=i&as_filetype=&as_qdr=all&as_occt=any&as_dt=i&as_sitesearch=&as_rights=,1
1140058317,1140058317,1,http://www.google.co.jp/search?hl=ja&q=pukiwiki+%E8%89%B2+COLOR&lr=,1
1143851915,1143851915,1,http://www.google.com/search?ie=UTF8&oe=UTF-8&q=mutt+%E8%89%B2,1
1144012958,1144012958,1,http://www.google.co.jp/search?q=red+black+tree&hl=ja&hs=esH&lr=lang_ja&client=firefox-a&rls=org.mozilla:ja-JP:official&start=10&sa=N,1
1147285002,1147285002,1,http://search.yahoo.co.jp/search?p=PHP+%E3%83%A1%E3%83%BC%E3%83%AB+%E9%87%8D%E8%A6%81%E3%83%95%E3%83%A9%E3%82%B0+%E8%A8%AD%E5%AE%9A&ei=UTF-8&fr=top_v2&x=wrt&meta=vl%3Dlang_ja,1
1148315022,1148315022,1,http://www.google.co.jp/search?hl=ja&q=mutt+no+color&lr=,1
1149524905,1149524905,1,http://www.google.co.jp/search?sourceid=navclient-ff&ie=UTF-8&rls=GGGL,GGGL:2006-17,GGGL:ja&q=mutt+%E8%89%B2+%E8%A8%AD%E5%AE%9A,1
1150437189,1150437189,1,http://www.google.com.ar/search?q=+mutt+x-priority:+1&hl=es&lr=&start=10&sa=N,1
1152139422,1152139422,1,http://www.google.co.jp/search?q=X-Priority+high&hl=ja&lr=lang_ja&sa=X&oi=lrtip8,1
1153364744,1153364744,1,http://www.google.co.jp/search?num=50&hl=ja&as_qdr=all&q=+mutt+%E8%89%B2%E3%80%80%E8%A8%AD%E5%AE%9A&btnG=Google+%E6%A4%9C%E7%B4%A2&lr=lang_ja,1
1153551659,1153551659,1,http://www.google.co.jp/search?client=firefox-a&rls=org.mozilla%3Aen-US%3Aofficial_s&hl=ja&q=mutt+color&lr=lang_ja&btnG=Google+%E6%A4%9C%E7%B4%A2,1
1153575903,1153575903,1,http://www.google.co.jp/search?q=mutt+color&hl=ja&hs=SmP&client=firefox-a&rls=org.mozilla:en-US:official_s&lr=lang_ja&sa=X&oi=lrtip7,1
1156182744,1154323419,2,http://www.google.co.jp/search?q=mutt+color&num=10&hl=ja&lr=lang_ja&ie=UTF-8&oe=UTF-8&start=0,1
1154377776,1154376413,2,http://www.google.co.jp/search?q=mutt+color+index&num=10&hl=ja&lr=lang_ja&ie=UTF-8&oe=UTF-8&start=0,1
1154593573,1154593573,1,http://www.google.co.jp/search?hl=ja&q=mutt+index+color&btnG=Google+%E6%A4%9C%E7%B4%A2&lr=,1
1155544024,1155544024,1,http://www.google.co.jp/search?q=mutt+%E8%89%B2%E3%81%AE%E8%A8%AD%E5%AE%9A%0A&start=0&ie=utf-8&oe=utf-8&client=firefox-a&rls=org.mozilla:en-US:official,1
1157044910,1157044910,1,http://www.google.co.jp/search?hl=ja&q=%E8%89%B2%E3%80%80blue+red+black+pukiwiki&lr=,1
1157499749,1157499749,1,http://www.google.co.jp/search?q=Color%E3%80%80Index&hl=ja&lr=&start=20&sa=N,1
1158101086,1158101086,1,http://www.google.co.jp/search?hl=ja&q=%E9%BB%92%E5%9C%B0%E3%81%AB%E7%99%BD%E5%AD%97%E3%80%80%E3%82%BF%E3%83%BC%E3%83%9F%E3%83%8A%E3%83%AB%E3%80%80%E8%A8%AD%E5%AE%9A&lr=,1
1159301851,1159301851,1,http://www.google.co.jp/search?q=mutt+color+http&hl=ja&num=20&ie=EUC-JP&oe=EUC-JP&btnG=Google%B8%A1%BA%F7&lr=lang_ja,1
1159804773,1159804773,1,http://www.google.co.jp/search?hl=ja&q=mutt+COLORFGBG&btnG=Google+%E6%A4%9C%E7%B4%A2&lr=lang_ja,1
1160509269,1160509269,1,http://www.google.co.jp/search?q=mutt+color&start=0&start=0&ie=utf-8&oe=utf-8&client=firefox-a&rls=org.mozilla:en-US:official,1
1161330212,1161330212,1,http://www.google.co.jp/search?hl=ja&c2coff=1&rls=GGGL%2CGGGL%3A2006-10%2CGGGL%3Aja&q=mutt+%E9%BB%92%E5%9C%B0&btnG=Google+%E6%A4%9C%E7%B4%A2&lr=,1
1179788223,1162142006,4,http://www.google.co.jp/search?hl=ja&q=mutt+color&btnG=Google+%E6%A4%9C%E7%B4%A2&lr=lang_ja,1
1162394685,1162394685,1,http://www.google.co.jp/search?q=color+folder&hl=ja&lr=lang_ja&start=20&sa=N,1
1163360804,1163360804,1,http://www.google.co.jp/search?hs=dvn&hl=ja&client=firefox-a&rls=org.mozilla%3Aen-US%3Aofficial&q=mutt+folder-hook&btnG=Google+%E6%A4%9C%E7%B4%A2&lr=lang_ja,1
1164080096,1164080096,1,http://www.google.co.jp/search?complete=1&hl=ja&q=mutt+color&lr=lang_ja,1
1164940800,1164940800,1,http://www.google.be/search?q=+color+mutt&start=0&ie=utf-8&oe=utf-8&client=firefox-a&rls=org.mozilla:en-US:official,1
1165761445,1165761445,1,http://www.google.co.jp/search?num=50&lr=lang_ja&q=Pukiwiki%e3%80%80Color,1
1166464562,1166464562,1,http://www.google.co.jp/hws/search?hl=ja&q=pukiwiki+COLOR&client=fenrir&adsafe=off&safe=off&lr=lang_ja,1
1167545621,1167545621,1,http://www.google.com/search?q=mutt+color&hl=ja&lr=lang_ja,1
1167897326,1167897326,1,http://www.google.com/search?q=folder-hook+color+mutt&ie=utf-8&oe=utf-8&rls=org.mozilla:en-US:official&client=firefox-a,1
1168325120,1168325120,1,http://www.google.co.jp/search?num=50&hl=ja&q=mutt+color+%E8%89%B2&btnG=Google+%E6%A4%9C%E7%B4%A2&lr=,1
1332349329,1168368633,2,http://www.google.co.jp/,1
1168369349,1168369349,1,http://www.google.co.jp/search?hl=ja&q=color+mutt&btnG=Google+%E6%A4%9C%E7%B4%A2&lr=lang_ja,1
1168552658,1168552658,1,http://www.google.co.jp/search?hl=ja&q=mutt+color+header+signature+black&btnG=Google+%E6%A4%9C%E7%B4%A2&lr=lang_ja,1
1168898487,1168898487,1,http://www.google.co.jp/search?hl=ja&rls=GGGL%2CGGGL%3A2006-10%2CGGGL%3Aja&q=pukiwiki+color&btnG=Google+%E6%A4%9C%E7%B4%A2&lr=lang_ja,1
1169758053,1169758053,1,http://www.google.com/search?hl=ja&client=opera&rls=ja&hs=BdJ&lr=lang_ja&sa=X&oi=spell&resnum=0&ct=result&cd=1&q=mutt+folder-hook&spell=1,1
1170042635,1170042635,1,http://www.google.co.jp/search?hl=ja&rlz=1B3GGGL_ja___JP205&q=mutt+http+ftp+%E8%89%B2&btnG=Google+%E6%A4%9C%E7%B4%A2&lr=,1
1170288541,1170288541,1,http://www.google.co.jp/search?q=pukiwiki+color+&lr=lang_ja&ie=utf-8&oe=utf-8&rls=org.mozilla:ja:official&client=firefox,1
1170435825,1170435825,1,http://www.google.co.jp/search?hl=ja&ie=Shift_JIS&q=mutt+color&btnG=Google+%8C%9F%8D%F5&lr=lang_ja,1
1170732825,1170732825,1,http://www.google.co.jp/search?hl=ja&client=firefox-a&rls=org.mozilla%3Aja%3Aunofficial&hs=hEP&q=mutt+color&btnG=Google+%E6%A4%9C%E7%B4%A2&lr=lang_ja,1
1172091792,1172091792,1,http://www.google.co.jp/search?q=mutt+color&ie=UTF-8&oe=UTF-8&hl=ja&btnG=Google+%E6%A4%9C%E7%B4%A2&lr=lang_ja,1
1172417850,1172417850,1,http://www.google.co.jp/url?sa=t&ct=res&cd=4&url=http%3A%2F%2Fmutt-j.sourceforge.jp%2Fpukiwiki%2Findex.php%3FMuttFaq%252FColor&ei=ZSviRc_YE47ksAKX7smUBw&usg=__5Alubf7hiPzalqp_VMT0PtxBnz8=&sig2=1UNAkPBLSYm573fqMRQZIw,1
1172616709,1172616708,2,http://search.msn.co.jp/results.aspx?srch=105&FORM=AS5&q=color+folder,1
1172973324,1172973324,1,http://www.google.com/search?hl=ja&q=pukiwiki+red+blue+black&lr=,1
1173142093,1173142093,1,http://www.google.de/search?hl=de&client=firefox-a&rls=org.mozilla%3Ade%3Aofficial&hs=N0V&q=X-Priority+red+mutt&btnG=Suche&meta=,1
1173193109,1173193109,1,http://www.google.com/search?num=30&hl=ja&ie=Shift_JIS&q=mutt+color&btnG=Google+%8C%9F%8D%F5&lr=lang_ja,1
1173338076,1173338076,1,http://www.google.com/search?hl=en&client=mozilla&rls=org.mozilla%3Aen-US%3Aunofficial&q=mutt+color+X-MSMail-Priority%3A+High&btnG=Search,1
1175114806,1175114806,1,http://www.google.co.jp/search?num=100&hl=ja&newwindow=1&safe=off&c2coff=1&q=%E8%89%B2%E3%81%AE%E8%A8%AD%E5%AE%9A%E3%80%80black+green&btnG=Google+%E6%A4%9C%E7%B4%A2&lr=,1
1175577125,1175577125,1,http://www.google.co.jp/search?q=color+index&hl=ja&lr=&start=40&sa=N,1
1176514719,1176514719,1,http://www.google.si/search?hl=sl&q=black+color+wiki&btnG=Iskanje&meta=,1
1176779678,1176779678,1,http://search.yahoo.co.jp/search?p=COLOR+wiki+%E3%82%B5%E3%83%B3%E3%83%97%E3%83%AB&ei=UTF-8&fr=top&x=wrt&meta=vc%3D,1
1176786288,1176786288,1,http://www.google.co.jp/imode/search?mrestrict=chtml&site=mobile&q=COLOR&start=10&sa=N,1
1177000405,1177000405,1,http://search.yahoo.co.jp/search?p=%A5%E1%A1%BC%A5%EB%A1%A1%BD%C5%CD%D7%A5%D5%A5%E9%A5%B0&x=0&y=0&fr=top_v2&tid=top_v2&ei=euc-jp&search.x=1,1
1177368340,1177368340,1,http://www.google.co.jp/search?hl=ja&q=%22color+signature%22&lr=lang_ja,1
1177577821,1177577821,1,http://www.google.se/search?q=color+mutt&ie=utf-8&oe=utf-8&aq=t&rls=org.mozilla:sv-SE:official&client=firefox-a,1
1177685849,1177685849,1,http://www.google.co.jp/search?q=pukiwiki+color&ie=utf-8&oe=utf-8&aq=t&rls=org.mozilla:en-US:official&client=firefox-a,1
1233105412,1178558541,3,http://www.google.co.jp/search?hl=ja&q=pukiwiki+color&lr=,1
1178732422,1178728030,2,http://www.google.co.jp/search?hl=ja&q=mutt+%E8%89%B2&btnG=Google+%E6%A4%9C%E7%B4%A2&lr=lang_ja,1
1178733406,1178733406,1,http://www.google.co.jp/search?hl=ja&q=mutt+folder-hook&btnG=Google+%E6%A4%9C%E7%B4%A2&lr=lang_ja,1
1178818786,1178818748,2,http://search.yahoo.co.jp/search/msie?p=index+color%E3%80%80%E4%B8%80%E8%A6%A7&ei=UTF-8&fr=tsbmsie,1
1178930052,1178930052,1,http://www.google.co.jp/search?hl=ja&rls=GGLJ%2CGGLJ%3A2006-40%2CGGLJ%3Aja&q=what%E3%80%80is%E3%80%80%22color+signature%22&lr=,1
1179267386,1179267386,1,http://search.yahoo.co.jp/search?p=i+Color+Folder+project&ei=UTF-8&fr=top_v2&x=wrt,1
1179267635,1179267635,1,http://search.yahoo.co.jp/search?p=i+Color+Folder&fr=top_v2&tid=top_v2&ei=euc-jp&search.x=1,1
1179450790,1179450790,1,http://www.google.co.jp/search?hl=ja&q=Pukiwiki+color&lr=,1
1179968959,1179968959,1,http://www.google.com/search?q=COLORFGBG&num=30&hl=ja&client=opera&rls=ja&hs=vNp&lr=lang_ja&sa=X&oi=lrtip&ct=restrict&cad=7,1
1179988491,1179988491,1,http://www.google.co.jp/search?sourceid=navclient&hl=ja&ie=UTF-8&rls=SNYA,SNYA:2004-46,SNYA:ja&q=pukiwiki+color,1
1180273328,1180273328,1,http://www.google.com/search?q=mutt+wiki+colors&hl=en&client=opera&rls=en&hs=8tl&start=20&sa=N,1
1181516961,1181516961,1,http://www.google.co.jp/search?hl=ja&rlz=1B3GGGL_ja___JP205&q=mutt+color&btnG=%E6%A4%9C%E7%B4%A2&lr=lang_ja,1
1181905079,1181905079,1,http://www.google.com/search?q=mutt+priority&hl=sk&client=firefox-a&rls=com.ubuntu:en-US:official&hs=p3w&start=20&sa=N,1
1182466180,1182466180,1,http://www.google.com/search?num=50&hl=ja&lr=lang_ja&q=%70%75%6B%69%77%69%6B%69%20%63%6F%6C%6F%72,1
1183535956,1183535956,1,http://www.google.co.jp/search?source=ig&hl=ja&q=pukiwiki+color&btnG=Google+%E6%A4%9C%E7%B4%A2&lr=lang_en%7Clang_ja,1
1183712051,1183712051,1,http://www.google.fr/search?q=color+mutt&hl=fr&start=10&sa=N,1
1183860499,1183860499,1,http://www.google.co.jp/search?hl=ja&inlang=ja&ie=EUC-JP&oe=EUC-JP&q=mutt+color&btnG=%B8%A1%BA%F7&lr=,1
1183995211,1183995211,1,http://www.google.com/search?num=50&hl=ja&q=pukiwiki+color&lr=lang_ja,1
1183996333,1183996333,1,http://www.google.com/search?q=colour+++index+++++++++no&hl=ja&lr=lang_ja&start=10&sa=N,1
1185502427,1185502427,1,http://www.google.com/search?q=mutt+%E8%A8%AD%E5%AE%9A&hl=ja&lr=&client=iceweasel-a&rls=org.debian:ja:unofficial&start=30&sa=N,1
1185508728,1185508728,1,http://www.google.co.jp/search?hl=ja&q=folder-hook&lr=,1
1185613099,1185613099,1,http://www.google.co.jp/search?q=mutt+color+from&lr=lang_ja&ie=utf-8&oe=utf-8&aq=t&rls=org.mozilla:ja:official&client=firefox-a,1
1186013245,1186013245,1,http://www.google.co.jp/search?q=mutt+color&hl=ja&lr=lang_ja&sourceid=mozilla-search&start=0,1
1186524647,1186524647,1,http://www.google.co.jp/search?source=ig&hl=ja&q=mutt+color&btnG=Google+%E6%A4%9C%E7%B4%A2&lr=lang_ja,1
1186802183,1186802183,1,http://www.google.co.jp/search?sourceid=navclient&aq=t&hl=ja&ie=UTF-8&rls=GGLJ,GGLJ:2007-18,GGLJ:ja&q=color+folder,1
1188062729,1188062729,1,http://www.google.com/search?hl=ja&q=mutt+%E8%89%B2+%E8%A8%AD%E5%AE%9A&btnG=Google+%E6%A4%9C%E7%B4%A2&lr=,1
1188112123,1188112123,1,http://www.google.co.jp/search?hl=ja&q=mutt%20%E4%B8%80%E8%A6%A7&lr=lang_ja,1
1189184868,1189184868,1,http://www.google.co.jp/search?q=mutt+folder-hook+color&lr=lang_ja&ie=utf-8&oe=utf-8&aq=t&rls=org.mozilla:ja:official&client=firefox-a,1
1191162890,1191162890,1,http://www.google.co.jp/search?hl=ja&q=pukiwiki+color+blue+red+black+yellow&btnG=%E6%A4%9C%E7%B4%A2&lr=,1
1191270950,1191270950,1,http://search.yahoo.co.jp/search?p=color+folder&sp=1&tid=top_v2&ei=UTF-8&search_x=1&y=6&fr=top_v2&SpellState=n-671892519_q-zl3JH3HaaqDFggyWZiGGxgAAAA%40%40,1
1192028093,1192028093,1,http://search.yahoo.co.jp/search?p=color+folder&x=0&y=0&fr=top_v2&tid=top_v2&ei=euc-jp&search.x=1,1
1192251824,1192251824,1,http://www.google.com/search?q=color+mutt&ie=utf-8&oe=utf-8&aq=t&rls=org.debian:en-US:unofficial&client=iceweasel-a,1
1193100301,1193100301,1,http://www.google.co.jp/hws/search?hl=ja&q=Color+Folder&client=fenrir&adsafe=off&safe=off&lr=lang_ja,1
1194498659,1194498659,1,http://www.google.co.jp/search?q=mutt+color+&lr=lang_ja&num=20&hl=ja&btnG=Google+%8C%9F%8D%F5,1
1194896356,1194896356,1,http://search.yahoo.co.jp/search?p=color+hook+mutt&sp=1&y=0&tid=top_v2&ei=UTF-8&search_x=1&fr=top_v2&SpellState=n-1680279758_q-iK5KQgEbiQ5TWxNdLy4iugAAAA%40%40,1
1195851809,1195851809,1,http://www.google.co.jp/search?q=mutt+color+%E8%A8%AD%E5%AE%9A&lr=lang_ja&ie=utf-8&oe=utf-8&aq=t&rls=org.mozilla:ja:official&client=firefox,1
1196094538,1196094538,1,http://www.google.co.jp/search?q=mutt+priority&sourceid=navclient-ff&ie=UTF-8&rlz=1B3GGGL_ja___JP205,1
1198018208,1198018208,1,http://www.google.com/search?hl=en&safe=off&client=opera&rls=en&hs=PxY&q=color+mutt&btnG=Search,1
1198685443,1198685443,1,http://www.google.co.jp/search?q=mutt+hook+color&lr=lang_ja&ie=utf-8&oe=utf-8&aq=t&rls=org.mozilla:ja:official&client=firefox,1
1198768951,1198768951,1,http://www.google.co.jp/search?hl=ja&q=folder-hook+color&btnG=Google+%E6%A4%9C%E7%B4%A2&lr=,1
1199943895,1199943895,1,http://www.google.co.jp/search?hl=ja&q=%EF%BC%A9+color+folder%E3%80%80%E8%89%B2%E3%81%AE%E5%A4%89%E6%9B%B4&btnG=%E6%A4%9C%E7%B4%A2&lr=,1
1200508401,1200508401,1,http://www.google.co.jp/search?hl=ja&client=firefox-a&rls=org.mozilla%3Aja%3Aofficial&q=color%E3%80%80default+mutt&btnG=%E6%A4%9C%E7%B4%A2&lr=,1
1200509526,1200509526,1,http://www.google.co.jp/search?q=color+mutt&btnG=%E6%A4%9C%E7%B4%A2&hl=ja&client=firefox-a&rls=org.mozilla%3Aja%3Aofficial,1
1200677255,1200677255,1,http://209.85.175.104/search?q=cache:bA6JhquAHqsJ:mutt-j.sourceforge.jp/pukiwiki/index.php%3FMuttFaq+.muttrc+imap+%E8%A8%BC%E6%98%8E%E6%9B%B8&hl=ja&ct=clnk&cd=2&gl=jp&client=firefox-a,1
1200952837,1200952837,1,http://www.google.co.jp/search?sourceid=navclient&hl=ja&ie=UTF-8&rlz=1T4IBMA_ja___JP226&q=mutt%2dj+%e8%89%b2,1
1201387725,1201387725,1,http://ezsch.ezweb.ne.jp/search/ezGoogleMain.php?query=COLOR&start-index=34&adpage=5&mode=02,1
1201671222,1201671222,1,http://search.yahoo.co.jp/search?p=i+Color+Folder&sp=1&search_x=1&tid=top_ga1&ei=UTF-8&fr=top_ga1&SpellState=n-2177629176_q-aegtbG1ub%2Ffhgg0Z3NLodwAAAA%40%40,1
1204681574,1202279430,2,http://search.yahoo.co.jp/search?p=mutt+color&search.x=1&fr=top_ga1&tid=top_ga1&ei=UTF-8,1
1202688390,1202688390,1,http://search.yahoo.co.jp/search?p=blue-black+color&ei=UTF-8&fr=top_ga1&x=wrt,1
1203051586,1203051586,1,http://search.yahoo.co.jp/search?p=Color+folder&ei=UTF-8&fr=moz2-sp&x=wrt,1
1203549505,1203549505,1,http://www.google.co.jp/search?q=X-Priority&hl=ja&lr=lang_ja&start=90&sa=N,1
1216259404,1203825544,2,http://search.yahoo.co.jp/search?p=color+folder&search.x=1&fr=top_ga1&tid=top_ga1&ei=UTF-8,1
1204825332,1204824028,2,http://www.google.co.jp/search?hl=ja&q=PukiWiki+color&btnG=%E6%A4%9C%E7%B4%A2&lr=lang_ja,1
1205280272,1205280272,1,http://www.google.co.jp/search?hl=ja&client=firefox&rls=com.ubuntu%3Aen-US%3Aofficial&hs=lE2&q=folder-hook+%2B+mutt&btnG=%E6%A4%9C%E7%B4%A2&lr=,1
1207105250,1207105250,1,http://www.google.co.jp/search?hl=ja&inlang=ja&ie=Shift_JIS&q=mutt+color+%22%7eh%22+multipart&btnG=%8c%9f%8d%f5&lr=lang_ja,1
1207720736,1207720736,1,http://www.google.com/search?hl=en&q=color+mutt&btnG=Google+Search,1
1208415364,1208415364,1,http://www.google.com/search?q=mutt+default+color&btnG=%E6%A4%9C%E7%B4%A2&hl=ja&client=firefox-a&rls=com.ubuntu%3Aja%3Aofficial&hs=clB,1
1208923484,1208923484,1,http://search.yahoo.co.jp/search?p=Color+folder&ei=UTF-8&fr=top_ga1&x=wrt,1
1209082711,1209082711,1,http://search.yahoo.co.jp/search?p=WIKI%E3%82%AB%E3%83%A9%E3%83%BC%E8%A8%AD%E5%AE%9A&ei=UTF-8&pstart=1&fr=slv1-yjmsg&b=11&qrw=0,1
1209359625,1209359625,1,http://www.google.co.jp/search?hl=ja&q=colorindex%E3%80%80red&btnG=%E6%A4%9C%E7%B4%A2&lr=,1
1210010355,1210010355,1,http://www.google.co.jp/search?hl=ja&q=Color+Folder+&lr=lang_ja,1
1210812899,1210812899,1,http://ezsch.ezweb.ne.jp/search/?sr=0101&query=%83t%83%89%83O%95t%82%AB%20WIKI,1
1212895516,1212895516,1,http://www.google.co.jp/search?q=pukiwiki+color+red+blue&btnG=%E6%A4%9C%E7%B4%A2&hl=ja&lr=&sa=2,1
1213218597,1213218597,1,http://www.google.co.jp/search?hl=ja&q=mutt+color+%E8%A8%AD%E5%AE%9A&btnG=%E6%A4%9C%E7%B4%A2&lr=lang_ja,1
1213417309,1213417309,1,http://search.yahoo.co.jp/search?p=Color+Folder&search.x=1&fr=top_ga1&tid=top_ga1&ei=UTF-8,1
1213498305,1213498305,1,http://www.google.co.jp/search?hl=ja&q=Color+folder+++&btnG=Google+%E6%A4%9C%E7%B4%A2&lr=lang_ja,1
1213608419,1213608419,1,http://www.google.co.jp/search?q=mutt+%22color+index%22&ie=utf-8&oe=utf-8&aq=t&rls=org.mozilla:en-US:official&client=firefox-a,1
1213892269,1213892269,1,http://www.google.co.jp/search?hl=ja&client=firefox&rls=com.ubuntu%3Aja%3Aunofficial&hs=00p&q=mutt+color&btnG=%E6%A4%9C%E7%B4%A2&lr=lang_ja,1
1214525084,1214525084,1,http://www.google.com/search?q=mutt%20%E8%A8%AD%E5%AE%9A%20menubar&ie=UTF-8,1
1215967604,1215967604,1,http://www.google.com/search?client=safari&rls=ja-jp&q=pukiwiki+color&ie=UTF-8&oe=UTF-8,1
1216051577,1216051577,1,http://www.google.co.jp/search?hl=ja&client=firefox-a&rls=org.mozilla%3Aja%3Aofficial&hs=dlt&q=pukiwiki+color+blue+red&btnG=%E6%A4%9C%E7%B4%A2&lr=,1
1216827936,1216827936,1,http://www.google.co.jp/search?hl=ja&q=mutt+color&lr=,1
1217288315,1217288315,1,http://www.google.co.jp/search?q=mutt+%E8%89%B2&ie=utf-8&oe=utf-8&aq=t&rls=org.mozilla:en-US:official&client=firefox-a,1
1217288346,1217288346,1,http://www.google.co.jp/search?hl=ja&client=firefox-a&rls=org.mozilla%3Aen-US%3Aofficial&hs=3V5&q=mutt+color&btnG=%E6%A4%9C%E7%B4%A2&lr=,1
1217389175,1217389175,1,http://ezsch.ezweb.ne.jp/search/ezGoogleMain.php?query=white+black+yellow&start-index=4&adpage=3&mode=02,1
1220485112,1220485112,1,http://search.yahoo.co.jp/search?p=mutt+color&ei=UTF-8&fr=top_ga1&x=wrt,1
1220541756,1220541756,1,http://www.google.co.jp/search?q=pukiwiki+color&sourceid=navclient-ff&ie=UTF-8&rlz=1B2GGGL_jaJP206JP206,1
1222563320,1222563320,1,http://search.yahoo.co.jp/search?p=J%E3%80%80COLOR&ei=UTF-8&fr=top_ga1&x=wrt,1
1222964905,1222964905,1,http://www.google.co.jp/search?q=pukiwiki+color&lr=lang_ja&ie=utf-8&oe=utf-8&aq=t&rls=org.mozilla:ja:official&client=firefox-a,1
1222999081,1222999081,1,http://search.yahoo.co.jp/search?p=color+folder&sp=1&search_x=1&tid=top_ga1&ei=UTF-8&fr=top_ga1&SpellState=n-3095031226_q-KLhT2RqFc23twLkeC0NtowAAAA%40%40,1
1223654993,1223654993,1,http://search.yahoo.co.jp/search?p=%7B%7Bcolor%28+%E8%89%B2+wiki&ei=UTF-8&pstart=1&fr=top_ga1&b=11&qrw=0,1
1224020238,1224020238,1,http://www.google.co.jp/search?q=pukiwiki+COLOR%28%E8%89%B2%29%3A&lr=lang_ja&ie=utf-8&oe=utf-8&aq=t&rls=org.mozilla:ja:official&client=firefox,1
1224367776,1224367776,1,http://www.google.co.jp/search?sourceid=navclient&hl=ja&ie=UTF-8&rls=GGLG,GGLG:2005-49,GGLG:ja&q=pukiwiki+color,1
1225648358,1225648358,1,http://www.google.co.jp/search?hl=ja&q=folder+color&btnG=%E6%A4%9C%E7%B4%A2&lr=lang_ja,1
1225845161,1225845161,1,http://www.google.co.jp/search?hl=ja&client=firefox-a&rls=com.ubuntu%3Aja%3Aunofficial&hs=fHK&q=mutt+colore+multipart&btnG=%E6%A4%9C%E7%B4%A2&lr=,1
1228276853,1228276853,1,http://www.google.co.jp/search?q=mutt+folder-hook+color&hl=ja&lr=lang_ja&sa=X&oi=lrtip&ct=restrict&cad=7,1
1228452229,1228452229,1,http://www.google.co.jp/search?hl=ja&lr=lang_ja&client=firefox-a&rls=org.mozilla:ja:official&hs=iqv&sa=X&oi=spell&resnum=0&ct=result&cd=1&q=color+folder&spell=1,1
1231628032,1231628032,1,http://www.google.com/search?hl=ja&rlz=1T4ITVA_jaJP308JP247&q=i+color+folder&btnG=%E6%A4%9C%E7%B4%A2&lr=lang_ja,1
1232784744,1232784744,1,http://www.google.co.jp/search?hl=ja&safe=off&rlz=1G1GGLQ_JAJP304&q=pukiwiki%E3%80%80color%E3%80%80%E8%A8%AD%E5%AE%9A&btnG=%E6%A4%9C%E7%B4%A2&lr=,1
1236718306,1236718306,1,http://www.google.co.jp/search?hl=ja&client=firefox-a&rls=com.ubuntu%3Aja%3Aunofficial&hs=fxG&q=mutt+color+red&btnG=%E6%A4%9C%E7%B4%A2&lr=,1
1236854387,1236854387,1,http://www.google.com/search?q=mutt+%22no+color%22,1
1238098409,1238098409,1,http://www.google.co.jp/search?hl=ja&rlz=1B3GGGL_jaJP249JP249&q=COLOR+pukiwiki+RED&btnG=%E6%A4%9C%E7%B4%A2&lr=,1
1238098550,1238098550,1,http://www.google.co.jp/search?q=COLOR+pukiwiki+RED+BLUE&btnG=%E6%A4%9C%E7%B4%A2&hl=ja&lr=&rlz=1B3GGGL_jaJP249JP249&sa=2,1
1238361978,1238361978,1,http://www.google.co.jp/search?q=mutt+color&lr=lang_ja&ie=utf-8&oe=utf-8&aq=t&rls=org.mozilla:ja:official&client=firefox-a,1
1238736761,1238736761,1,http://www.google.co.jp/search?hl=ja&safe=off&q=ColorIndex+%3D+Red&btnG=%E6%A4%9C%E7%B4%A2&lr=lang_ja,1
1239332319,1239332319,1,http://www.google.co.jp/search?hl=ja&client=firefox-a&rls=com.ubuntu%3Aja%3Aunofficial&hs=50u&q=mutt+color&btnG=%E6%A4%9C%E7%B4%A2&lr=,1
1239332606,1239332606,1,http://www.google.co.jp/search?hl=ja&q=mutt+default+color&btnG=%E6%A4%9C%E7%B4%A2&lr=,1
1240768401,1240768401,1,http://www.google.com/search?hl=ja&lr=&client=iceweasel-a&rls=org.debian:ja:unofficial&ei=FR71Sa-6M8KGkAXn6NntCg&sa=X&oi=spell&resnum=1&ct=result&cd=1&q=mutt+color+multipart&spell=1,1
1241309333,1241309333,1,http://search.goo.ne.jp/web.jsp?MT=color+folder&type=stickletsnote&PT=stickletsnote,1
1241721661,1241721661,1,http://www.google.com/search?hl=ja&inlang=ja&ie=Shift_JIS&q=mutt+%8Fd%97v%83t%83%89%83O&btnG=%8C%9F%8D%F5&lr=lang_ja,1
1241854105,1241854105,1,http://www.google.co.jp/search?q=Color+Folder&lr=lang_ja&ie=utf-8&oe=utf-8&aq=t&rls=org.mozilla:ja:official&client=firefox-a,1
1242239804,1242239804,1,http://www.google.co.jp/search?hl=ja&lr=lang_ja&safe=off&client=firefox-a&rls=org.mozilla:ja:official&hs=PO7&num=100&newwindow=1&ei=TJELSrX0BNKAkQWBmriUBA&sa=X&oi=spell&resnum=0&ct=result&cd=1&q=Colored+Folder&spell=1,1
1242624777,1242624777,1,http://www.google.co.jp/search?client=firefox-a&rls=org.mozilla%3Aja-JP%3Aofficial&channel=s&hl=ja&q=color+folder&lr=&btnG=Google+%E6%A4%9C%E7%B4%A2,1
1242624928,1242624928,1,http://www.google.co.jp/search?q=color%20folder&hl=ja&lr=&client=firefox-a&channel=s&rls=org.mozilla:ja-JP:official&hs=hE4&um=1&ie=UTF-8&sa=N&tab=iw,1
1242624961,1242624961,1,http://www.google.co.jp/search?hl=ja&client=firefox-a&channel=s&rls=org.mozilla%3Aja-JP%3Aofficial&hs=kcj&q=%22color+folder%22&btnG=%E6%A4%9C%E7%B4%A2&lr=lang_ja,1
1242657430,1242657430,1,http://www.google.co.jp/search?hl=ja&q=mutt+%E8%89%B2+color&btnG=Google+%E6%A4%9C%E7%B4%A2&lr=&aq=f&oq=,1
1242774111,1242774111,1,http://www.google.co.jp/search?hl=ja&q=mutt+color+%E8%A8%AD%E5%AE%9A&btnG=Google+%E6%A4%9C%E7%B4%A2&lr=&aq=f&oq=,1
1244159353,1244159353,1,http://www.google.co.jp/search?hl=ja&q=mutt+color+%E8%89%B2%E3%80%80%E3%82%B5%E3%83%B3%E3%83%97%E3%83%AB&btnG=%E6%A4%9C%E7%B4%A2&lr=,1
1244496066,1244496066,1,http://search.yahoo.co.jp/search?p=color+folder&search.x=1&fr=top_ga1_sa&tid=top_ga1_sa&ei=UTF-8&aq=&oq=,1
1244854212,1244854212,1,http://www.google.co.jp/search?hl=ja&lr=lang_ja&q=mutt+folder-hook&ie=utf-8&oe=utf-8&aq=t,1
1245206389,1245206389,1,http://search.yahoo.co.jp/search?p=Color+Folder&search.x=1&fr=top_ga1_lt72_sa&tid=top_ga1_lt72_sa&ei=UTF-8&aq=&oq=,1
1245541834,1245541834,1,http://www.google.co.jp/search?hl=ja&q=pukiwiki+color+%E8%A8%AD%E5%AE%9A&btnG=%E6%A4%9C%E7%B4%A2&lr=,1
1245910140,1245910140,1,http://www.google.co.jp/search?hl=ja&rls=org.mozilla%3Aja%3Aofficial&q=mutt+%E3%83%A1%E3%83%BC%E3%83%AB+color&btnG=%E6%A4%9C%E7%B4%A2&lr=lang_ja,1
1248367664,1248367180,2,http://www.google.co.jp/search?hl=ja&num=50&q=mutt+color&lr=lang_ja,1
1250730398,1250730151,2,http://74.125.153.132/search?q=cache:bA6JhquAHqsJ:mutt-j.sourceforge.jp/pukiwiki/index.php%3FMuttFaq+mutt+%E5%89%8A%E9%99%A4+%E3%81%94%E3%81%BF%E7%AE%B1&cd=1&hl=ja&ct=clnk&lr=lang_ja,1
1251835804,1251835804,1,http://www.google.co.jp/search?hl=ja&lr=&client=firefox-a&rls=com.ubuntu:ja:unofficial&hs=oPi&q=folder-hook+mutt&start=10&sa=N,1
1252631772,1252631772,1,http://ezsch.ezweb.ne.jp/search/ezGoogleMain.php?query=COLOR+%83%81%81%5B%83%8B&start-index=4&adpage=3&mode=02,1
1254109619,1254109619,1,http://www.google.co.jp/search?q=mutt+color&hl=ja&client=opera&rls=ja&lr=lang_ja&ei=FLDAStrzE5CYkQXX24BX&sa=X&oi=lrtip&ct=restrict&cad=9,1
1255043774,1255043734,3,http://search.www.infoseek.co.jp/Web?qt=color++no++index&col=OW&svx=101102,1
1256419841,1256419841,1,http://search.yahoo.co.jp/search?p=color+%E6%97%A5%E6%9C%AC%E8%AA%9E%E3%83%9E%E3%83%8B%E3%83%A5%E3%82%A2%E3%83%AB&search.x=1&fr=top_ga1_sa&tid=top_ga1_sa&ei=UTF-8&aq=&oq=,1
1257441966,1257441966,1,http://search.yahoo.co.jp/search?p=Color+Folder&search.x=1&fr=top_ga1_sa&tid=top_ga1_sa&ei=UTF-8&aq=&oq=,1
1257693823,1257693823,1,http://www.bing.com/search?q=J-color&first=121&FORM=PQRE,1
1259853637,1259853637,1,http://search.yahoo.co.jp/search?p=color+index+cyan+yellow+magenta&search.x=1&fr=top_ga1_sa&tid=top_ga1_sa&ei=UTF-8&aq=&oq=,1
1262823534,1262823534,1,http://www.bing.com/search?q=mutt+%E8%89%B2%E8%A8%AD%E5%AE%9A&form=OSDSRC,1
1262824739,1262824739,1,http://www.bing.com/search?q=mutt+%E8%89%B2+%E8%A8%AD%E5%AE%9A&go=&form=QBRE&filt=all,1
1282882797,1263551078,4,http://www.google.co.jp/search?q=mutt+color&ie=utf-8&oe=utf-8&aq=t&rls=org.mozilla:en-US:official&client=firefox-a,1
1263765313,1263765313,1,http://www.google.com/search?sourceid=chrome&ie=UTF-8&q=mutt+folder-hook+%E3%82%92,1
1263765775,1263765775,1,http://74.125.153.132/search?q=cache:bA6JhquAHqsJ:mutt-j.sourceforge.jp/pukiwiki/index.php%3FMuttFaq+muttrc+%E8%89%B2%E3%81%AE&cd=15&hl=en&ct=clnk,1
1265218959,1265218959,1,http://www.google.co.jp/search?hl=ja&lr=&rlz=1B3GGGL_jaJP297JP297&num=50&q=pukiwiki+%E8%89%B2%E3%80%80%E5%A4%89%E6%9B%B4%E3%80%80color&start=50&sa=N,1
1265950973,1265950973,1,http://www.google.com/search?hl=ja&client=safari&rls=en&q=mutt+color&start=10&sa=N,1
1266026389,1266026389,1,http://www.google.co.jp/search?hl=ja&lr=&q=wiki+color&start=10&sa=N,1
1269539273,1269539273,1,http://www.google.co.jp/search?hl=ja&newwindow=1&safe=off&q=mutt+folder-fook+&lr=lang_ja&aq=f&aqi=&aql=&oq=&gs_rfai=,1
1269624737,1269624737,1,http://www.google.co.jp/search?q=mutt+%E8%89%B2&ie=utf-8&oe=utf-8&aq=t&rls=org.mozilla:ja-JP-mac:official&hl=ja&client=firefox-a,1
1270874417,1270874417,1,http://www.google.co.jp/search?hl=ja&q=mutt+color+%E8%A8%AD%E5%AE%9A&lr=&aq=f&aqi=&aql=&oq=&gs_rfai=,1
1272260308,1272260308,1,http://www.google.co.jp/search?q=folder-hook&ie=utf-8&oe=utf-8&aq=t&rls=org.mozilla:ja:official&hl=ja&client=firefox-a,1
1272325927,1272325927,1,http://www.google.co.jp/search?hl=ja&client=firefox-a&hs=wMM&rls=org.mozilla%3Aja%3Aofficial&q=color+index+mutt&btnG=%E6%A4%9C%E7%B4%A2&lr=lang_ja&aq=f&aqi=&aql=&oq=&gs_rfai=,1
1273347878,1273347878,1,http://www.google.co.jp/search?hl=ja&client=safari&rls=en&q=mutt+color+black+white+cyan&aq=f&aqi=&aql=&oq=&gs_rfai=,1
1273546214,1273546214,1,http://www.google.co.jp/search?hl=ja&lr=&q=mutt+color&aq=f&aqi=&aql=&oq=&gs_rfai=,1
1273882413,1273882413,1,http://www.google.co.jp/search?hl=ja&q=mutt+%E8%89%B2%E8%A8%AD%E5%AE%9A&aq=f&aqi=&aql=&oq=&gs_rfai=,1
1274676347,1274676347,1,http://www.google.co.jp/search?q=mutt+color&hl=ja&lr=lang_ja&ei=SHv6S5q4D5Ts7APN9pGKBg&sa=X&oi=lrtip&ct=restrict&cad=7&ved=0CBIQuAE,1
1274827400,1274827400,1,http://www.google.com/search?hl=en&ei=BdH8S-qyLMzb-QbgtMzFCw&sa=X&oi=spellfullpage&resnum=0&ct=result&cd=2&ved=0CBEQvwUoAQ&q=mutt+wiki+color&spell=1,1
1275264275,1275264275,1,http://www.google.co.jp/search?hl=ja&c2coff=1&client=firefox&rls=org.mozilla%3Aja%3Aofficial&q=mutt+%E8%89%B2%E3%81%8C%E4%BB%98%E3%81%8B%E3%81%AA%E3%81%84&aq=f&aqi=&aql=&oq=&gs_rfai=,1
1276822068,1276822068,1,http://www.google.co.jp/search?q=mutt+color&ie=utf-8&oe=utf-8&aq=t&rls=org.mozilla:ja:official&client=firefox-a,1
1276822332,1276822332,1,http://www.google.co.jp/search?hl=ja&client=firefox-a&rls=org.mozilla%3Aja%3Aofficial&q=mutt+color+message-hook&btnG=%E6%A4%9C%E7%B4%A2,1
1279049469,1279049469,1,http://www.google.co.jp/search?num=25&hl=ja&ie=SHIFT-JIS&q=mutt%20color%20default&lr=lang_ja,1
1279520287,1279520287,1,http://www.google.co.jp/search?hl=ja&q=mutt+color+%E8%A8%AD%E5%AE%9A&aq=f&aqi=&aql=&oq=&gs_rfai=,1
1280160761,1280160761,1,http://www.google.co.jp/search?hl=ja&source=hp&q=mutt+color+subject&aq=f&aqi=&aql=&oq=&gs_rfai=,1
1282578666,1282578634,2,http://www.google.co.jp/search?hl=ja&lr=lang_ja&tbs=lr%3Alang_1ja&q=color+hdrdefault+red+default&aq=f&aqi=&aql=&oq=&gs_rfai=,1
1282881824,1282881824,1,http://www.google.co.jp/search?q=mutt+color&hl=ja&client=firefox-a&hs=GHz&rls=org.mozilla:en-US:official&lr=lang_ja&sa=X&ei=cbd3TKOrJ46PcfClqIgG&ved=0CBQQuAE,1
1285287571,1285287571,1,http://www.google.com/url?sa=t&source=web&cd=1&ved=0CBkQFjAA&url=http%3A%2F%2Fmutt-j.sourceforge.jp%2Fpukiwiki%2Findex.php%3FMuttFaq%252FColor&rct=j&q=%E3%83%95%E3%82%A9%E3%83%AB%E3%83%80%E3%81%AE%E8%89%B2%20mutt&ei=Cm2cTO_OMoTCca7k4OsJ&usg=AFQjCNG9_SDSef2e74N2QYCQiFGGopivMg&sig2=u7SxfQMyuflyXsv0cuyGLQ&cad=rja,1
1290584328,1290584328,1,http://www.google.co.jp/search?q=%22folder-hook%22+mutt&hl=ja&lr=lang_ja&safe=off&client=firefox-a&hs=8Oy&rls=org.mozilla:en-US:official&tbs=lr:lang_1ja&ei=pT7tTOW0Aoa3cMLsnagP&start=10&sa=N,1
1291442085,1291442085,1,http://cgi.search.biglobe.ne.jp/cgi-bin/search2-b?search=%E6%A4%9C%E7%B4%A2&web_s.x=1&q=black+green+color&bt01=%E6%A4%9C%E7%B4%A2,1
1292606276,1292606276,1,http://www.google.co.jp/search?hl=ja&q=jwiki&aq=f&aqi=g1g-s1g6g-s1g1&aql=&oq=&gs_rfai=,1
1294667435,1294667435,1,http://www.google.co.jp/search?q=ftp+black+color&hl=ja&client=firefox-a&hs=G2l&rls=org.mozilla:ja:official&biw=1600&bih=624&source=lnms&ei=LI0rTeHbLYL5cbKumdgH&sa=X&oi=mode_link&ct=mode&ved=0CCcQ_AU,1
1295033503,1295033503,2,http://www.google.co.jp/search?q=mutt+%E8%89%B2%E8%A8%AD%E5%AE%9A&ie=utf-8&oe=utf-8&aq=t&rls=com.ubuntu:ja:unofficial&client=firefox-a,1
1295279797,1295279797,1,http://www.google.co.jp/search?hl=ja&source=hp&biw=1350&bih=992&q=mutt+multipart+%E8%89%B2&aq=f&aqi=&aql=&oq=,1
1295579015,1295579015,1,http://www.google.com/search?hl=ja&safe=off&q=mutt+color+attachment+multipart&aq=f&aqi=&aql=&oq=,1
1296398919,1296398919,1,http://www.google.co.jp/search?q=%EF%BD%93%EF%BC%90%EF%BC%90%EF%BC%95%E3%80%80%E3%83%A1%E3%83%BC%E3%83%AB%E7%94%BB%E9%9D%A2%E3%80%80%E9%BB%92%E5%9C%B0&hl=ja&source=hp&lr=&aq=f&aqi=&aql=&oq=,1
1298761233,1298761233,1,http://www.google.co.jp/search?hl=ja&client=firefox-a&hs=P3w&rls=org.mozilla%3Aja-JP-mac%3Aofficial&q=color%E3%80%80mutt&aq=f&aqi=&aql=&oq=,1
1299546048,1299546048,1,http://www.google.co.jp/search?q=mutt+color&hl=ja&safe=off&prmd=ivns&source=lnt&tbs=lr:lang_1ja&lr=lang_ja&sa=X&ei=Rf51TantAYfIvQOAt6HiBQ&ved=0CAcQpwUoAQ,1
1301777138,1301777138,1,http://www.google.co.jp/search?q=%26color%E3%80%80WIKI&hl=ja&rls=com.microsoft:ja:IE-SearchBox&rlz=1I7ADRA_ja&prmd=ivns&ei=eQmYTc38CZDZcYLBmaUH&start=10&sa=N,1
1302919140,1302919140,1,http://www.google.co.jp/url?sa=t&source=web&cd=4&ved=0CD8QFjAD&url=http%3A%2F%2Fmutt-j.sourceforge.jp%2Fpukiwiki%2Findex.php%3FMuttFaq%252FColor&rct=j&q=mutt%20color&ei=Y3apTcSBH4q-vgP938iDCg&usg=AFQjCNG9_SDSef2e74N2QYCQiFGGopivMg&sig2=OqPXSi34siTTqUdT8akcJg,1
1304262113,1304262113,1,http://ezsch.ezweb.ne.jp/search/?query=MUTT+%90F&start-index=6&adpage=3&ct=1301&sr=0001&t=20110502090125&filter=1,1
1310028463,1310028463,1,http://www.google.co.jp/url?sa=t&source=web&cd=1&ved=0CCYQFjAA&url=http%3A%2F%2Fmutt-j.sourceforge.jp%2Fpukiwiki%2Findex.php%3FMuttFaq%252FColor&rct=j&q=mutt%20color%20index&tbs=lr%3Alang_1ja&ei=MPEVTvHgBYqOmQXR44gh&usg=AFQjCNG9_SDSef2e74N2QYCQiFGGopivMg,1
1310028951,1310028951,1,http://www.google.co.jp/url?sa=t&source=web&cd=4&ved=0CDsQFjAD&url=http%3A%2F%2Fmutt-j.sourceforge.jp%2Fpukiwiki%2Findex.php%3FMuttFaq%252FColor&rct=j&q=mutt%20color&tbs=lr%3Alang_1ja&ei=BfMVTu6aMMnhmAXA0q0e&usg=AFQjCNG9_SDSef2e74N2QYCQiFGGopivMg,1
1311812128,1311812128,1,http://www.google.co.jp/url?sa=t&source=web&cd=2&ved=0CCMQFjAB&url=http%3A%2F%2Fmutt-j.sourceforge.jp%2Fpukiwiki%2Findex.php%3FMuttFaq%252FColor&rct=j&q=pukiwiki%20red%20color&ei=oygxTqeRKqzMmAXqrrDTCQ&usg=AFQjCNG9_SDSef2e74N2QYCQiFGGopivMg&sig2=tPYC8wF2gjbBKn5gEha7MQ,1
1312835350,1312835350,1,http://www.google.co.jp/url?sa=t&source=web&cd=3&sqi=2&ved=0CC8QFjAC&url=http%3A%2F%2Fmutt-j.sourceforge.jp%2Fpukiwiki%2Findex.php%3FMuttFaq%252FColor&rct=j&q=mutt%20color&ei=nMVAToHMIe34mAWV6aCyCQ&usg=AFQjCNG9_SDSef2e74N2QYCQiFGGopivMg&sig2=uRw4NNjtWSzL6WaRpgPYOA,1
1312836674,1312836674,1,http://www.google.co.jp/url?sa=t&source=web&cd=3&ved=0CC8QFjAC&url=http%3A%2F%2Fmutt-j.sourceforge.jp%2Fpukiwiki%2Findex.php%3FMuttFaq%252FColor&rct=j&q=mutt%20color&ei=yspATpU859KYBZa6xbsJ&usg=AFQjCNG9_SDSef2e74N2QYCQiFGGopivMg&sig2=nmVWaYNmNjVmuiBIrTL0Dg,1
1312928272,1312928272,1,http://www.google.co.jp/url?sa=t&source=web&cd=6&ved=0CEMQFjAF&url=http%3A%2F%2Fmutt-j.sourceforge.jp%2Fpukiwiki%2Findex.php%3FMuttFaq%252FColor&rct=j&q=mutt%20%E8%89%B2&ei=RDBCTpmqFMnniALXzNjCBQ&usg=AFQjCNG9_SDSef2e74N2QYCQiFGGopivMg&sig2=3YyIawMf_MlO-0uVCs4nRw,1
1314115663,1314115045,2,http://www.google.co.jp/search?client=safari&rls=en&q=color+mutt&ie=UTF-8&oe=UTF-8&redir_esc=&ei=bUxUTqn8CIXQmAWNmbzoDw,1
1314129850,1314129850,1,http://www.google.co.jp/search?sourceid=chrome&ie=UTF-8&q=mutt+color,1
1315267244,1315267244,1,http://www.google.com/search?ie=sjis&oe=sjis&num=100&q=mutt+color&btnG=%8C%9F%8D%F5&lr=lang_ja,1
1315267444,1315267444,1,http://www.google.com/search?ie=sjis&oe=sjis&num=100&q=mutt+color%09&btnG=%8C%9F%8D%F5&lr=lang_ja,1
1315495890,1315495890,1,http://www.google.co.jp/search?q=Mutt+color&ie=utf-8&oe=utf-8&aq=t&rls=org.mozilla:ja:official&hl=ja&client=firefox-a,1
1316378132,1316378132,1,http://www.google.co.jp/search?source=ig&hl=ja&rlz=&q=mutt+color&oq=mutt+color&aq=f&aqi=&aql=&gs_sm=e&gs_upl=3064l22589l0l23226l14l13l2l1l0l1l244l1479l0.9.1l10l0,1
1317838599,1317838599,1,http://www.google.co.jp/search?hl=ja&source=hp&q=mutt+color&oq=mutt+color&aq=f&aqi=g1&aql=&gs_sm=e&gs_upl=1139l3385l0l3557l10l10l0l4l4l0l109l389l5.1l6l0,1
1318112734,1318099576,2,http://www.google.co.jp/search?hl=ja&q=mutt+color&lr=lang_ja&rlz=1I7ADFA_ja,1
1318113536,1318113536,1,http://b.hatena.ne.jp/entry/mutt-j.sourceforge.jp/pukiwiki/index.php?MuttFaq%2FColor,1
1318118581,1318118581,1,http://www.google.co.jp/search?hl=ja&q=mutt+color+%E9%87%8D%E8%A6%81&lr=lang_ja&rlz=1I7ADFA_ja,1
1318371435,1318365097,2,http://www.google.co.jp/search?hl=ja&q=mutt+%E6%B7%BB%E4%BB%98+index+color&lr=lang_ja&rlz=1I7ADFA_ja,1
1322174489,1322073881,2,http://www.google.co.jp/url?sa=t&rct=j&q=mutt+color&source=web&cd=5&ved=0CE8QFjAE&url=http%3A%2F%2Fmutt-j.sourceforge.jp%2Fpukiwiki%2Fpukiwiki.php%3FMuttFaq%252FColor&ei=fK3NTvCeHsfImQXLnMm_DQ&usg=AFQjCNFLcBqPIvkJWOlUS8KwyYHQ8XzRcg,1
1322405209,1322405209,1,http://www.google.co.jp/url?sa=t&rct=j&q=mutt%20color&source=web&cd=5&ved=0CFMQFjAE&url=http%3A%2F%2Fmutt-j.sourceforge.jp%2Fpukiwiki%2Fpukiwiki.php%3FMuttFaq%252FColor&ei=y8vSTrDnDYuVmQWKnsDSDQ&usg=AFQjCNFLcBqPIvkJWOlUS8KwyYHQ8XzRcg&sig2=bzVex3Q8I3XgWIjwFvr1ew,1
1322705927,1322705927,1,http://www.google.co.jp/url?sa=t&rct=j&q=mutt%20color&source=web&cd=5&ved=0CFMQFjAE&url=http%3A%2F%2Fmutt-j.sourceforge.jp%2Fpukiwiki%2Fpukiwiki.php%3FMuttFaq%252FColor&ei=SWLXTovGKu_4mAWDsdDtCw&usg=AFQjCNFLcBqPIvkJWOlUS8KwyYHQ8XzRcg&sig2=gmhklY7OHntYMuU-TykuvQ,1
1323010083,1323010083,1,http://www.google.co.jp/url?sa=t&rct=j&q=mutt%20color&source=web&cd=5&ved=0CFIQFjAE&url=http%3A%2F%2Fmutt-j.sourceforge.jp%2Fpukiwiki%2Fpukiwiki.php%3FMuttFaq%252FColor&ei=hAbcTrbdOsPKmQWC2rzfCw&usg=AFQjCNFLcBqPIvkJWOlUS8KwyYHQ8XzRcg&sig2=16NWEptxIdOICtuh6o_ROA,1
1323964137,1323964137,1,http://www.google.co.jp/url?sa=t&rct=j&q=mutt+https+%E8%89%B2&source=web&cd=2&ved=0CC4QFjAB&url=http%3A%2F%2Fmutt-j.sourceforge.jp%2Fpukiwiki%2Fpukiwiki.php%3FMuttFaq%252FColor&ei=c5XqTvekFciDmQWnye2RDA&usg=AFQjCNFLcBqPIvkJWOlUS8KwyYHQ8XzRcg,1
1326667708,1326667708,1,http://www.google.co.jp/search?q=folder-hook+color&btnG=%8C%9F%8D%F5&hl=ja&lr=lang_ja,1
1331660553,1331660553,1,http://www.google.co.jp/search?hl=ja&gbv=1&q=mutt+%E7%94%BB%E9%9D%A2%E8%89%B2&nfpr=1&sa=X,1
1331763629,1331763629,1,http://www.google.co.jp/url?sa=t&rct=j&q=mutt%20color&source=web&cd=5&ved=0CFQQFjAE&url=http%3A%2F%2Fmutt-j.sourceforge.jp%2Fpukiwiki%2Fpukiwiki.php%3FMuttFaq%252FColor&ei=EZhhT-2wPI_SmAWSiPCJCA&usg=AFQjCNFLcBqPIvkJWOlUS8KwyYHQ8XzRcg,1
1334684655,1334684626,2,http://www.google.co.jp/url?sa=t&rct=j&q=&esrc=s&source=web&cd=5&ved=0CEoQFjAE&url=http%3A%2F%2Fmutt-j.sourceforge.jp%2Fpukiwiki%2Fpukiwiki.php%3FMuttFaq%252FColor&ei=TiqOT8apI4WUiQfIvsjkDA&usg=AFQjCNFLcBqPIvkJWOlUS8KwyYHQ8XzRcg&sig2=oHZhn2YDgpk34Pnt8kioxA,1
1339362591,1339362591,1,http://www.google.co.jp/url?sa=t&rct=j&q=&esrc=s&source=web&cd=2&ved=0CGUQFjAB&url=http%3A%2F%2Fmutt-j.sourceforge.jp%2Fpukiwiki%2Findex.php%3FMuttFaq%252FColor&ei=m4vVT7H5KIzvmAW7xoyMAw&usg=AFQjCNG9_SDSef2e74N2QYCQiFGGopivMg&sig2=-SO2sTnSZ2GAN2sNlwJbZA,1
1339712472,1339712472,1,http://www.google.co.jp/url?sa=t&rct=j&q=mutt+color&source=web&cd=4&ved=0CGkQFjAD&url=http%3A%2F%2Fmutt-j.sourceforge.jp%2Fpukiwiki%2Findex.php%3FMuttFaq%252FColor&ei=MOLaT6XlB5CurAfxmbmhCQ&usg=AFQjCNG9_SDSef2e74N2QYCQiFGGopivMg,1
1341090783,1341090783,1,http://www.google.co.jp/url?sa=t&rct=j&q=&esrc=s&source=web&cd=4&ved=0CGIQFjAD&url=http%3A%2F%2Fmutt-j.sourceforge.jp%2Fpukiwiki%2Fpukiwiki.php%3FMuttFaq%252FColor&ei=MOrvT9eeL8HFmAWh5vDODQ&usg=AFQjCNFLcBqPIvkJWOlUS8KwyYHQ8XzRcg&sig2=CpoRXqKy6RtHdFVS8jo_sA,1
1341181239,1341181239,1,http://webcache.googleusercontent.com/search?q=cache:cpXFf72sb7UJ:mutt-j.sourceforge.jp/pukiwiki/%3FMuttFaq+mutt+%E6%B7%BB%E4%BB%98%E3%83%95%E3%82%A1%E3%82%A4%E3%83%AB%E3%81%AE%E6%9C%89%E7%84%A1&cd=5&hl=ja&ct=clnk&gl=jp,1
1341765970,1341765970,1,http://www.google.co.jp/url?sa=t&rct=j&q=&esrc=s&source=web&cd=11&ved=0CFMQFjAAOAo&url=http%3A%2F%2Fmutt-j.sourceforge.jp%2Fpukiwiki%2Fpukiwiki.php%3FMuttFaq%252FColor&ei=4Df6T7a-C--wiQfZsKD9Bg&usg=AFQjCNFLcBqPIvkJWOlUS8KwyYHQ8XzRcg&sig2=YPMyv0ZY3bas8oa-XUvvrw,1
1342953652,1342953652,1,http://www.google.co.jp/url?sa=t&rct=j&q=mutt%20%E8%A8%AD%E5%AE%9A%E3%80%80%E8%89%B2&source=web&cd=6&ved=0CGcQFjAF&url=http%3A%2F%2Fmutt-j.sourceforge.jp%2Fpukiwiki%2Fpukiwiki.php%3FMuttFaq%252FColor&ei=HFcMUIWdG67UmAWRgOWICg&usg=AFQjCNFLcBqPIvkJWOlUS8KwyYHQ8XzRcg,1
1344876527,1344876527,1,http://www.google.co.jp/search?ie=Shift_JIS&hl=ja&source=hp&q=mutt+color&btnG=Google+%8C%9F%8D%F5&gbv=1,1
1349989079,1349989079,1,http://www.google.co.jp/url?sa=t&rct=j&q=&esrc=s&source=web&cd=1&ved=0CDUQFjAA&url=http%3A%2F%2Fmutt-j.sourceforge.jp%2Fpukiwiki%2Findex.php%3FMuttFaq%252FColor&ei=Y7F3UNTcIJHwmAWS64GABA&usg=AFQjCNG9_SDSef2e74N2QYCQiFGGopivMg&sig2=EnM7kg6D2ojBapn4kHGoQA,1
1354011627,1354011502,2,http://www.google.co.jp/url?sa=t&rct=j&q=&esrc=s&source=web&cd=1&ved=0CC8QFjAA&url=http%3A%2F%2Fmutt-j.sourceforge.jp%2Fpukiwiki%2Findex.php%3FMuttFaq%252FColor&ei=-hG1UNLABuiPiAfM6IG4BA&usg=AFQjCNG9_SDSef2e74N2QYCQiFGGopivMg,1
1354011858,1354011858,1,http://www.google.co.jp/url?sa=t&rct=j&q=&esrc=s&source=web&cd=3&ved=0CEQQFjAC&url=http%3A%2F%2Fmutt-j.sourceforge.jp%2Fpukiwiki%2Findex.php%3FMuttFaq%252FColor&ei=8xG1UP6gFK6YiAeu0YHwAw&usg=AFQjCNG9_SDSef2e74N2QYCQiFGGopivMg,1
1355279180,1355279180,1,http://www.google.co.jp/url?sa=t&rct=j&q=mutt%20color&source=web&cd=6&sqi=2&ved=0CF0QFjAF&url=http%3A%2F%2Fmutt-j.sourceforge.jp%2Fpukiwiki%2Findex.php%3FMuttFaq%252FColor&ei=RGnIUJ2HMOXomAWAgIHwCQ&usg=AFQjCNG9_SDSef2e74N2QYCQiFGGopivMg,1
1358482772,1358482772,1,http://www.google.co.jp/search?q=mutt+color&hl=ja&gbv=1&ie=UTF-8&prmd=ivns&source=lnt&tbs=lr:lang_1ja&lr=lang_ja&sa=X&ei=w0v5UJrUH6HRmAWhwICQAQ&ved=0CBIQpwUoAQ,1
1361719836,1361719836,1,http://www.google.co.jp/search?q=mutt+%8Fd%97v%83t%83%89%83O%95%5C%8E%A6&hl=ja&lr=lang_ja,1
1361720201,1361720201,1,http://www.google.co.jp/search?q=mutt+%83t%83%89%83O+%90F&hl=ja&lr=lang_ja&tbs=lr%3Alang_1ja,1
1363224461,1363224461,1,http://www.google.co.jp/search?hl=ja&lr=lang_ja&tbs=lr%3Alang_1ja&q=pukiwiki+color+index&oq=pukiwiki+color+index&gs_l=serp.3...2274.6191.0.6414.12.9.3.0.0.0.147.809.6j3.9.0...0.0...1c.1.5.serp.7Xn_XsjKMKs,1
1363805347,1363805347,1,http://www.google.co.jp/url?sa=t&rct=j&q=&esrc=s&source=web&cd=8&ved=0CFgQFjAH&url=http%3A%2F%2Fmutt-j.sourceforge.jp%2Fpukiwiki%2Findex.php%3FMuttFaq%252FColor&ei=JYNKUcfnIKidiAf8wYHADQ&usg=AFQjCNG9_SDSef2e74N2QYCQiFGGopivMg&bvm=bv.44158598,d.aGc,1
1413504601,1364435690,7,https://www.google.co.jp/,1
1364842174,1364842174,1,http://www.google.co.jp/url?sa=t&rct=j&q=&esrc=s&source=web&cd=1&ved=0CC4QFjAA&url=http%3A%2F%2Fmutt-j.sourceforge.jp%2Fpukiwiki%2Findex.php%3FMuttFaq%252FColor&ei=SlVaUe2LFs-ZlQXJpoGIBw&usg=AFQjCNG9_SDSef2e74N2QYCQiFGGopivMg&bvm=bv.44442042,d.dGI,1
1364943940,1364943940,1,http://www.google.co.jp/url?sa=t&rct=j&q=&esrc=s&source=web&cd=8&sqi=2&ved=0CFcQFjAH&url=http%3A%2F%2Fmutt-j.sourceforge.jp%2Fpukiwiki%2Findex.php%3FMuttFaq%252FColor&ei=oOJbUZinJsafkQWQwoGAAw&usg=AFQjCNG9_SDSef2e74N2QYCQiFGGopivMg&sig2=7UvJTzA043BcH14U0GmrZg,1
1365280094,1365280094,1,http://www.google.co.jp/url?sa=t&rct=j&q=&esrc=s&source=web&cd=8&ved=0CFgQFjAH&url=http%3A%2F%2Fmutt-j.sourceforge.jp%2Fpukiwiki%2Findex.php%3FMuttFaq%252FColor&ei=yANhUeuUKpCsrAew-ICwDQ&usg=AFQjCNG9_SDSef2e74N2QYCQiFGGopivMg&bvm=bv.44770516,d.bmk&cad=rja,1
1366074025,1366074025,1,http://search.fenrir-inc.com/?hl=ja&channel=sleipnir_2_w&safe=off&lr=all&q=+pukiwiki+color+index,1
1367469916,1367469916,1,http://www.google.co.jp/url?sa=t&rct=j&q=mutt%20color&source=web&cd=5&ved=0CD4QFjAE&url=http%3A%2F%2Fmutt-j.sourceforge.jp%2Fpukiwiki%2Findex.php%3FMuttFaq%252FColor&ei=6W2CUfTkBs6pkQWj44CwDQ&usg=AFQjCNG9_SDSef2e74N2QYCQiFGGopivMg&bvm=bv.45921128,d.dGI&cad=rja,1
1371598000,1371598000,1,http://www.google.co.jp/url?sa=t&rct=j&q=&esrc=s&source=web&cd=1&ved=0CCsQFjAA&url=http%3A%2F%2Fmutt-j.sourceforge.jp%2Fpukiwiki%2Findex.php%3FMuttFaq%252FColor&ei=_GrBUYfXF8TVkAWovYCgDA&usg=AFQjCNG9_SDSef2e74N2QYCQiFGGopivMg,1
1371653868,1371653868,1,http://www.google.co.jp/url?sa=t&rct=j&q=&esrc=s&source=web&cd=7&ved=0CE4QFjAG&url=http%3A%2F%2Fmutt-j.sourceforge.jp%2Fpukiwiki%2Findex.php%3FMuttFaq%252FColor&ei=dEXCUf_7KsjClQXWmIHwBg&usg=AFQjCNG9_SDSef2e74N2QYCQiFGGopivMg,1
1372019296,1372019296,1,http://search.yahoo.co.jp/search?b=1&n=10&ei=UTF-8&fr=ie8sc&p=mutt+color,1
1372037960,1372036392,3,https://www.google.com/,1
1378079851,1378079851,1,http://www.google.co.jp/url?sa=t&rct=j&q=&esrc=s&source=web&cd=7&cad=rja&ved=0CE4QFjAG&url=http%3A%2F%2Fmutt-j.sourceforge.jp%2Fpukiwiki%2Findex.php%3FMuttFaq%252FColor&ei=2lIkUpa3A8PMkwWojoGQBQ&usg=AFQjCNG9_SDSef2e74N2QYCQiFGGopivMg&sig2=vYCVNrm6Hm4tW7cuhCPD0g,1
1378153748,1378153748,1,http://www.google.co.jp/url?sa=t&rct=j&q=&esrc=s&source=web&cd=7&ved=0CE4QFjAG&url=http%3A%2F%2Fmutt-j.sourceforge.jp%2Fpukiwiki%2Findex.php%3FMuttFaq%252FColor&ei=nnMlUtDrEYvdkgXZoIHQDw&usg=AFQjCNG9_SDSef2e74N2QYCQiFGGopivMg&sig2=Lh_EwLgA03JH7cYTJ2NAAA,1
1382360022,1382360022,1,http://www.google.co.jp/url?sa=t&rct=j&q=&esrc=s&source=web&cd=8&ved=0CEoQFjAH&url=http%3A%2F%2Fmutt-j.sourceforge.jp%2Fpukiwiki%2Findex.php%3FMuttFaq%252FColor&ei=9KFlUqffM4O5kgWylIGgAw&usg=AFQjCNG9_SDSef2e74N2QYCQiFGGopivMg&bvm=bv.55123115,d.dGI,1
1386815562,1386815562,1,http://www.google.co.jp/url?sa=t&rct=j&q=&esrc=s&source=web&cd=10&ved=0CFgQFjAJ&url=http%3A%2F%2Fmutt-j.sourceforge.jp%2Fpukiwiki%2Findex.php%3FMuttFaq%252FColor&ei=yp6pUobuDYj0oAS_hIHADg&usg=AFQjCNG9_SDSef2e74N2QYCQiFGGopivMg&bvm=bv.57967247,d.cGU,1
1387600354,1387600354,1,http://www.google.co.jp/url?sa=t&rct=j&q=&esrc=s&frm=1&source=web&cd=8&ved=0CEgQFjAH&url=http%3A%2F%2Fmutt-j.sourceforge.jp%2Fpukiwiki%2Findex.php%3FMuttFaq%252FColor&ei=2Ze1UoKGI8WklQWf84CQDw&usg=AFQjCNG9_SDSef2e74N2QYCQiFGGopivMg,1
1413534519,1413534519,1,http://www.google.com/url?sa=t&rct=j&q=&esrc=s&source=web&cd=9&ved=0CFEQFjAI&url=http%3A%2F%2Fmutt-j.sourceforge.jp%2Fpukiwiki%2Findex.php%3FMuttFaq%252FColor&ei=qU9BVNP2BMPSmAXUl4D4BA&usg=AFQjCNG9_SDSef2e74N2QYCQiFGGopivMg&bvm=bv.77648437,d.dGY,1
1415401769,1415401769,1,http://www.google.co.jp/url?sa=t&rct=j&q=&esrc=s&source=web&cd=8&ved=0CE8QFjAH&url=http%3A%2F%2Fmutt-j.sourceforge.jp%2Fpukiwiki%2Findex.php%3FMuttFaq%252FColor&ei=o89dVJf1N8OB8gX52ICoDA&usg=AFQjCNG9_SDSef2e74N2QYCQiFGGopivMg&sig2=MsRUubyVyyE0xZsR3UYICA&bvm=bv.79189006,d.dGc,1
1418443010,1418443010,1,http://www.google.co.jp/url?sa=t&rct=j&q=&esrc=s&source=web&cd=7&ved=0CEMQFjAG&url=http%3A%2F%2Fmutt-j.sourceforge.jp%2Fpukiwiki%2Findex.php%3FMuttFaq%252FColor&ei=uzOMVOuYDs7M8gXq-ICgDA&usg=AFQjCNG9_SDSef2e74N2QYCQiFGGopivMg&sig2=zsVpVWpZQXSpQnbMMpHVMQ&bvm=bv.81828268,d.dGc,1
1456199747,1445747853,2,https://www.google.co.jp,1
1449159232,1449159232,1,http://www.google.co.jp/url?sa=t&rct=j&q=&esrc=s&source=web&cd=7&cad=rja&uact=8&ved=0ahUKEwjdiKykg8HJAhUCW5QKHVwIDBMQFghAMAY&url=http%3A%2F%2Fmutt-j.osdn.jp%2Fpukiwiki%2Findex.php%3FMuttFaq%252FColor&usg=AFQjCNHtpdnl4ou_8EJZDfkkPIa8RJ9VFQ&bvm=bv.108538919,d.dGY,1
