1107793325,1107793325,1,http://ceek.jp/search.cgi?q=sendmail+envelope+%B3%CE%C7%A7,1
1107895185,1107895185,1,http://www.google.co.jp/search?num=50&hl=ja&q=MTA+MUA+%E9%80%9A%E4%BF%A1+smtp+bcc&btnG=Google+%E6%A4%9C%E7%B4%A2&lr=,1
1108748102,1108748102,1,http://search.yahoo.co.jp/bin/query?p=sendmail+%a5%a8%a5%f3%a5%d9%a5%ed%a1%bc%a5%d7&&b=81&h=p&pnum=5,1
1109395444,1109395444,1,http://search.yahoo.co.jp/bin/query?p=pukiwiki+%c0%df%c4%ea%a5%d5%a5%a1%a5%a4%a5%eb+plugin&fr=top%2c+top&&b=21&h=p&pnum=2,1
1110569441,1110569425,2,http://216.239.57.104/search?q=cache:AVaP5yPsWyAJ:mutt-j.sourceforge.jp/pukiwiki/index%3FMuttFaq+mutt+postfix+%E9%80%81%E4%BF%A1&hl=ja&lr=lang_ja,1
1111872937,1111872937,1,http://search.msn.co.jp/results.aspx?q=BCC+plugin&FORM=SMCRT,1
1113419662,1113419662,1,http://search.yahoo.co.jp/bin/query?p=sendmail+envelope-from&fr=top%2c+top,1
1116384677,1116384677,1,http://search.yahoo.co.jp/bin/query?p=realname+smtp&fr=slv1-,1
1116441098,1116441098,1,http://search.yahoo.co.jp/bin/query?p=php+%a5%a8%a5%f3%a5%d9%a5%ed%a1%bc%a5%d7from&fr=top,1
1117137037,1117137037,1,http://search.yahoo.co.jp/bin/query?p=sendmail+-R+hdrs&fr=top,1
1117208135,1117208135,1,http://search.yahoo.co.jp/bin/query?p=exim+mutt&fr=top,1
1118375786,1118375786,1,http://www.google.co.jp/search?hl=ja&q=ENVELOPE_FROM&btnG=Google+%E6%A4%9C%E7%B4%A2&lr=lang_ja,1
1119985215,1119985215,1,http://www.google.co.jp/search?hs=fL8&hl=ja&client=firefox-a&rls=org.mozilla%3Aen-US%3Aofficial&biw=896&q=mutt+bcc+%E8%A8%AD%E5%AE%9A&btnG=Google+%E6%A4%9C%E7%B4%A2&lr=lang_ja,1
1120680976,1120680976,1,http://search.yahoo.co.jp/bin/query?p=PHP+%a5%a8%a5%f3%a5%d9%a5%ed%a1%bc%a5%d7+from&fr=top&&b=61&h=p&pnum=4,1
1121286724,1121286724,1,http://search.yahoo.co.jp/bin/query?p=%a5%a8%a5%f3%a5%d9%a5%ed%a1%bc%a5%d7From&fr=top&&b=21&h=p&pnum=2,1
1121798556,1121798556,1,http://search.yahoo.co.jp/bin/query?p=pukiwiki+Header&fr=top,1
1123445103,1123445103,1,http://www.google.co.jp/search?hl=ja&client=firefox-a&rls=org.mozilla%3Aja-JP%3Aofficial&q=mutt+bcc&btnG=Google+%E6%A4%9C%E7%B4%A2&lr=lang_ja,1
1123527611,1123527611,1,http://www.google.co.jp/search?q=mutt+use_from&start=0&start=0&hl=ja&lr=lang_ja&ie=utf-8&oe=utf-8&client=firefox-a&rls=org.mozilla:ja-JP:official,1
1123789881,1123789881,1,http://www.google.co.jp/search?q=mutt+bcc&start=0&start=0&hl=ja&lr=lang_ja&ie=utf-8&oe=utf-8&client=firefox-a&rls=org.mozilla:ja-JP:official,1
1123862541,1123862541,1,http://www.google.com/search?hl=ja&lr=lang_ja&ie=SJIS&oe=SJIS&num=100&q=envelope_from,1
1124148196,1124148196,1,http://www.google.co.jp/search?q=mutt+bcc&num=100&hl=ja&hs=IcG&client=firefox&rls=org.mozilla:ja-JP:unofficial&lr=lang_ja&sa=X&oi=lrtip9,1
1124149030,1124149030,1,http://www.google.co.jp/search?sourceid=navclient&hl=ja&ie=UTF-8&rls=DVXA,DVXA:2005-27,DVXA:ja&q=mutt+bcc,1
1125909380,1125909380,1,http://66.102.7.104/search?q=cache:jtI1P0GuWBcJ:mutt-j.sourceforge.jp/pukiwiki/pukiwiki.php%3FMuttFaq+mutt+BCC&hl=ja&lr=lang_ja&client=firefox-a,1
1126131863,1126131819,2,http://www.google.co.jp/search?num=20&hl=ja&inlang=ja&q=mutt+smtp%E3%80%80%E8%A8%AD%E5%AE%9A&lr=lang_ja,1
1127201208,1127201208,1,http://www.google.com/search?client=opera&rls=ja&q=sendmail%E3%81%A7\'-t\'%E3%82%AA%E3%83%97%E3%82%B7%E3%83%A7%E3%83%B3&sourceid=opera&ie=utf-8&oe=utf-8,1
1128223110,1128223110,1,http://www.google.co.jp/search?hl=ja&ie=UTF-8&oe=UTF-8&lr=lang_ja&q=mutt+my_hdr&sourceid=mozilla-search,1
1128408728,1128408728,1,http://www.google.co.jp/search?as_q=mutt+smtp+sendmail&num=100&hl=ja&btnG=Google+%E6%A4%9C%E7%B4%A2&as_epq=&as_oq=&as_eq=&lr=lang_ja&as_ft=i&as_filetype=&as_qdr=all&as_occt=any&as_dt=i&as_sitesearch=,1
1129567133,1129567133,1,http://www.google.co.jp/search?q=mutt+SMTP%E3%82%B5%E3%83%BC%E3%83%90%E3%80%80%E8%A8%AD%E5%AE%9A&hl=ja&lr=&ie=UTF-8&inlang=ja&start=10&sa=N,1
1129836769,1129836769,1,http://www.google.co.jp/search?client=firefox-a&rls=org.mozilla%3Aja-JP%3Aofficial_s&hl=ja&q=%E3%83%98%E3%83%83%E3%83%80%E3%83%BC%E3%80%80Envelope_From&lr=&btnG=Google+%E6%A4%9C%E7%B4%A2,1
1130436101,1130436101,1,http://www.google.com/search?num=50&lr=lang_ja&ie=sjis&oe=sjis&q=wiki%20exim,1
1131384770,1131384770,1,http://search.yahoo.co.jp/search?p=sendmail+bcc&src=top&search_x=31&search_y=6&ei=UTF-8&pstart=1&fr=top&b=121,1
1131582555,1131582555,1,http://www.google.co.jp/search?hs=gmS&hl=ja&client=firefox&rls=org.mozilla%3Aja-JP%3Aunofficial&q=mutt+from+realname&btnG=Google+%E6%A4%9C%E7%B4%A2&lr=lang_ja,1
1131684730,1131684730,1,http://www.google.co.jp/search?hl=ja&q=mutt+%E8%A8%AD%E5%AE%9A+smtp&btnG=Google+%E6%A4%9C%E7%B4%A2&lr=,1
1132272784,1132272757,2,http://www.google.co.jp/search?hl=ja&q=envelope_from+%E8%A8%AD%E5%AE%9A&lr=,1
1132506326,1132506326,1,http://www.google.com/search?hl=ja&q=PHP+%22%E3%82%A8%E3%83%B3%E3%83%99%E3%83%AD%E3%83%BC%E3%83%97From%22&lr=,1
1133826587,1133826587,1,http://www.google.com/search?q=php+bcc+sendmail&hl=ja&client=safari&rls=ja-jp&lr=lang_ja&sa=X&oi=lrtip7,1
1134687190,1134687190,1,http://www.google.co.jp/search?hl=ja&q=mutt+bcc&btnG=Google+%E6%A4%9C%E7%B4%A2&lr=lang_ja,1
1136436238,1136436238,1,http://72.14.203.104/search?q=cache:ljh6CUTj9WsJ:mutt-j.sourceforge.jp/pukiwiki/pukiwiki.php%3FHeaderCache+mutt+header+cache&hl=ja&lr=lang_ja&client=firefox,1
1137114191,1137114191,1,http://www.google.com/search?num=100&hl=ja&q=my_hdr+BCC&btnG=Google+%E6%A4%9C%E7%B4%A2&lr=lang_ja,1
1137896660,1137896660,1,http://www.google.co.jp/custom?hl=ja&cof=AWFID%3AFSja6580092a4d638f4a%3BS%3Ahttp%3A%2F%2Fwww.zaq.ne.jp%2F%3BGL%3A0%3BAH%3Aleft%3BLH%3A45%3BL%3Ahttp%3A%2F%2Fwww.zaq.ne.jp%2Fimg%2Fg-header.gif%3BLW%3A96%3B&domains=www.zaq.ne.jp&sitesearch=&q=%83I%83v%83V%83%87%83%93%82%AA%95K%97v+BCC,1
1140651520,1140651520,1,http://www.google.co.jp/search?hl=ja&q=+envelope_from+mutt&btnG=Google+%E6%A4%9C%E7%B4%A2&lr=lang_ja,1
1141760452,1141760452,1,http://www.google.co.jp/search?hs=kb&hl=ja&client=firefox-a&rls=org.mozilla%3Aja-JP%3Aofficial&q=envelope_from+exim&btnG=Google+%E6%A4%9C%E7%B4%A2&lr=lang_ja,1
1142428427,1142428427,1,http://search.yahoo.co.jp/bin/search?p=php%A1%A1%A5%A8%A5%F3%A5%D9%A5%ED%A1%BC%A5%D7from+%C0%DF%C4%EA&fr=moz2&rls=org.mozilla:ja-JP:official,1
1144100824,1144100824,1,http://www.google.co.jp/search?hl=ja&client=firefox&rls=org.mozilla%3Aja%3Aofficial&q=mutt+bcc&btnG=Google+%E6%A4%9C%E7%B4%A2&lr=lang_ja,1
1144107720,1144107720,1,http://72.14.203.104/search?q=cache:bA6JhquAHqsJ:mutt-j.sourceforge.jp/pukiwiki/index.php%3FMuttFaq+postfix%E3%80%80%E2%80%9Dfrom%E3%82%92%E8%A8%AD%E5%AE%9A%E2%80%9D&hl=ja&gl=jp&ct=clnk&cd=5&lr=lang_ja,1
1144739057,1144739057,1,http://www.google.co.jp/search?hs=iA0&hl=ja&client=firefox&rls=org.mozilla%3Aja%3Aunofficial&q=mutt+envelope_from&btnG=Google+%E6%A4%9C%E7%B4%A2&lr=lang_ja,1
1145550308,1145550308,1,http://www.google.com/search?as_q=%22%E3%82%A8%E3%83%B3%E3%83%99%E3%83%AD%E3%83%BC%E3%83%97From%22&num=100&hl=ja&btnG=Google+%E6%A4%9C%E7%B4%A2&as_epq=&as_oq=&as_eq=&lr=&as_ft=i&as_filetype=&as_qdr=all&as_occt=any&as_dt=i&as_sitesearch=&as_rights=,1
1145571356,1145571356,1,http://www.google.co.jp/search?q=mutt+my_hdr&hl=ja&ie=UTF-8&inlang=ja&lr=lang_ja&sa=X&oi=lrtip7,1
1147592690,1147592690,1,http://www.google.co.jp/search?num=100&hl=ja&q=mutt%E3%80%80header+%E7%B7%A8%E9%9B%86&btnG=Google+%E6%A4%9C%E7%B4%A2&lr=,1
1149020081,1149020081,1,http://www.google.co.jp/search?q=sendmail+%E3%82%AA%E3%83%97%E3%82%B7%E3%83%A7%E3%83%B3+mutt&hl=ja&lr=lang_ja&c2coff=1&start=10&sa=N,1
1152567473,1152567473,1,http://72.14.235.104/search?q=cache:bA6JhquAHqsJ:mutt-j.sourceforge.jp/pukiwiki/index.php%3FMuttFaq+BCC+%E3%83%98%E3%83%83%E3%83%80+%E3%82%8F%E3%81%8B%E3%82%8B&hl=ja&ct=clnk&cd=15&lr=lang_ja,1
1152586230,1152586230,1,http://www.google.nl/search?hl=nl&safe=off&q=header+mutt+-H&btnG=Zoeken&meta=,1
1157321279,1157321279,1,http://www.google.co.jp/search?sourceid=navclient&hl=ja&ie=UTF-8&rls=GGLD,GGLD:2005-10,GGLD:ja&q=ENVELOPE%5FFROM&meta=cr%3DcountryJP,1
1157337210,1157337210,1,http://www.google.co.jp/hws/search?hl=ja&q=envelope_from+sendmail&client=fenrir&adsafe=off&safe=off&lr=lang_ja,1
1158082811,1158082811,1,http://www.google.co.jp/hws/search?hl=ja&q=sendmail+%22BCC%E3%82%92%E6%B6%88%E3%81%99%22&client=fenrir&adsafe=off&safe=off&lr=all&btnG.x=70&btnG.y=14,1
1159379145,1159379089,3,http://www.google.co.jp/hws/search?q=exim4+header+%E8%A8%AD%E5%AE%9A&client=fenrir&safe=off&adsafe=off&hl=ja&lr=lang_ja&ie=UTF-8&oe=UTF-8&start=10&br=,1
1160675718,1160675718,1,http://www.google.co.jp/search?hl=ja&q=php+envelope_from+%E5%A4%89%E6%9B%B4&lr=lang_ja,1
1162749203,1162749203,1,http://search.yahoo.co.jp/search?p=SMTP%E3%80%80%E3%82%A8%E3%83%A9%E3%83%BC%E3%80%80%EF%BC%A5%EF%BC%B8%EF%BC%A9%EF%BC%AD&tid=top_v2&ei=UTF-8&search_x=1&pstart=1&fr=top_v2&b=71,1
1168812823,1168812807,2,http://www.google.com/search?q=mutt%E3%80%80sendmail+%E8%A8%AD%E5%AE%9A&hl=ja&lr=&inlang=ja&start=30&sa=N,1
1169585496,1169585496,1,http://www.google.co.jp/search?q=envelope_from&start=0&hl=ja&lr=lang_ja&ie=utf-8&oe=utf-8&client=firefox&rls=org.mozilla:ja:official,1
1170035500,1170035500,1,http://72.14.235.104/search?q=cache:bA6JhquAHqsJ:mutt-j.sourceforge.jp/pukiwiki/index.php%3FMuttFaq+mutt+imap+postfix+%E8%A8%AD%E5%AE%9A&hl=ja&gl=jp&ct=clnk&cd=3,1
1171658890,1171658845,2,http://www.google.co.jp/search?num=30&hl=ja&newwindow=1&q=mutt+bcc&lr=lang_ja,1
1172511622,1172510726,2,http://www.google.co.jp/search?num=50&lr=lang_ja&ie=sjis&oe=sjis&q=mutt%20header,1
1172698708,1172698708,1,http://search.yahoo.co.jp/search?p=sendmail+from%A4%F2%C0%DF%C4%EA&fr=top_v2&tid=top_v2&ei=euc-jp&search.x=1,1
1173288675,1173288675,1,http://search.yahoo.co.jp/search?p=sendmail+FROM%E3%82%92%E8%A8%AD%E5%AE%9A&ei=UTF-8&fr=slv1-&x=wrt,1
1173504043,1173504043,1,http://www.google.co.jp/search?hl=ja&client=firefox&rls=org.mozilla%3Aja%3Aofficial&hs=YgM&q=mutt+bcc&btnG=Google+%E6%A4%9C%E7%B4%A2&lr=lang_ja,1
1174860068,1174860068,1,http://www.google.com/search?hl=ja&q=Mutt+%E3%82%A8%E3%83%B3%E3%83%99%E3%83%AD%E3%83%BC%E3%83%97&btnG=Google+%E6%A4%9C%E7%B4%A2&lr=,1
1175715435,1175715435,1,http://www.google.co.jp/search?q=my_hdr+from&hl=ja&lr=lang_ja&client=firefox&rls=org.mozilla:ja:official&hs=rSJ&start=10&sa=N,1
1176761484,1176761484,1,http://www.google.co.jp/search?hl=ja&rlz=1B2GGGL_jaJP203JP211&q=mutt+%E3%83%98%E3%83%83%E3%83%80%E3%80%80bcc&btnG=Google+%E6%A4%9C%E7%B4%A2&lr=,1
1178039312,1178039312,1,http://www.google.co.jp/search?hl=ja&inlang=ja&q=mutt+from+to+bcc&btnG=Google+%E6%A4%9C%E7%B4%A2&lr=lang_ja,1
1178408985,1178408985,1,http://www.google.co.jp/search?hl=ja&lr=lang_ja&num=100&q=envelope_from,1
1179699241,1179699241,1,http://www.google.co.jp/search?q=sendmail+%E3%82%A8%E3%83%B3%E3%83%99%E3%83%AD%E3%83%BC%E3%83%97%E3%80%80php&hl=ja&lr=&rlz=1T4GGIH_jaJP208JP208&start=20&sa=N,1
1180010155,1180010155,1,http://www.google.com/search?hl=ja&client=iceweasel-a&rls=org.debian%3Aen-US%3Aunofficial&q=mutt+exim4+%E9%80%81%E4%BF%A1&btnG=%E6%A4%9C%E7%B4%A2&lr=,1
1180996602,1180996602,1,http://www.google.co.jp/search?q=mutt+envelope_from&sourceid=navclient-ff&ie=UTF-8&rlz=1B3GGGL_ja___JP205,1
1185071475,1185071475,1,http://search.yahoo.co.jp/search?p=%E3%82%A8%E3%83%B3%E3%83%99%E3%83%AD%E3%83%BC%E3%83%97from+PHP&ei=UTF-8&fr=top_v2&x=wrt,1
1185072255,1185072255,1,http://search.yahoo.co.jp/search?p=%E3%82%A8%E3%83%B3%E3%83%99%E3%83%AD%E3%83%BC%E3%83%97from%E3%80%80PHP&ei=UTF-8&fr=top_v2&x=wrt,1
1189128755,1189128755,1,http://search.yahoo.co.jp/search?p=envelope_from&sp=1&tid=top_v2&ei=UTF-8&search_x=1&y=8&fr=top_v2&SpellState=n-1521769921_q-qHmc3uI8Z4cLuMkVrd1HHAAAAA%40%40,1
1197042956,1197042956,1,http://ezsch.ezweb.ne.jp/search/?sr=0101&query=bcc%20%8F%C1%82%B7,1
1198549903,1198549903,1,http://www.google.co.jp/search?hl=ja&q=header%20mutt&lr=lang_ja,1
1198624589,1198624589,1,http://www.google.co.jp/search?hl=ja&q=envelope_from&btnG=Google+%E6%A4%9C%E7%B4%A2&lr=lang_ja,1
1199302663,1199302663,1,http://www.google.co.jp/search?q=mutt+exim4+%E9%80%81%E4%BF%A1%09&hl=ja&lr=&inlang=ja&ie=UTF-8&start=10&sa=N,1
1201118781,1201118781,1,http://www.google.co.jp/search?q=envelope_from&hl=ja&lr=lang_ja&sa=X&oi=lrtip&ct=restrict&cad=7,1
1201829652,1201829652,1,http://www.google.co.jp/hws/search?hl=ja&q=envelope_from&client=fenrir&adsafe=off&safe=off&lr=lang_ja,1
1202854164,1202854164,1,http://www.google.co.jp/search?num=20&hl=ja&q=envelope_from+%E3%83%98%E3%83%83%E3%83%80&lr=lang_ja,1
1204143105,1204143105,1,http://www.google.com/search?hl=ja&safe=off&rls=HPND%2CHPND%3A2006-48%2CHPND%3Aja&q=envelope_from&lr=lang_ja,1
1208065608,1208065608,1,http://search.yahoo.co.jp/search?p=Envelope_from&search.x=1&fr=top_ga1&tid=top_ga1&ei=UTF-8,1
1211409965,1211409965,1,http://www.google.co.jp/search?hl=ja&rlz=1T4SUNA_jaJP270JP271&q=envelope_from&btnG=%E6%A4%9C%E7%B4%A2&lr=lang_ja,1
1219008604,1219008604,1,http://search.yahoo.co.jp/search?p=bcc+SMTP+%E6%B6%88%E3%81%99&search.x=1&fr=top_ga1&tid=top_ga1&ei=UTF-8,1
1220225809,1220225809,1,http://www.google.com/search?hl=ja&lr=lang_ja&ie=UTF-8&oe=UTF-8&q=sendmail+Bcc+%E6%B6%88%E3%81%95%E3%81%AA%E3%81%84&num=50,1
1233609463,1233609463,1,http://www.google.co.jp/search?hl=ja&client=firefox-a&rls=org.mozilla%3Aja%3Aofficial&hs=y0t&q=pukiwiki+%E3%83%98%E3%83%83%E3%83%80%E3%83%BC&btnG=%E6%A4%9C%E7%B4%A2&lr=lang_ja,1
1233792985,1233792985,1,http://www.google.co.jp/search?hl=ja&safe=off&q=envelope_from&lr=lang_ja,1
1235601470,1235601470,1,http://www.google.co.jp/search?hl=ja&q=mutt+%E3%82%A8%E3%83%B3%E3%83%99%E3%83%AD%E3%83%BC%E3%83%96+From&meta=lr%3D&aq=f,1
1237263224,1237263224,1,http://www.google.co.jp/search?q=bcc+%E3%83%98%E3%83%83%E3%83%80%E3%83%BC+%E6%B6%88%E3%81%95%E3%81%AA%E3%81%84&lr=lang_ja&ie=utf-8&oe=utf-8&aq=t&rls=org.mozilla:ja:official&client=firefox-a,1
1246299025,1246299025,1,http://ssf.gamedb.info/wiki/?cmd=edit&page=PukiWiki%2F1.4%2FManual%2FPlugin%2FV-Z,1
1246475232,1246475232,1,http://www.google.co.jp/search?hl=ja&rlz=1B3GGGL_jaJP313JP313&q=mutt+%E3%83%98%E3%83%83%E3%83%80&btnG=%E6%A4%9C%E7%B4%A2&lr=,1
1246822537,1246822537,1,http://www.google.co.jp/search?q=Envelope_From&hl=ja&lr=lang_ja&start=10&sa=N,1
1246822795,1246822795,1,http://search.yahoo.co.jp/search?p=Envelope_From&search.x=1&fr=top_ga1_lt73_sa&tid=top_ga1_lt73_sa&ei=UTF-8&aq=&oq=,1
1247103006,1247103006,1,http://www.google.co.jp/search?hl=ja&q=smtp+%E9%80%9A%E4%BF%A1%E3%80%80%E3%83%98%E3%83%83%E3%83%80%E3%83%BC%E8%A8%AD%E5%AE%9A&lr=lang_ja,1
1248191327,1248191327,1,http://search.yahoo.co.jp/search?p=%EF%BD%82%EF%BD%83%EF%BD%83%E3%82%92%E6%B6%88%E3%81%99&search.x=1&fr=top_ga1_sa&tid=top_ga1_sa&ei=UTF-8&aq=&oq=,1
1248283969,1248283969,1,http://www.google.co.jp/search?hl=ja&q=mutt+%E3%82%A8%E3%83%B3%E3%83%99%E3%83%AD%E3%83%BC%E3%83%97&lr=lang_ja,1
1250729368,1250729338,2,http://74.125.153.132/search?q=cache:bA6JhquAHqsJ:mutt-j.sourceforge.jp/pukiwiki/index.php%3FMuttFaq+mutt+%E5%89%8A%E9%99%A4+%E3%81%94%E3%81%BF%E7%AE%B1&cd=1&hl=ja&ct=clnk&lr=lang_ja,1
1251989485,1251989485,1,http://www.google.co.jp/search?q=mutt+%E3%83%98%E3%83%83%E3%83%80&lr=lang_ja&ie=utf-8&oe=utf-8&aq=t&rls=org.mozilla:ja-JP-mac:official&client=firefox-a,1
1252259632,1252259632,1,http://www.google.co.jp/search?q=mutt+%E3%83%98%E3%83%83%E3%83%80%E3%83%BC+%E8%BF%BD%E5%8A%A0&btnG=%E6%A4%9C%E7%B4%A2&hl=ja&lr=&safe=off&client=firefox-a&rls=org.gentoo%3Aen-US%3Aofficial&sa=2,1
1252508569,1252508569,1,http://search.www.infoseek.co.jp/Web?qt=envelope_from+%E3%81%A8%E3%81%AF&col=OW&svx=101102,1
1254169831,1254169563,2,http://www.google.com/search?hl=ja&lr=lang_ja&ie=UTF-8&oe=UTF-8&q=mutt+%E3%83%98%E3%83%83%E3%83%80&num=50,1
1254279084,1254279084,1,http://www.google.co.jp/hws/search?hl=ja&q=mutt+%E3%83%98%E3%83%83%E3%83%80&client=fenrir&adsafe=off&safe=off&lr=lang_ja,1
1255989479,1255989479,1,http://search.yahoo.co.jp/search?p=%E3%82%A8%E3%83%B3%E3%83%99%E3%83%AD%E3%83%BC%E3%83%97from%E3%80%80%E8%A8%AD%E5%AE%9A&search.x=1&fr=top_ga1_sa&tid=top_ga1_sa&ei=UTF-8&aq=&oq=,1
1258324518,1258324518,1,http://www.google.co.jp/search?hl=ja&num=100&newwindow=1&q=exim+bcc&btnG=%E6%A4%9C%E7%B4%A2&lr=lang_ja&aq=f&oq=,1
1260499024,1260499024,1,http://www.google.co.jp/search?q=smtp+%E3%83%98%E3%83%83%E3%83%80%E3%80%80BCC%E3%81%8C%E6%B6%88%E3%81%88%E3%81%AA%E3%81%84&hl=ja&ie=UTF-8,1
1263407621,1263407621,1,http://www.google.co.jp/search?hl=ja&num=100&q=mutt+%E3%83%98%E3%83%83%E3%83%80%E3%83%BC+%E8%BF%BD%E5%8A%A0&btnG=%E6%A4%9C%E7%B4%A2&lr=lang_ja,1
1266943185,1266943185,1,http://www.google.co.jp/search?hl=ja&q=envelope_from&lr=lang_ja,1
1267481525,1267481525,1,http://www.google.co.jp/search?hl=ja&q=mutt+%E3%83%98%E3%83%83%E3%83%80&btnG=%E6%A4%9C%E7%B4%A2&lr=&aq=f&oq=,1
1268181116,1268181116,1,http://search.yahoo.co.jp/search?p=php+%E3%82%A8%E3%83%B3%E3%83%99%E3%83%AD%E3%83%BC%E3%83%97From&ei=UTF-8&fr=top_ga1_sa&x=wrt,1
1271730759,1271730759,1,http://www.google.co.jp/search?q=bcc%E3%81%8C%E6%B6%88%E3%81%88%E3%81%AA%E3%81%84+sendmail&btnG=%E6%A4%9C%E7%B4%A2&hl=ja&lr=&sa=2,1
1273767722,1273767722,1,http://www.google.co.jp/search?hl=ja&source=hp&q=MUA+BCC+%E3%83%98%E3%83%83%E3%83%80&aq=f&aqi=&aql=&oq=&gs_rfai=,1
1274059595,1274059595,1,http://www.google.co.jp/search?hl=ja&lr=lang_ja&tbs=lr%3Alang_1ja&q=+mutt+sendmail+exim4&aq=f&aqi=&aql=&oq=&gs_rfai=,1
1275518675,1275518372,2,http://search.yahoo.co.jp/search?p=mutt+write_bcc&ei=UTF-8&fr=top_ga1_sa&x=wrt&meta=vc%3D,1
1278809006,1278809006,1,http://search.yahoo.co.jp/search?p=sendmail+%E8%A8%AD%E5%AE%9A%E3%80%80mutt&search.x=1&fr=top_ga1_sa&tid=top_ga1_sa&ei=UTF-8&aq=&oq=,1
1281632958,1281632958,1,http://search.yahoo.co.jp/search?p=%E3%82%A8%E3%83%B3%E3%83%99%E3%83%AD%E3%83%BC%E3%83%97From%E3%81%A8%E3%81%AF&aq=-1&oq=&ei=UTF-8&fr=top_ga1_sa&x=wrt,1
1286378558,1286378558,1,http://search.yahoo.co.jp/search?p=BCC%E3%82%92%E6%B6%88%E3%81%99&aq=-1&oq=&ei=UTF-8&fr=top_ga1&x=wrt,1
1287350018,1287350018,1,http://www.google.co.jp/search?q=sendmail+bcc+%E6%B6%88%E3%81%95%E3%81%AA%E3%81%84&ie=utf-8&oe=utf-8&aq=t&rls=org.mozilla:ja:official&hl=ja&client=firefox-a,1
1297805342,1297805342,1,http://www.google.co.jp/search?q=Mutt+%E3%82%A8%E3%83%B3%E3%83%99%E3%83%AD%E3%83%BC%E3%83%97From&ie=utf-8&oe=utf-8&aq=t&rls=org.mozilla:ja:official&hl=ja&client=firefox-a,1
1298432783,1298432783,1,http://www.google.co.jp/search?q=mutt+header&ie=utf-8&oe=utf-8&aq=t&rls=org.mozilla:en-US:official&client=firefox-a,1
1315435027,1315435027,1,http://www.google.co.jp/url?sa=t&source=web&cd=5&ved=0CDMQFjAE&url=http%3A%2F%2Fmutt-j.sourceforge.jp%2Fpukiwiki%2Findex.php%3FMuttFaq%252FHeader&rct=j&q=jwiki%20php5%20%E3%82%A8%E3%83%A9%E3%83%BC&ei=mnBoTri1JcqfmQX5koCtDA&usg=AFQjCNEpoRZVnuBKSeUESkRvny_2qGv_dw,1
1344778376,1344778376,1,http://docomo.ne.jp/cp/as-rslt.cgi?pno=1&key=mail+header+%8f%c1%82%b7%82%c9%82%cd&sid=00,1
1351528086,1351528086,1,http://www.google.co.jp/url?sa=t&rct=j&q=envelope_from+%E8%A8%AD%E5%AE%9A&source=web&cd=1&ved=0CCEQFjAA&url=http%3A%2F%2Fmutt-j.sourceforge.jp%2Fpukiwiki%2Findex.php%3FMuttFaq%252FHeader&ei=CC2PUOf2KZCbmQWJ-4H4Aw&usg=AFQjCNEpoRZVnuBKSeUESkRvny_2qGv_dw,1
1361009754,1361009754,1,http://www.google.com/url?sa=t&rct=j&q=&esrc=s&source=web&cd=5&ved=0CEoQFjAE&url=http%3A%2F%2Fmutt-j.sourceforge.jp%2Fpukiwiki%2Findex.php%3FMuttFaq%252FHeader&ei=QNofUb2eE6bzmAXYwYHoDA&usg=AFQjCNEpoRZVnuBKSeUESkRvny_2qGv_dw&sig2=DNEebUI0qmP00be9-IAu-Q&bvm=bv.42553238,d.dGY,1
1363536289,1363536289,1,http://www.google.co.jp/url?sa=t&rct=j&q=bcc%E3%83%98%E3%83%83%E3%83%80+%E6%B6%88%E3%81%95%E3%81%AA%E3%81%84&source=web&cd=2&ved=0CDIQFjAB&url=http%3A%2F%2Fmutt-j.sourceforge.jp%2Fpukiwiki%2Findex.php%3FMuttFaq%252FHeader&ei=ImhGUf19x4TIAdbOgZAD&usg=AFQjCNEpoRZVnuBKSeUESkRvny_2qGv_dw&bvm=bv.43828540,d.aWc&cad=rja,1
1412113188,1366147987,2,https://www.google.co.jp/,1
1377039094,1377039094,1,http://www.google.co.jp/url?sa=t&rct=j&q=&esrc=s&frm=1&source=web&cd=12&ved=0CDUQFjABOAo&url=http%3A%2F%2Fmutt-j.sourceforge.jp%2Fpukiwiki%2Findex.php%3FMuttFaq%252FHeader&ei=eHEUUvz0PIrykQWR24HICQ&usg=AFQjCNEpoRZVnuBKSeUESkRvny_2qGv_dw&sig2=h-N7wwyHSzHc_N4JB_Z1Zg,1
1379521835,1379521835,1,http://www.google.co.jp/url?sa=t&rct=j&q=&esrc=s&source=web&cd=2&ved=0CC8QFjAB&url=http%3A%2F%2Fmutt-j.sourceforge.jp%2Fpukiwiki%2Fpukiwiki.php%3FMuttFaq%252FHeader&ei=qFM6Ur7lDIOpkwX5xICQCA&usg=AFQjCNEQLtX5MoDp7RkLAckEs02WHvH6Eg&sig2=Z7f0PTPcmqe7_NB3GvoedA&bvm=bv.52288139,d.dGI,1
1398806605,1398806605,1,http://search.yahoo.co.jp/search?p=Bcc%E3%81%AE%E3%83%98%E3%83%83%E3%83%80%E3%81%AF%E3%81%84%E3%81%A4%E6%B6%88%E3%81%88%E3%82%8B&ei=UTF-8&fr=mozff,1
