1107323061,1107323061,1,http://www.google.com/search?num=100&hl=ja&q=mutt+wiki+patchlist&btnG=Google+%E6%A4%9C%E7%B4%A2&lr=lang_ja,1
1118633933,1118633933,1,http://www.google.co.jp/search?hl=ja&ie=Shift_JIS&q=mutt+nntp&btnG=Google+%8C%9F%8D%F5&lr=lang_ja,1
1146248057,1119983558,3,http://www.google.co.jp/search?hl=ja&ie=Shift_JIS&q=mutt+%83A%83h%83%8C%83X%92%A0&btnG=Google+%8C%9F%8D%F5&lr=,1
1122951745,1122951745,1,http://www.google.com/search?q=mutt+%E3%82%A2%E3%83%89%E3%83%AC%E3%82%B9%E5%B8%B3&sourceid=opera&num=0&ie=utf-8&oe=utf-8,1
1126593232,1124164883,2,http://search.yahoo.co.jp/bin/query?p=mutt+%a5%a2%a5%c9%a5%ec%a5%b9%c4%a2&fr=top,1
1124268099,1124268099,1,http://www.google.co.jp/search?q=mutt+%22-pattern%22&num=100&hl=ja&hs=2Y6&client=firefox&rls=org.mozilla:ja-JP:unofficial&lr=lang_ja&sa=X&oi=lrtip9,1
1124312972,1124312972,1,http://www.google.co.jp/search?q=mutt+%E3%82%A2%E3%83%89%E3%83%AC%E3%82%B9%E5%B8%B3&start=0&start=0&hl=ja&lr=lang_ja&ie=utf-8&oe=utf-8&client=firefox-a&rls=org.mozilla:ja-JP:official,1
1124400848,1124400848,1,http://www.google.co.jp/search?q=muttrc+source&start=0&start=0&hl=ja&lr=lang_ja&ie=utf-8&oe=utf-8&client=firefox-a&rls=org.mozilla:ja-JP:official,1
1124906140,1124906140,1,http://www.google.co.jp/search?sourceid=navclient-ff&ie=UTF-8&q=sample.muttrc,1
1125978762,1125978762,1,http://www.google.co.jp/search?q=mutt+muttrc&num=100&hl=ja&hs=KWH&newwindow=1&c2coff=1&client=firefox&rls=org.mozilla:ja-JP:unofficial&lr=lang_ja&sa=X&oi=lrtip8,1
1126034023,1126034023,1,http://www.google.co.jp/search?hs=EyV&hl=ja&safe=off&c2coff=1&client=firefox-a&rls=org.mozilla%3Aen-US%3Aofficial&q=mutt+pattern&btnG=Google+%E6%A4%9C%E7%B4%A2&lr=lang_ja,1
1128007645,1128007645,1,http://www.google.co.jp/search?q=mutt+muttrc&hl=ja&lr=lang_ja&ie=UTF-8&inlang=ja&start=20&sa=N,1
1128022603,1128022603,1,http://www.google.com/search?sourceid=navclient&ie=UTF-8&rls=GGLG,GGLG:2005-38,GGLG:en&q=mutt+%E3%82%A2%E3%83%89%E3%83%AC%E3%82%B9%E5%B8%B3+alias,1
1128290416,1128290416,1,http://www.google.com/search?num=50&hl=ja&q=mutt+%E3%82%A2%E3%83%89%E3%83%AC%E3%82%B9%E5%B8%B3&lr=lang_ja,1
1128366035,1128366035,1,http://www.google.co.jp/search?hs=fzx&hl=ja&client=firefox-a&rls=org.mozilla%3Aen-US%3Aofficial&q=mutt+nntp&btnG=Google+%E6%A4%9C%E7%B4%A2&lr=lang_ja,1
1143940500,1143940500,1,http://www.google.co.jp/search?sourceid=navclient&hl=ja&ie=UTF-8&rls=GGLG,GGLG:2006-14,GGLG:ja&q=mutt+%E3%82%A2%E3%83%89%E3%83%AC%E3%82%B9%E5%B8%B3,1
1129063357,1129063357,1,http://www.google.com/search?client=opera&rls=ja&q=mutt-j+source&sourceid=opera&num=100&ie=utf-8&oe=utf-8,1
1129501446,1129501446,1,http://www.google.co.jp/search?hl=ja&ie=euc-jp&lr=&lr=lang_ja&q=mutt+%A5%A2%A5%C9%A5%EC%A5%B9%C4%A2&btnG=%B8%A1%BA%F7,1
1139875844,1129811282,3,http://www.google.co.jp/search?hl=ja&q=mutt+%E3%82%A2%E3%83%89%E3%83%AC%E3%82%B9%E5%B8%B3&btnG=Google+%E6%A4%9C%E7%B4%A2&lr=,1
1130573134,1130573134,1,http://www.google.co.jp/search?hs=7AE&hl=ja&client=firefox-a&rls=org.mozilla%3Aen-US%3Aofficial&q=mutt+nntp&btnG=Google+%E6%A4%9C%E7%B4%A2&lr=lang_ja,1
1132195851,1132195851,1,http://www.google.co.jp/search?hl=ja&q=%E3%82%AF%E3%82%A8%E3%83%AA%E3%81%8C%E5%BF%85%E8%A6%81%E3%81%A7%E3%81%99&btnG=Google+%E6%A4%9C%E7%B4%A2&lr=,1
1132518301,1132518301,1,http://www.google.co.jp/search?hl=ja&ie=Shift_JIS&q=NNTP+MUTT&btnG=Google+%8C%9F%8D%F5&lr=lang_ja,1
1133214498,1133214498,1,http://www.google.co.jp/search?q=mutt+%E5%89%8A%E9%99%A4+muttrc&hl=ja&lr=lang_ja&start=10&sa=N,1
1133238825,1133238825,1,http://search.yahoo.co.jp/search?p=mutt+nntp&fr=top&src=top&search.x=0&search.y=0,1
1138921788,1138921788,1,http://www.google.co.jp/search?sourceid=navclient-ff&ie=UTF-8&rls=GGGL,GGGL:2005-09,GGGL:ja&q=Mutt+%E3%82%A2%E3%83%89%E3%83%AC%E3%82%B9%E5%B8%B3,1
1133820318,1133820318,1,http://www.google.co.jp/search?hl=ja&client=firefox-a&rls=org.mozilla%3Aja-JP%3Aofficial&q=ALIAS_FILE+ldap%3A&btnG=Google+%E6%A4%9C%E7%B4%A2&lr=lang_ja,1
1135149066,1135149066,1,http://www.google.co.jp/search?q=mutt+%E3%82%A2%E3%83%89%E3%83%AC%E3%82%B9%E5%B8%B3&btnG=Google+%E6%A4%9C%E7%B4%A2&hs=pEl&hl=ja&client=firefox&rls=org.mozilla%3Aja%3Aofficial,1
1136490770,1136490770,1,http://www.google.co.jp/search?q=mutt-j+muttrc&btnG=Google+%E6%A4%9C%E7%B4%A2&hl=ja,1
1136857824,1136857824,1,http://www.google.co.jp/search?num=50&hl=ja&inlang=ja&ie=Shift_JIS&oe=Shift_JIS&newwindow=1&q=ALIAS_FILE&lr=lang_ja,1
1137646802,1137646802,1,http://www.google.com/search?q=mutt+%E3%82%A2%E3%83%89%E3%83%AC%E3%82%B9%E5%B8%B3&hl=ja&btnG=Google+%E6%A4%9C%E7%B4%A2&lr=lang_ja,1
1138204799,1138204799,1,http://www.google.co.jp/search?hs=6Fa&hl=ja&client=firefox-a&rls=org.mozilla%3Aen-US%3Aofficial&q=mutt+nntp&btnG=Google+%E6%A4%9C%E7%B4%A2&lr=lang_ja,1
1139352855,1139352855,1,http://www.google.com/search?num=100&hl=ja&q=mutt+%E3%82%A2%E3%83%89%E3%83%AC%E3%82%B9%E5%B8%B3&btnG=Google+%E6%A4%9C%E7%B4%A2&lr=,1
1140077560,1140077560,1,http://www.google.co.jp/search?hs=kSR&hl=ja&client=firefox&rls=org.mozilla%3Aja%3Aofficial&q=IMAP+%E6%B6%88%E3%81%97%E3%81%A6%E3%81%97%E3%81%BE%E3%81%A3%E3%81%9F+%E6%9C%80%E6%96%B0%E3%81%AE&btnG=Google+%E6%A4%9C%E7%B4%A2&lr=,1
1140514257,1140514257,1,http://www.google.co.jp/search?hl=ja&c2coff=1&rls=GGGL%2CGGGL%3A2005-09%2CGGGL%3Aen&q=mutt+nntp&btnG=Google+%E6%A4%9C%E7%B4%A2&lr=lang_ja,1
1141074810,1141074810,1,http://www.google.co.jp/search?hl=ja&q=alias_file+ldap&lr=lang_ja,1
1141587085,1141587085,1,http://www.google.co.jp/search?hl=ja&q=ALIAS_FILE+ldap&lr=lang_ja,1
1141623432,1141623432,1,http://www.google.co.jp/search?hl=ja&c2coff=1&rls=GGGL%2CGGGL%3A2005-09%2CGGGL%3Aen&q=mutt+NNTP&btnG=Google+%E6%A4%9C%E7%B4%A2&lr=lang_ja,1
1144816805,1144816798,2,http://www.google.com/search?q=mutt+nntp&hl=ja&lr=lang_ja&num=100,1
1146004121,1146004121,1,http://www.google.co.jp/search?q=mutt+%83A%83h%83%8C%83X%92%A0&btnG=Google+%8C%9F%8D%F5&hl=ja&inlang=ja&ie=Shift_JIS,1
1147871263,1147871263,1,http://www.google.co.jp/search?q=mutt+%E3%82%A2%E3%83%89%E3%83%AC%E3%82%B9%E5%B8%B3&hl=ja&lr=&ie=UTF-8&inlang=ja&start=20&sa=N,1
1154909508,1154909508,1,http://www.google.co.jp/search?q=alias+%E3%80%80%E5%88%A9%E3%81%8B%E3%81%AA%E3%81%84&hl=ja&lr=lang_ja&start=10&sa=N,1
1160102306,1160102306,1,http://72.14.235.104/search?q=cache:bA6JhquAHqsJ:mutt-j.sourceforge.jp/pukiwiki/index.php%3FMuttFaq+mutt+%E3%82%A2%E3%83%89%E3%83%AC%E3%82%B9%E5%B8%B3&hl=ja&gl=jp&ct=clnk&cd=9,1
1161877337,1161877337,1,http://www.google.co.jp/search?q=mutt+%90%dd%92%e8%81%40%93%c7%82%dd%8fo%82%b5&btnG=Google+%8c%9f%8d%f5&hl=ja&inlang=ja&ie=Shift_JIS,1
1170438776,1170438776,1,http://www.google.co.jp/search?q=mutt+%E3%82%A2%E3%83%89%E3%83%AC%E3%82%B9%E5%B8%B3,1
1173669067,1173669067,1,http://www.google.co.jp/search?q=MUTT+LDAP&hl=ja&lr=lang_ja&ie=UTF-8&inlang=ja&start=10&sa=N,1
1173802453,1173802453,1,http://www.google.co.jp/search?q=mutt+%E6%AD%A3%E8%A6%8F%E8%A1%A8%E7%8F%BE&ie=utf-8&oe=utf-8&aq=t&rls=org.mozilla:en-US:official&client=firefox-a,1
1174950553,1174950535,2,http://www.google.com/search?q=mutt+%E3%83%A1%E3%83%83%E3%82%BB%E3%83%BC%E3%82%B8+%E5%89%8A%E9%99%A4&hl=ja&lr=lang_ja&start=10&sa=N,1
1175970064,1175970064,1,http://search.yahoo.co.jp/search?p=%EF%BC%B1%E3%83%95%E3%83%83%E3%82%AF&ei=UTF-8&pstart=1&fr=top_v2&b=11,1
1176158729,1176158729,1,http://search.yahoo.co.jp/search?p=macro+%E3%82%A8%E3%82%A4%E3%83%AA%E3%82%A2%E3%82%B9+sample&ei=UTF-8&fr=slv1-fftbtop&fl=0&x=wrt&meta=vc%3D,1
1176584405,1176584405,2,http://www.google.co.jp/search?q=mutt+%E3%82%A2%E3%83%89%E3%83%AC%E3%82%B9%E5%B8%B3&lr=lang_ja&ie=utf-8&oe=utf-8&aq=t&rls=org.mozilla:ja:official&client=firefox,1
1178366438,1178366438,1,http://www.google.co.jp/search?num=100&hl=ja&q=alias_file+mutt&btnG=Google+%E6%A4%9C%E7%B4%A2&lr=,1
1178852693,1178852693,1,http://search.yahoo.co.jp/search?p=mutt+-f+%E5%89%8A%E9%99%A4+%5ED&ei=UTF-8&fr=top_v2&x=wrt,1
1181488307,1181488307,1,http://www.google.co.jp/search?q=mutt+%E3%82%A2%E3%83%89%E3%83%AC%E3%82%B9%E5%B8%B3&lr=lang_ja&ie=utf-8&oe=utf-8&aq=t&rls=org.mozilla:ja-JP-mac:official&client=firefox,1
1181527951,1181527951,1,http://www.google.co.jp/search?sourceid=navclient&hl=ja&ie=UTF-8&rls=GGLJ,GGLJ:2006-28,GGLJ:ja&q=Mutt+%e3%82%a2%e3%83%89%e3%83%ac%e3%82%b9%e5%b8%b3,1
1182538069,1182538069,1,http://www.google.co.jp/search?q=mutt+%E6%AD%A3%E8%A6%8F%E8%A1%A8%E7%8F%BE&sourceid=navclient-ff&ie=UTF-8&rlz=1B3GGGL_jaJP226JP226,1
1182581086,1182581086,1,http://ws.mobile.yahoo.co.jp/bin/search?p=%b1%c4%de%da%bd%92%a0%20%95%9c%8bA&c=on&safe=0&age=&fr=m_top_e,1
1186421260,1186421260,1,http://search.yahoo.co.jp/search?p=Q%E3%83%95%E3%83%83%E3%82%AF&ei=UTF-8&fr=top_v2&x=wrt,1
1188432139,1188432139,1,http://search.yahoo.co.jp/search?p=frontpage+%E3%82%AB%E3%83%BC%E3%82%BD%E3%83%AB%E3%80%80%E5%90%88%E3%82%8F%E3%81%9B%E3%82%8B+%E3%83%A1%E3%83%83%E3%82%BB%E3%83%BC%E3%82%B8&ei=UTF-8&fr=top_v2&x=wrt,1
1189973918,1189973918,1,http://ws.mobile.yahoo.co.jp/bin/search?p=ALIAS+%B4%B2%D8%B1%BD&c=on&b=5&safe=0&age=&fr=m_top_e,1
1200592202,1200592202,1,http://209.85.175.104/search?q=cache:bA6JhquAHqsJ:mutt-j.sourceforge.jp/pukiwiki/index.php%3FMuttFaq+qmail+%E3%82%A8%E3%82%A4%E3%83%AA%E3%82%A2%E3%82%B9%E3%80%80%E8%A8%AD%E5%AE%9A%E3%81%97%E3%81%9F%E3%81%AE%E3%81%AB&hl=ja&ct=clnk&cd=1&gl=jp,1
1206039793,1206039793,1,http://209.85.175.104/search?q=cache:bA6JhquAHqsJ:mutt-j.sourceforge.jp/pukiwiki/index.php%3FMuttFaq+mutt+%E3%82%A2%E3%83%89%E3%83%AC%E3%82%B9%E5%B8%B3&hl=ja&ct=clnk&cd=1&gl=jp,1
1206063144,1206063144,1,http://search.yahoo.co.jp/search?p=mutt+%E3%82%A2%E3%83%89%E3%83%AC%E3%82%B9%E5%B8%B3&sp=1&search_x=1&tid=top_ga1&ei=UTF-8&fr=top_ga1&SpellState=n-3339096456_q-BcJ0SESKqB%2FmPJjMhSBHtQAAAA%40%40,1
1208625785,1208625785,1,http://209.85.175.104/search?q=cache:bA6JhquAHqsJ:mutt-j.sourceforge.jp/pukiwiki/index.php%3FMuttFaq+mutt+%E3%82%A2%E3%83%89%E3%83%AC%E3%82%B9%E5%B8%B3&hl=ja&ct=clnk&cd=1&client=iceweasel-a,1
1209336881,1209336881,1,http://www.google.co.jp/search?hl=ja&client=firefox-a&channel=s&rls=org.mozilla%3Aja%3Aofficial&hs=0EO&q=php%E3%81%8B%E3%82%89%E3%82%A8%E3%82%A4%E3%83%AA%E3%82%A2%E3%82%B9%E3%82%92%E3%83%AA%E3%83%AD%E3%83%BC%E3%83%89%E3%81%95%E3%81%9B%E3%82%8B&btnG=%E6%A4%9C%E7%B4%A2&lr=,1
1210881258,1210881258,1,http://209.85.175.104/search?q=cache:bA6JhquAHqsJ:mutt-j.sourceforge.jp/pukiwiki/index.php%3FMuttFaq+mutt+%E3%82%A2%E3%83%89%E3%83%AC%E3%82%B9%E5%B8%B3&hl=en&ct=clnk&cd=1&client=safari,1
1216249285,1216249285,1,http://www.google.com/search?hl=ja&q=%E7%94%BB%E9%9D%A2%E3%82%92%E3%83%95%E3%83%83%E3%82%AF%E3%81%97%E3%81%A6%E6%AD%A3%E8%A6%8F%E8%A1%A8%E7%8F%BE&btnG=%E6%A4%9C%E7%B4%A2&lr=,1
1227813165,1227813165,1,http://www.google.co.jp/search?hl=ja&q=.muttrc+%E3%82%A2%E3%83%89%E3%83%AC%E3%82%B9%E5%B8%B3&btnG=%E6%A4%9C%E7%B4%A2&lr=,1
1232749312,1232749312,1,http://www.google.co.jp/search?q=status_format+mutt&hl=ja&client=firefox-a&channel=s&rls=org.mozilla:ja:official&hs=f5c&lr=lang_ja&sa=X&oi=lrtip&ct=restrict&cad=9,1
1238310569,1238310569,1,http://www.google.co.jp/search?q=muttrc+alias+imap&hl=ja&lr=lang_ja&start=10&sa=N,1
1266904044,1244009058,2,http://74.125.153.132/search?q=cache:bA6JhquAHqsJ:mutt-j.sourceforge.jp/pukiwiki/index.php%3FMuttFaq+mutt+%E3%82%A2%E3%83%89%E3%83%AC%E3%82%B9%E5%B8%B3&cd=1&hl=ja&ct=clnk&gl=jp&client=firefox-a,1
1249075762,1249075762,1,http://74.125.153.132/search?q=cache:bA6JhquAHqsJ:mutt-j.sourceforge.jp/pukiwiki/index.php%3FMuttFaq+mutt+%E3%82%A2%E3%83%89%E3%83%AC%E3%82%B9%E5%B8%B3&cd=1&hl=en&ct=clnk&client=firefox-a,1
1250730706,1250730706,1,http://74.125.153.132/search?q=cache:bA6JhquAHqsJ:mutt-j.sourceforge.jp/pukiwiki/index.php%3FMuttFaq+mutt+%E5%89%8A%E9%99%A4+%E3%81%94%E3%81%BF%E7%AE%B1&cd=1&hl=ja&ct=clnk&lr=lang_ja,1
1256167329,1256167329,1,http://search.yahoo.co.jp/search?p=mutt+%E3%82%A2%E3%83%89%E3%83%AC%E3%82%B9%E5%B8%B3&search.x=1&fr=top_ga1_sa&tid=top_ga1_sa&ei=UTF-8&aq=&oq=,1
1258043148,1258043148,1,http://74.125.153.132/search?q=cache:bA6JhquAHqsJ:mutt-j.sourceforge.jp/pukiwiki/index.php%3FMuttFaq+mutt+nntp&cd=1&hl=ja&ct=clnk&client=safari,1
1258176414,1258176414,1,http://74.125.153.132/search?q=cache:bA6JhquAHqsJ:mutt-j.sourceforge.jp/pukiwiki/index.php%3FMuttFaq+nntp+mutt&cd=1&hl=ja&ct=clnk&gl=jp&lr=lang_ja&client=firefox-a,1
1263523265,1263523265,1,http://www.google.com/search?hl=en&safe=off&num=100&q=mutt+%E3%83%9E%E3%82%AF%E3%83%AD++%E6%9D%A1%E4%BB%B6&aq=f&oq=&aqi=,1
1263529144,1263529144,1,http://www.google.com/search?hl=en&safe=off&num=100&q=status_format+muttrc+%E6%97%A5%E6%9C%AC%E8%AA%9E%E3%81%AE&aq=f&oq=&aqi=,1
1265366727,1265366727,1,http://www.google.co.jp/search?hl=ja&source=hp&q=mutt+%E5%89%8A%E9%99%A4+%E5%BE%A9%E6%B4%BB&btnG=Google+%E6%A4%9C%E7%B4%A2&lr=&aq=f&oq=,1
1265997079,1265997079,1,http://www.google.co.jp/search?hl=ja&safe=off&client=firefox-a&rls=com.ubuntu%3Aja%3Aofficial&hs=LJT&q=mutt+%E3%82%AF%E3%82%A8%E3%83%AA&btnG=%E6%A4%9C%E7%B4%A2&lr=&aq=f&oq=,1
1273390821,1273390821,1,http://www.google.com/search?client=ubuntu&channel=fs&q=Mutt+%E3%82%A8%E3%82%A4%E3%83%AA%E3%82%A2%E3%82%B9&ie=utf-8&oe=utf-8,1
1276920633,1276920633,1,http://www.google.co.jp/search?sourceid=chrome&ie=UTF-8&q=mutt+%E6%AD%A3%E8%A6%8F%E8%A1%A8%E7%8F%BE,1
1278117828,1278117828,1,http://www.google.co.jp/search?as_q=mutt+nntp+%82%CC+%90%DD%92%E8&hl=ja&ie=Shift_JIS&num=100&as_epq=&btnG=Google+%8C%9F%8D%F5&as_oq=&as_eq=&lr=&cr=&as_ft=i&as_filetype=&as_qdr=all&as_occt=any&as_dt=i&as_sitesearch=&as_rights=&safe=images,1
1279143416,1279143416,1,http://www.google.co.jp/search?hl=ja&lr=lang_ja&tbs=lr%3Alang_1ja&q=mutt+query&aq=f&aqi=&aql=&oq=&gs_rfai=&gs_upl=3607%2C400%2C10%2C2%2C133%2C327%2C2%2C7%2C0%2C1,1
1286328079,1286328079,1,http://www.google.co.jp/search?q=mutt+%E3%82%B3%E3%83%B3%E3%83%91%E3%82%A4%E3%83%AB%E3%80%80imap&hl=ja&client=firefox-a&channel=s&rls=org.mozilla:ja:official&biw=994&bih=594&ei=lkysTNqOGZOwcf6ZveAE&start=10&sa=N,1
1317251609,1293148996,5,http://webcache.googleusercontent.com/search?q=cache:bA6JhquAHqsJ:mutt-j.sourceforge.jp/pukiwiki/index.php%3FMuttFaq+mutt+%E3%82%A2%E3%83%89%E3%83%AC%E3%82%B9%E5%B8%B3&cd=1&hl=ja&ct=clnk&gl=jp&lr=lang_ja,1
1299784341,1299784341,1,http://webcache.googleusercontent.com/search?q=cache:bA6JhquAHqsJ:mutt-j.sourceforge.jp/pukiwiki/index.php%3FMuttFaq+mutt+%E3%82%A2%E3%83%89%E3%83%AC%E3%82%B9%E5%B8%B3%E3%80%80&cd=1&hl=ja&ct=clnk&source=www.google.com,1
1325399532,1325399532,1,http://www.google.co.jp/url?sa=t&rct=j&q=mutt-j+%E3%82%B3%E3%83%B3%E3%83%91%E3%82%A4%E3%83%AB&source=web&cd=1&ved=0CB4QFjAA&url=http%3A%2F%2Fmutt-j.sourceforge.jp%2Fpukiwiki%2Fpukiwiki.php%3FMuttFaq%252FMisc&ei=UnwAT8CtE-WgmQXXnuGAAg&usg=AFQjCNH__0V2uZRHbMlGxpLl3a4hxZVGwQ,1
1327337498,1327337498,1,http://www.google.co.jp/url?sa=t&rct=j&q=muttrc-tt&source=web&cd=1&ved=0CCUQFjAA&url=http%3A%2F%2Fmutt-j.sourceforge.jp%2Fpukiwiki%2Fpukiwiki.php%3FMuttFaq%252FMisc&ei=gA4eT7__DtGYiAfh5cnUDQ&usg=AFQjCNH__0V2uZRHbMlGxpLl3a4hxZVGwQ,1
1333400735,1333400735,1,http://webcache.googleusercontent.com/search?charset=sjis&num=50&sort=1&s=Search!&hl=ja&q=cache:jtI1P0GuWBcJ:http://mutt-j.sourceforge.jp/pukiwiki/pukiwiki.php?MuttFaq+mutt+%E3%82%A2%E3%83%89%E3%83%AC%E3%82%B9%E5%B8%B3&ct=clnk,1
1336668041,1336668041,1,http://www.google.co.jp/url?sa=t&rct=j&q=mutt%20query&source=web&cd=3&ved=0CGIQFjAC&url=http%3A%2F%2Fmutt-j.sourceforge.jp%2Fpukiwiki%2Fpukiwiki.php%3FMuttFaq%252FMisc&ei=Cm6sT-Z54daYBa_wua4E&usg=AFQjCNH__0V2uZRHbMlGxpLl3a4hxZVGwQ&cad=rja,1
1348784559,1348784559,1,http://www.google.co.jp/url?sa=t&rct=j&q=muttfaq&source=web&cd=3&ved=0CDYQFjAC&url=http%3A%2F%2Fmutt-j.sourceforge.jp%2Fpukiwiki%2Fpukiwiki.php%3FMuttFaq%252FMisc&ei=N1BlUMjzGsmOrgeeuoDwCA&usg=AFQjCNH__0V2uZRHbMlGxpLl3a4hxZVGwQ,1
1354834689,1354834689,1,http://www.google.co.jp/url?sa=t&rct=j&q=%E6%AD%A3%E8%A6%8F%E8%A1%A8%E7%8F%BE%E3%80%80%E3%83%95%E3%83%83%E3%82%AF%E3%80%80%E3%82%AD%E3%83%BC&source=web&cd=6&ved=0CFAQFjAF&url=http%3A%2F%2Fmutt-j.sourceforge.jp%2Fpukiwiki%2Findex.php%3FMuttFaq%252FMisc&ei=aaHBUJylHOvImAWP-ICgBA&usg=AFQjCNHewxpN_3ntWFFwh7SbOY3Pi3MVlg,1
1355153457,1355153457,1,http://www.google.com/url?sa=t&rct=j&q=&esrc=s&source=web&cd=5&ved=0CEwQFjAE&url=http%3A%2F%2Fmutt-j.sourceforge.jp%2Fpukiwiki%2Findex.php%3FMuttFaq%252FMisc&ei=pH7GUJCIHKOhmQW704D4DQ&usg=AFQjCNHewxpN_3ntWFFwh7SbOY3Pi3MVlg,1
1362612369,1362612369,1,http://www.google.co.jp/url?sa=t&rct=j&q=&esrc=s&source=web&cd=5&ved=0CEYQFjAE&url=http%3A%2F%2Fmutt-j.sourceforge.jp%2Fpukiwiki%2Findex.php%3FMuttFaq%252FMisc&ei=GE84Uc-WHISKlAWG_IDYDQ&usg=AFQjCNHewxpN_3ntWFFwh7SbOY3Pi3MVlg&bvm=bv.43287494,d.dGI,1
1366569508,1366569508,1,http://www.google.co.jp/url?sa=t&rct=j&q=&esrc=s&source=web&cd=5&ved=0CF4QFjAE&url=http%3A%2F%2Fmutt-j.sourceforge.jp%2Fpukiwiki%2Findex.php%3FMuttFaq%252FMisc&ei=rbB0UZykHe-ZiQerk4DACg&usg=AFQjCNHewxpN_3ntWFFwh7SbOY3Pi3MVlg&sig2=2OUPvIdRmc8k7AjN-ODY5A&bvm=bv.45512109,d.aGc,1
1366835005,1366835005,1,http://search.yahoo.co.jp/search?p=mutt+alias+%E3%82%A2%E3%83%89%E3%83%AC%E3%82%B9%E5%B8%B3&aq=-1&oq=&ei=UTF-8&fr=top_ga1_sa&fl=0&vc=countryJP&x=wrt,1
1366837176,1366837176,1,http://search.yahoo.co.jp/search?p=mutt+%E3%82%A8%E3%82%A4%E3%83%AA%E3%83%A4%E3%82%B9&aq=-1&ei=UTF-8&pstart=1&fr=top_ga1_sa&b=21,1
1424016643,1374963568,3,https://www.google.co.jp/,1
