1130369562,1130369562,1,http://www.bloglines.com/myblogs,1
1130371107,1130371107,1,http://www.bloglines.com/myblogs_display?folder=15345837,1
1139015551,1132524241,2,http://www.google.co.jp/search?hl=ja&q=.mail_aliases&btnG=Google+%E6%A4%9C%E7%B4%A2&lr=lang_ja,1
1139343618,1139343617,2,http://www.google.co.jp/search?q=PHP+pager&hl=ja&hs=Pp1&lr=lang_ja&client=firefox-a&rls=org.mozilla:ja-JP:official_s&start=10&sa=N,1
1139720118,1139720118,1,http://www.google.co.jp/search?q=%E3%82%B4%E3%83%9F%E7%AE%B1+windows+%E5%AE%9F%E6%85%8B&hl=ja&lr=&start=10&sa=N,1
1140354219,1140354219,1,http://www.google.nl/search?hl=nl&client=firefox&rls=org.mozilla%3Aen-US%3Aunofficial&q=mutt+fetchmail+wiki&btnG=Zoeken&meta=,1
1140822939,1140822817,2,http://www.google.com/search?hl=ja&lr=lang_ja&ie=UTF-8&oe=UTF-8&q=mutt+%E3%83%95%E3%82%A9%E3%83%AB%E3%83%80+%E7%A7%BB%E5%8B%95&num=100,1
1143792083,1143792083,1,http://www.google.co.jp/search?hl=ja&inlang=ja&ie=Shift_JIS&q=mutt+urlview&btnG=Google+%8C%9F%8D%F5&lr=lang_ja,1
1144342426,1144342426,1,http://www.google.fr/search?q=macro+mutt&sourceid=mozilla-search&start=0&start=0&ie=utf-8&oe=utf-8&client=firefox&rls=org.mozilla:en-US:unofficial,1
1299194012,1144606909,2,http://www.google.com/search?hl=ja&lr=lang_ja&ie=UTF-8&oe=UTF-8&q=mutt+windows&num=50,1
1145423408,1145423408,1,http://www.google.co.jp/search?num=50&hl=ja&newwindow=1&q=urlview&btnG=Google+%E6%A4%9C%E7%B4%A2&lr=lang_ja,1
1146131257,1146131257,1,http://www.google.com/search?hl=cs&q=macro+mutt&btnG=Vyhledat+Googlem&lr=,1
1146458806,1146458806,1,http://www.google.co.jp/search?num=50&hl=ja&lr=lang_ja&q=%6D%75%74%74%20%6D%61%63%72%6F%20%69%6E%64%65%78,1
1147106663,1147106663,1,http://www.google.co.jp/search?q=mutt+urlview&hl=ja&hs=4jG&lr=lang_ja&client=firefox&rls=org.mozilla:ja:official&start=10&sa=N,1
1147106896,1147106896,1,http://www.google.co.jp/search?q=mutt+urlview+&hl=ja&hs=AVb&lr=lang_ja&client=firefox&rls=org.mozilla:ja:official&start=10&sa=N,1
1147146239,1147146239,1,http://www.google.com/search?hl=ja&client=opera&rls=ja&q=mail_aliases&btnG=Google+%E6%A4%9C%E7%B4%A2&lr=lang_ja,1
1147482297,1147482297,1,http://www.google.com/search?num=50&hl=ja&q=mutt+trash&btnG=Google+%E6%A4%9C%E7%B4%A2&lr=lang_ja,1
1147506257,1147505691,2,http://www.google.com/search?num=50&hl=ja&q=mutt+%E3%82%B4%E3%83%9F%E7%AE%B1&lr=lang_ja,1
1147512090,1147512090,1,http://www.google.co.jp/search?num=50&hl=ja&inlang=ja&ie=Shift_JIS&oe=Shift_JIS&q=folder-hook+%8D%ED%8F%9C+mutt&lr=,1
1147817833,1147817833,1,http://www.google.co.jp/search?hl=ja&q=mutt+macro&btnG=Google+%E6%A4%9C%E7%B4%A2&lr=lang_ja,1
1167365754,1148172195,2,http://www.google.co.jp/search?hl=ja&q=mutt+imap+trash&btnG=Google+%E6%A4%9C%E7%B4%A2&lr=lang_ja,1
1148417017,1148417017,1,http://www.google.co.jp/search?q=urlview&hl=ja&lr=lang_ja&rls=GGGL,GGGL:2005-09,GGGL:ja&start=20&sa=N,1
1157220468,1149703475,2,http://www.google.co.jp/search?q=mutt+macro&start=0&hl=ja&lr=lang_ja&ie=utf-8&oe=utf-8&client=firefox&rls=org.mozilla:ja:official,1
1149744019,1149744019,1,http://www.google.co.jp/search?hl=ja&c2coff=1&rls=GGGL%2CGGGL%3A2006-10%2CGGGL%3Aja&q=mutt+trash&btnG=Google+%E6%A4%9C%E7%B4%A2&lr=lang_ja,1
1151888435,1151888435,1,http://www.google.com/search?q=macro+mutt&start=0&ie=utf-8&oe=utf-8&client=firefox&rls=org.mozilla:en-US:unofficial,1
1153163494,1153163494,1,http://www.google.co.jp/search?hl=ja&client=firefox&rls=org.mozilla%3Aja%3Aofficial&q=mutt+macro&btnG=Google+%E6%A4%9C%E7%B4%A2&lr=lang_ja,1
1154461058,1154461058,1,http://www.live.com/?FORM=IE7&mkt=ja-jp&q=FMACRO,1
1155090334,1155090334,1,http://www.google.co.jp/search?q=mutt+trash&start=0&hl=ja&lr=lang_ja&ie=utf-8&oe=utf-8&client=firefox&rls=org.mozilla:ja:official,1
1155845646,1155845646,1,http://www.google.co.jp/search?hl=ja&client=firefox&rls=org.mozilla%3Aja-JP%3Aunofficial&q=mutt+urlview&btnG=Google+%E6%A4%9C%E7%B4%A2&lr=lang_ja,1
1155947799,1155947799,1,http://www.google.com/search?hs=GqM&hl=ja&client=opera&rls=en&q=mutt+.urlview&btnG=Google+%E6%A4%9C%E7%B4%A2&lr=,1
1156455292,1156455292,1,http://www.google.co.jp/search?q=mutt+windows&start=0&hl=ja&lr=lang_ja&ie=utf-8&oe=utf-8&client=firefox&rls=org.mozilla:ja:official,1
1157038653,1157036619,2,http://www.google.co.jp/search?q=mutt+Trash&num=50&hl=ja&inlang=ja&ie=Shift_JIS&oe=Shift_JIS,1
1158367718,1158367718,1,http://www.google.co.jp/hws/search?hl=ja&q=.mail_aliases&client=fenrir&adsafe=off&safe=off&lr=lang_ja,1
1158703365,1158703365,1,http://www.google.co.jp/hws/search?hl=ja&q=mail_aliases&client=fenrir&adsafe=off&safe=off&lr=lang_ja,1
1158866500,1158866500,1,http://www.google.co.jp/search?hs=Kow&hl=ja&client=firefox-a&rls=org.mozilla%3Aen-US%3Aofficial&q=mutt+%E5%89%8A%E9%99%A4+trash&btnG=Google+%E6%A4%9C%E7%B4%A2&lr=,1
1159076750,1159076750,1,http://www.google.co.jp/hws/search?hl=ja&q=urlview&client=fenrir&adsafe=off&safe=off&lr=lang_ja,1
1159163106,1159163106,1,http://www.google.co.jp/search?q=mutt+%E3%83%A1%E3%83%BC%E3%83%AB%E3%81%AE%E5%89%8A%E9%99%A4&start=0&hl=ja&lr=lang_ja&ie=utf-8&oe=utf-8&client=firefox&rls=org.mozilla:ja:official,1
1159204190,1159204190,1,http://www.google.co.jp/search?q=mutt+folder-hook+macro&hl=ja&num=20&ie=EUC-JP&oe=EUC-JP&btnG=Google%B8%A1%BA%F7&lr=lang_ja,1
1219076518,1159222798,3,http://www.google.co.jp/search?hl=ja&q=mutt+macro&btnG=Google+%E6%A4%9C%E7%B4%A2&lr=,1
1159288297,1159288297,1,http://www.google.com/search?hl=ja&lr=lang_ja&ie=SJIS&oe=SJIS&num=100&q=mutt+trash,1
1159521850,1159301061,2,http://www.google.co.jp/search?hl=ja&q=mutt+windows&btnG=Google+%E6%A4%9C%E7%B4%A2&lr=lang_ja,1
1160395749,1160395749,1,http://www.google.com.ua/search?hl=ru&q=mutt+%2B+mail_aliases&btnG=%D0%9F%D0%BE%D0%B8%D1%81%D0%BA&meta=,1
1160705265,1160705265,1,http://www.google.co.jp/search?complete=1&hl=ja&q=.mail_aliases%E3%82%92&btnG=Google+%E6%A4%9C%E7%B4%A2&lr=lang_ja,1
1161618263,1161618263,1,http://www.google.co.jp/search?q=.mail_aliases&hl=ja&lr=lang_ja&rls=GGLG,GGLG:2005-40,GGLG:ja&start=10&sa=N,1
1162083761,1161891591,2,http://www.google.co.jp/search?hl=ja&ie=Shift_JIS&q=mutt+macro&btnG=Google+%8C%9F%8D%F5&lr=lang_ja,1
1162242002,1162242002,1,http://www.google.co.jp/search?q=mutt+%E3%82%A2%E3%83%89%E3%83%AC%E3%82%B9%E5%B8%B3&lr=lang_ja&ie=utf-8&oe=utf-8&rls=org.mozilla:ja:official&client=firefox,1
1162661146,1162661146,1,http://www.google.com/search?q=urlview&num=50&hl=ja&safe=off&lr=lang_ja&sa=X&oi=lrtip&ct=restrict&cad=8,1
1163028306,1163028306,1,http://www.google.co.jp/search?num=100&hl=ja&rls=GGGL%2CGGGL%3A2006-13%2CGGGL%3Aja&q=mutt+%E3%82%A2%E3%83%89%E3%83%AC%E3%82%B9%E5%B8%B3&btnG=Google+%E6%A4%9C%E7%B4%A2&lr=,1
1163282562,1163282562,1,http://www.google.co.jp/search?hl=ja&q=mutt+urlview&btnG=Google+%E6%A4%9C%E7%B4%A2&lr=lang_ja,1
1163413594,1163413594,1,http://ezsch.ezweb.ne.jp/search/?query=macro,1
1164053495,1164053495,1,http://www.google.co.jp/search?q=Mutt+Windows&hl=ja&hs=0S1&lr=lang_ja&client=firefox&rls=org.mozilla:ja:official&start=10&sa=N,1
1165951184,1165951184,1,http://www.google.co.jp/search?sourceid=navclient-ff&ie=UTF-8&rls=GGGL,GGGL:2006-17,GGGL:ja&q=mutt+macro+index,1
1165216590,1165216590,1,http://www.google.co.jp/search?q=mutt+%E3%83%95%E3%82%A9%E3%83%AB%E3%83%80+%E7%A7%BB%E5%8B%95&lr=lang_ja&ie=utf-8&oe=utf-8&rls=org.mozilla:ja:official&client=firefox,1
1165311144,1165311144,1,http://www.google.co.jp/search?q=urlview&lr=lang_ja&ie=utf-8&oe=utf-8&rls=org.mozilla:ja:official&client=firefox,1
1166885933,1166885933,1,http://www.google.com/search?hl=ja&complete=1&q=mutt%20macro&safe=off,1
1167160962,1167160955,2,http://www.google.com/search?hl=ja&lr=lang_ja&q=urlview,1
1167898532,1167898532,1,http://www.google.com/search?hl=nl&client=firefox-a&rls=org.mozilla%3Aen-US%3Aofficial&hs=yXq&q=folder-hook+macro+mutt&btnG=Zoeken&lr=,1
1167958449,1167958449,1,http://www.google.com/search?hl=ja&q=mutt+urlview&lr=lang_ja,1
1168616014,1168616014,1,http://www.google.co.jp/search?q=Mutt+windows&lr=lang_ja&ie=utf-8&oe=utf-8&rls=org.mozilla:ja:official&client=firefox,1
1168941781,1168941781,1,http://www.google.co.jp/search?hl=ja&client=firefox&rls=org.mozilla%3Aja-JP%3Aunofficial&hs=JcY&q=mutt+%E5%89%8A%E9%99%A4+index&btnG=Google+%E6%A4%9C%E7%B4%A2&lr=,1
1170020040,1170020040,1,http://www.google.co.jp/search?hl=ja&client=firefox&rls=org.mozilla:ja:official&sa=X&oi=spell&resnum=0&ct=result&cd=1&q=mutt+trash&spell=1,1
1170630966,1170630966,1,http://search.yahoo.co.jp/search?p=.mail_aliases&ei=UTF-8&fr=top_v2&x=wrt&meta=vl%3Dlang_ja,1
1170877738,1170877738,1,http://www.google.com/search?q=mutt+%E3%83%95%E3%82%A9%E3%83%AB%E3%83%80+%E7%A7%BB%E5%8B%95&btnG=Google+%E6%A4%9C%E7%B4%A2&hl=ja,1
1171007711,1171007711,1,http://www.google.co.jp/search?hl=ja&rls=GGLJ%2CGGLJ%3A2006-31%2CGGLJ%3Aja&q=.mail_aliases+php&lr=lang_ja,1
1171273405,1171273405,1,http://www.google.fi/search?hl=fi&client=firefox-a&rls=org.mozilla%3Aen-US%3Aofficial&hs=JU0&q=macro+mutt&btnG=Hae&meta=,1
1171570525,1171569901,2,http://www.google.co.jp/search?q=mutt+%E3%83%95%E3%82%A9%E3%83%AB%E3%83%80+%E7%A7%BB%E5%8B%95&start=0&hl=ja&lr=lang_ja&ie=utf-8&oe=utf-8&client=firefox&rls=org.mozilla:ja:official,1
1172077342,1172077342,1,http://www.google.co.jp/search?hl=ja&c2coff=1&q=.urlview&btnG=Google+%E6%A4%9C%E7%B4%A2&lr=lang_ja,1
1173487758,1173487758,1,http://www.google.com/search?q=windows+mutt&num=50&hl=ja,1
1173767275,1173767275,1,http://search.msn.co.jp/results.aspx?q=F+macro&cp=65001&first=21&FORM=PERE2,1
1174745994,1174745994,1,http://www.google.co.jp/search?hl=ja&q=mutt+Trash&lr=lang_ja,1
1175715512,1175715512,1,http://www.google.com/search?hl=en&q=mutt+trash&btnG=Google+Search,1
1176316225,1176316225,1,http://www.google.co.jp/search?q=pukiwiki+macro&lr=lang_ja&ie=utf-8&oe=utf-8&aq=t&rls=org.mozilla:ja-JP-mac:official&client=firefox,1
1176704068,1176704052,2,http://www.google.co.jp/search?q=mutt+macro&btnG=Google+%E6%A4%9C%E7%B4%A2&hl=ja,1
1176838803,1176838803,1,http://www.google.co.jp/search?hl=ja&q=mutt+faq+macro&btnG=Google+%E6%A4%9C%E7%B4%A2&lr=,1
1177014503,1177014503,1,http://www.google.co.jp/search?q=mutt+%E4%BE%BF%E5%88%A9%E3%81%AA%E3%83%9E%E3%82%AF%E3%83%AD&sourceid=navclient-ff&ie=UTF-8&rls=GGGL,GGGL:2006-28,GGGL:ja&aq=t,1
1177606168,1177606168,1,http://www.google.co.jp/search?hl=ja&client=firefox&rls=org.mozilla%3Aja%3Aofficial&hs=XLF&q=mail_aliases+%E8%A8%AD%E5%AE%9A&btnG=Google+%E6%A4%9C%E7%B4%A2&lr=lang_ja,1
1177812231,1177812231,1,http://search.yahoo.co.jp/search?p=.mail_aliases&ei=UTF-8&fr=top_v2&x=wrt,1
1179170211,1179170211,1,http://www.google.com/search?hl=ja&newwindow=1&rls=GGGL%2CGGGL%3A2006-10%2CGGGL%3Aja&q=mutt+%E3%82%B4%E3%83%9F%E7%AE%B1&btnG=Google+%E6%A4%9C%E7%B4%A2&lr=,1
1179260268,1179260268,1,http://ezsch.ezweb.ne.jp/search/?sr=0101&query=macro,1
1179350354,1179350354,1,http://www.google.co.jp/search?hl=ja&client=firefox&rls=org.mozilla%3Aja%3Aofficial&hs=NxD&q=mutt+windows&btnG=Google+%E6%A4%9C%E7%B4%A2&lr=lang_ja,1
1179970678,1179970678,1,http://www.google.hu/search?q=mutt+trash+&ie=utf-8&oe=utf-8&aq=t&rls=org.mozilla:hu:official&client=firefox-a,1
1180422498,1180422498,1,http://www.google.co.jp/search?hl=ja&client=firefox&rls=org.mozilla%3Aja-JP-mac%3Aofficial&q=mutt+deleted+OR+trash&btnG=%E6%A4%9C%E7%B4%A2&lr=lang_ja,1
1180423503,1180423503,1,http://www.google.co.jp/search?hl=ja&client=firefox&rls=org.mozilla%3Aja-JP-mac%3Aofficial&q=mutt+folder-hook+deleted+OR+trash&btnG=%E6%A4%9C%E7%B4%A2&lr=lang_ja,1
1181852206,1181852206,1,http://www.google.co.jp/search?q=mutt+macro&ie=utf-8&oe=utf-8&aq=t&rls=org.mozilla:en-US:official&client=firefox-a,1
1182049096,1182049096,1,http://ezsch.ezweb.ne.jp/search/?sr=0101&query=%82%8D%82%81%82%83%82%92%82%8F,1
1182506411,1182506411,1,http://www.google.com/search?client=opera&rls=en&q=mutt+.Trash&sourceid=opera&ie=utf-8&oe=utf-8,1
1184134772,1184134772,1,http://www.google.be/search?q=macro%20mutt,1
1185158956,1185155567,2,http://www.google.co.jp/search?hl=ja&ie=Shift_JIS&q=mutt+%83A%83h%83%8C%83X%92%A0&btnG=Google+%8C%9F%8D%F5&lr=,1
1186520703,1186520703,1,http://www.google.co.jp/search?hl=ja&ie=Shift_JIS&q=urlview+mutt&btnG=Google+%8C%9F%8D%F5&lr=,1
1186923298,1186923298,1,http://www.google.com/search?q=mutt+trash&rls=com.microsoft:*&ie=UTF-8&oe=UTF-8&startIndex=&startPage=1,1
1187538347,1187538347,1,http://www.google.com/search?num=100&hl=ja&safe=off&q=mutt+%E3%82%B4%E3%83%9F%E7%AE%B1&btnG=%E6%A4%9C%E7%B4%A2&lr=lang_ja,1
1188865762,1188865762,1,http://www.google.co.jp/search?hl=ja&client=firefox&rls=org.mozilla%3Aja%3Aofficial&q=mutt+macro&btnG=%E6%A4%9C%E7%B4%A2&lr=lang_ja,1
1189560746,1189560746,1,http://ezsch.ezweb.ne.jp/search/ezGoogleMain.php?query=%83%7D%83N%83%8D%81%40%83%81%81%5B%83%8B+%8BN%93%AE&start-index=4&adpage=2&mode=02,1
1189667284,1189667284,1,http://search.msn.co.jp/results.aspx?q=fmacro&FORM=MSNH&cp=65001,1
1190444861,1190444467,5,http://www.google.co.jp/search?q=mutt+fetchmail&hl=ja&lr=lang_ja&pwst=1&start=10&sa=N,1
1190929400,1190929376,2,http://search.yahoo.co.jp/search?p=mutt+windows&ei=UTF-8&fr=top_v2&x=wrt,1
1193084210,1193084210,1,http://www.google.co.jp/search?q=Mutt+macro&lr=lang_ja&ie=utf-8&oe=utf-8&aq=t&rls=org.mozilla:ja:official&client=firefox,1
1194292921,1194292921,1,http://ezsch.ezweb.ne.jp/search/ezGoogleMain.php?query=macro&ct=&pd=1&sr=0000,1
1194376899,1194376899,1,http://www.google.co.jp/search?q=mutt+%E3%82%A2%E3%83%89%E3%83%AC%E3%82%B9%E5%B8%B3&lr=lang_ja&ie=utf-8&oe=utf-8&aq=t&rls=org.mozilla:ja:official&client=firefox,1
1194412374,1194412374,1,http://search.yahoo.co.jp/search?p=mail_aliases&fr=top_v2&tid=top_v2&ei=euc-jp&search.x=1,1
1195335278,1195335278,1,http://www.google.co.jp/search?q=urlview&lr=lang_ja&ie=utf-8&oe=utf-8&aq=t&rls=org.mozilla:ja:official&client=firefox,1
1195652158,1195652158,1,http://72.14.235.104/search?q=cache:bA6JhquAHqsJ:mutt-j.sourceforge.jp/pukiwiki/index.php%3FMuttFaq+mutt+macro&hl=ja&ct=clnk&cd=14&gl=jp,1
1195666225,1195666225,1,http://www.google.com/search?hl=ja&lr=lang_ja&ie=SJIS&oe=SJIS&q=mutt+macro,1
1196712476,1196712476,1,http://www.google.com/search?q=mutt%20trash,1
1196877965,1196877965,1,http://www.google.co.jp/search?q=mutt+trash&sourceid=navclient-ff&ie=UTF-8&rlz=1B2GGGL_jaJP175JP175,1
1196879417,1196879417,1,http://www.google.co.jp/search?q=mutt+trash+macro&sourceid=navclient-ff&ie=UTF-8&rlz=1B2GGGL_jaJP175JP175,1
1197388682,1197388682,1,http://www.google.co.jp/search?hl=ja&q=mutt+%E3%82%B4%E3%83%9F%E7%AE%B1&btnG=%E6%A4%9C%E7%B4%A2&lr=,1
1197922950,1197922950,1,http://www.google.co.jp/search?hl=ja&ie=Shift_JIS&q=urlview+mutt&btnG=Google+%8C%9F%8D%F5&lr=lang_ja,1
1198031919,1198031919,1,http://www.google.co.jp/search?hl=ja&q=mutt+Trash&btnG=%E6%A4%9C%E7%B4%A2&lr=,1
1199306134,1199306134,1,http://www.google.com/search?client=safari&rls=ja-jp&q=mutt+trash&ie=UTF-8&oe=UTF-8,1
1199720300,1199720300,1,http://www.google.co.jp/search?q=mutt+trash&ie=utf-8&oe=utf-8&aq=t&rls=com.mandriva:en-US:official&client=firefox-a,1
1200465762,1200465762,1,http://www.google.co.jp/search?q=%2F.mutt%2Fmail_aliases&lr=lang_ja&ie=utf-8&oe=utf-8&aq=t&rls=org.mozilla:ja:official&client=firefox-a,1
1200526117,1200526117,1,http://www.google.co.jp/search?hl=ja&q=mutt+trash&btnG=Google+%E6%A4%9C%E7%B4%A2&lr=,1
1220083507,1201036596,2,http://www.google.co.jp/search?q=mutt+macro&lr=lang_ja&ie=utf-8&oe=utf-8&aq=t&rls=org.mozilla:ja:official&client=firefox-a,1
1201194252,1201194252,1,http://search.yahoo.co.jp/search?p=mutt+%E6%97%A5%E6%9C%AC%E8%AA%9E+vi&ei=UTF-8&fr=top_ga1&x=wrt&meta=vc%3D,1
1202087445,1202087445,1,http://209.85.175.104/search?q=cache:bA6JhquAHqsJ:mutt-j.sourceforge.jp/pukiwiki/index.php%3FMuttFaq+mutt+%E9%81%85%E3%81%84&hl=ja&ct=clnk&cd=2&gl=jp,1
1202792413,1202792413,1,http://www.google.co.jp/search?q=trash+imap+mutt&lr=lang_ja&ie=utf-8&oe=utf-8&aq=t&rls=org.mozilla:ja:official&client=firefox-a,1
1203368278,1203368278,1,http://www.google.co.jp/search?q=urlview+mutt&ie=utf-8&oe=utf-8&aq=t&rls=org.mozilla:en-US:official&client=firefox-a,1
1203548693,1203548693,1,http://www.google.co.jp/search?q=urlview+mutt+macro&ie=utf-8&oe=utf-8&aq=t&rls=org.mozilla:en-US:official&client=firefox-a,1
1203869842,1203869842,1,http://www.google.com/search?num=50&hl=ja&q=mutt+macro+fetchmail+%E3%83%95%E3%82%A9%E3%83%AB%E3%83%80&lr=lang_ja,1
1204219901,1204219901,1,http://www.google.co.jp/search?hl=ja&rlz=1B3GGGL_jaJP203JP203&q=mutt+trash&btnG=%E6%A4%9C%E7%B4%A2&lr=,1
1205019008,1205019008,1,http://www.google.co.jp/search?q=mutt+trash&ie=utf-8&oe=utf-8&aq=t&rls=com.ubuntu:ja:official&client=firefox-a,1
1205126016,1205126016,1,http://www.google.com/search?hl=ja&q=mutt+macro&btnG=Google+%E6%A4%9C%E7%B4%A2&lr=,1
1205983676,1205983676,1,http://search.yahoo.co.jp/search?p=%E3%83%A1%E3%83%BC%E3%83%AB+.mail_aliases&ei=UTF-8&fr=top_ga1&x=wrt,1
1206063086,1206063086,1,http://search.yahoo.co.jp/search?p=mutt+%E3%82%A2%E3%83%89%E3%83%AC%E3%82%B9%E5%B8%B3&sp=1&search_x=1&tid=top_ga1&ei=UTF-8&fr=top_ga1&SpellState=n-3339096456_q-BcJ0SESKqB%2FmPJjMhSBHtQAAAA%40%40,1
1206987562,1206987562,1,http://www.google.com/search?num=50&hl=ja&lr=lang_ja&q=%6D%75%74%74%20%69%6D%61%70%20%74%72%61%73%68,1
1206999671,1206991237,2,http://www.google.com/search?num=50&hl=ja&lr=lang_ja&q=%6D%75%74%74%20%74%72%61%73%68,1
1206993763,1206993763,1,http://www.google.com/search?num=50&hl=ja&q=mutt+trash&lr=lang_ja,1
1207345264,1207345264,1,http://www.mooter.co.jp/moot/?keywords=mutt+imap+trash&lr=ja,1
1208166924,1208166924,1,http://www.google.co.kr/search?q=mutt+macro+Trash&complete=1&hl=ko&lr=&newwindow=1&start=10&sa=N,1
1208370542,1208370542,1,http://www.google.co.jp/search?hl=ja&rlz=1T4GGLJ_jaJP227JP227&q=n-macro&btnG=%E6%A4%9C%E7%B4%A2&lr=lang_ja,1
1208850978,1208850978,1,http://www.google.com/search?q=macro+mutt&ie=utf-8&oe=utf-8&aq=t&rls=org.debian:ja:unofficial&client=iceweasel-a,1
1210290596,1210290596,1,http://www.google.co.jp/search?q=mutt%E3%80%80%E3%82%B4%E3%83%9F%E7%AE%B1&ie=utf-8&oe=utf-8&aq=t&rls=org.mozilla:en-US:official&client=firefox-a,1
1211390190,1211390190,1,http://www.google.co.jp/search?hl=ja&q=mutt+macro&lr=lang_ja,1
1212079286,1212079286,1,http://www.google.co.jp/search?hl=ja&client=firefox&rls=org.mozilla%3Aja%3Aofficial&q=mutt+%E3%83%95%E3%82%A9%E3%83%AB%E3%83%80%E3%80%80%E7%A7%BB%E5%8B%95&btnG=%E6%A4%9C%E7%B4%A2&lr=lang_ja,1
1213981425,1213981425,1,http://search.yahoo.co.jp/search?p=Mutt+windows&ei=UTF-8&pstart=1&fr=slv1-hppc&b=11&qrw=0,1
1215742951,1215742453,2,http://search.yahoo.co.jp/search?fr=slv1-tbtop&p=J%2CL%2CHOOK-UP&ei=UTF-8,1
1216583180,1216583180,1,http://www.google.co.jp/search?hl=ja&q=mutt+macro&lr=&btnG=Google+%E6%A4%9C%E7%B4%A2,1
1216919413,1216919413,1,http://www.google.co.jp/search?num=30&hl=ja&safe=off&client=firefox-a&rls=org.mozilla%3Aen-US%3Aunofficial&hs=vOC&q=urlview+mutt&btnG=%E6%A4%9C%E7%B4%A2&lr=,1
1216971701,1216971701,1,http://www.google.co.jp/search?q=mutt%E3%80%80macro&lr=lang_ja&ie=utf-8&oe=utf-8&aq=t&rls=org.mozilla:ja:official&client=firefox-a,1
1218263000,1218263000,1,http://www.google.co.jp/search?q=mutt+%E3%82%A2%E3%83%89%E3%83%AC%E3%82%B9%E5%B8%B3&lr=lang_ja&ie=utf-8&oe=utf-8&aq=t&rls=org.mozilla:ja:official&client=firefox-a,1
1218424953,1218424953,1,http://www.google.co.jp/search?hl=ja&client=firefox-a&rls=org.mozilla%3Aen-US%3Aofficial&hs=GNW&q=urlview+mutt&btnG=%E6%A4%9C%E7%B4%A2&lr=,1
1218483283,1218483283,1,http://www.google.com/search?num=30&hl=ja&newwindow=1&safe=off&q=mutt+%E3%82%A2%E3%83%89%E3%83%AC%E3%82%B9%E5%B8%B3&btnG=%E6%A4%9C%E7%B4%A2&lr=,1
1218555383,1218555383,1,http://www.google.com/search?q=fetchmail+mutt+macro&ie=utf-8&oe=utf-8&aq=t&rls=org.mozilla:ja:official&client=firefox-a,1
1218678316,1218678316,1,http://www.google.co.jp/search?hl=ja&q=mutt+macro+folder-hook+&lr=&btnG=Google+%E6%A4%9C%E7%B4%A2,1
1218759953,1218759953,1,http://www.google.co.jp/search?q=mutt+windows+vi&lr=lang_ja&ie=utf-8&oe=utf-8&aq=t&rls=org.mozilla:ja:official&client=firefox-a,1
1218929892,1218929892,1,http://www.google.co.jp/search?hl=ja&q=mutt+fetchmail+hook&btnG=%E6%A4%9C%E7%B4%A2&lr=,1
1219923021,1219923021,1,http://www.google.pl/search?hl=pl&lr=&q=mutt%2Bfolder-hook%2Bmacro&start=20&sa=N,1
1220011612,1220011612,1,http://www.google.co.jp/search?num=100&hl=ja&newwindow=1&client=firefox-a&rls=com.ubuntu%3Aja%3Aunofficial&hs=TKB&q=folder-hook+macro&btnG=%E6%A4%9C%E7%B4%A2&lr=,1
1220095716,1220095716,1,http://www.google.co.jp/search?q=mutt+%E3%82%B4%E3%83%9F%E7%AE%B1&ie=utf-8&oe=utf-8&aq=t&rls=com.ubuntu:ja:unofficial&client=firefox-a,1
1220251923,1220251923,1,http://www.google.co.jp/search?hl=ja&client=firefox-a&rls=org.mozilla%3Aja%3Aofficial&q=mutt+folder+macro&btnG=%E6%A4%9C%E7%B4%A2&lr=lang_ja,1
1220452018,1220452018,1,http://www.google.com/search?hl=ja&rlz=1B3GGGL_ja___JP227&q=mutt+trash&btnG=%E6%A4%9C%E7%B4%A2&lr=lang_ja,1
1220549190,1220549190,1,http://www.google.co.jp/search?hl=ja&q=mutt%20%E3%83%95%E3%82%A9%E3%83%AB%E3%83%80%20%E7%A7%BB%E5%8B%95&lr=,1
1221426155,1221426155,1,http://www.google.co.jp/search?hl=ja&lr=lang_ja&client=firefox-a&rls=org.mozilla:ja:official&hs=bem&q=mutt+windows&start=20&sa=N,1
1226889118,1226889118,1,http://www.google.com/search?hl=ja&client=safari&rls=ja-jp&q=mutt+urlview&start=10&sa=N,1
1227480447,1227480447,1,http://www.google.com/search?client=safari&rls=en&q=mutt+macro&ie=UTF-8&oe=UTF-8,1
1228099686,1228099686,1,http://search.msn.com/results.aspx?srch=105&FORM=AS5&q=%ef%bc%a6%ef%bc%ad%ef%bc%a1%ef%bc%a3%ef%bc%b2%ef%bc%af,1
1228171999,1228171999,1,http://www.google.co.jp/search?q=macro+index+pager&lr=lang_ja&ie=utf-8&oe=utf-8&aq=t&rls=org.mozilla:ja:official&client=firefox-a,1
1228278370,1228278370,1,http://www.google.co.jp/search?hl=ja&lr=lang_ja&q=folder-hook+color+mutt&start=20&sa=N,1
1228784942,1228784942,1,http://www.google.com/search?q=urlview+source&btnG=%8C%9F%8D%F5&hl=ja&lr=lang_ja&inlang=ja&ie=Shift_JIS&sa=2,1
1229198295,1229198295,1,http://search.msn.co.jp/results.aspx?q=fmacro&FORM=MSNH69,1
1230446493,1230446493,1,http://www.google.co.jp/search?hl=ja&q=mutt+%E5%89%8A%E9%99%A4+%E3%82%B4%E3%83%9F%E7%AE%B1+&btnG=%E6%A4%9C%E7%B4%A2&lr=lang_ja,1
1230593333,1230593333,1,http://www.google.co.jp/search?hl=ja&q=mutt+urlview+%E8%A8%AD%E5%AE%9A&btnG=Google+%E6%A4%9C%E7%B4%A2&lr=&aq=f&oq=,1
1231190631,1231190631,1,http://www.google.co.jp/search?hl=ja&client=firefox-a&rls=org.mozilla%3Aja%3Aofficial&hs=Au4&q=mutt+urlview&btnG=%E6%A4%9C%E7%B4%A2&lr=lang_ja,1
1231340135,1231340135,1,http://www.google.co.jp/search?num=100&hl=ja&safe=off&client=firefox-a&rls=org.mozilla%3Aen-US%3Aofficial&hs=aTi&q=mutt+macro&btnG=%E6%A4%9C%E7%B4%A2&lr=lang_ja,1
1232942036,1232942036,1,http://www.google.com/search?hl=ja&safe=off&q=mutt+%E4%BD%BF%E3%81%84%E6%96%B9+trash+%E3%82%B4%E3%83%9F%E7%AE%B1&btnG=%E6%A4%9C%E7%B4%A2&lr=,1
1233217512,1233217512,1,http://www.google.com/search?q=mutt+trash&hl=ja&safe=off&lr=lang_ja&sa=X&oi=lrtip&ct=restrict&cad=9,1
1234283640,1234283640,1,http://www.google.co.jp/search?hl=ja&lr=lang_ja&client=firefox-a&rls=org.mozilla:ja:official&q=windows+mutt&start=10&sa=N,1
1234710152,1234710152,1,http://www.google.co.jp/search?q=mutt+%E3%83%9E%E3%82%AF%E3%83%AD+%E3%83%95%E3%82%A9%E3%83%AB%E3%83%80,1
1234920034,1234920034,1,http://www.google.co.jp/search?hl=ja&client=firefox-a&rls=org.mozilla%3Aja%3Aofficial&hs=9u1&q=Mutt+windows&btnG=%E6%A4%9C%E7%B4%A2&lr=lang_ja,1
1235699718,1235699718,1,http://www.google.com/search?hl=ja&client=safari&rls=ja-jp&q=mutt+trash&start=10&sa=N,1
1236827582,1236827582,1,http://www.google.co.jp/search?hl=ja&client=firefox-a&rls=org.mozilla%3Aen-US%3Aofficial&hs=jOP&num=100&q=mutt+trash&btnG=%E6%A4%9C%E7%B4%A2&lr=lang_ja,1
1237314744,1237314744,1,http://www.google.co.jp/search?q=vim+macro+.j&lr=lang_ja&ie=utf-8&oe=utf-8&aq=t&rlz=1R1GGGL_ja___JP318&client=firefox-a,1
1238510846,1238510846,1,http://www.google.co.jp/search?q=mutt+%E3%83%95%E3%82%A9%E3%83%AB%E3%83%80+%E6%96%B0%E8%A6%8F%E4%BD%9C%E6%88%90&hl=ja&lr=&start=10&sa=N,1
1239199121,1239199121,1,http://www.google.co.jp/search?q=mutt+.mail_aliases&ie=utf-8&oe=utf-8&aq=t&rls=org.mozilla:ja-JP-mac:unofficial&client=firefox-a,1
1242270296,1242270296,1,http://www.google.co.jp/search?hl=ja&q=mutt+%E3%82%A2%E3%83%89%E3%83%AC%E3%82%B9%E5%B8%B3&btnG=Google+%E6%A4%9C%E7%B4%A2&lr=&aq=0&oq=mutt+%E3%82%A2%E3%83%89%E3%83%AC%E3%82%B9,1
1242660186,1242660186,1,http://www.google.co.jp/search?num=50&hl=ja&q=mutt%20%83S%83%7E%94%A0&ie=SJIS&oe=SJIS,1
1242660551,1242660551,1,http://www.google.co.jp/search?num=50&hl=ja&q=mutt%20trash&ie=SJIS&oe=SJIS,1
1243663381,1243663381,1,http://www.google.co.jp/search?q=mutt+macro+attach+s&lr=lang_ja&ie=utf-8&oe=utf-8&aq=t&rls=org.mozilla:ja-JP-mac:official&client=firefox-a,1
1245433031,1245433031,1,http://f42.aaa.livedoor.jp/~dergranz/pukiwiki/pukiwiki.php?cmd=edit&page=%3Fw%3F%3F%3Fv,1
1246244586,1246244586,1,http://www.google.co.jp/search?hl=ja&client=firefox-a&rls=org.mozilla%3Aja-JP-mac%3Aofficial&q=mutt+urlview&btnG=%E6%A4%9C%E7%B4%A2&lr=,1
1246490270,1246490270,1,http://www.google.co.jp/search?client=firefox-a&rls=org.mozilla%3Aja%3Aofficial&channel=s&hl=ja&q=Mutt+%E3%82%B4%E3%83%9F%E7%AE%B1&lr=&btnG=Google+%E6%A4%9C%E7%B4%A2,1
1248362629,1248362629,1,http://www.google.co.jp/search?q=mutt+windows&hl=ja&lr=lang_ja&rlz=1C1GGLS_jaJP291JP303&start=10&sa=N,1
1250730635,1250730635,1,http://74.125.153.132/search?q=cache:bA6JhquAHqsJ:mutt-j.sourceforge.jp/pukiwiki/index.php%3FMuttFaq+mutt+%E5%89%8A%E9%99%A4+%E3%81%94%E3%81%BF%E7%AE%B1&cd=1&hl=ja&ct=clnk&lr=lang_ja,1
1251833477,1251833477,1,http://www.google.co.jp/search?hl=ja&client=firefox-a&rls=com.ubuntu%3Aja%3Aunofficial&hs=9FN&q=mutt+macro&btnG=%E6%A4%9C%E7%B4%A2&lr=lang_ja,1
1251835976,1251835976,1,http://www.google.co.jp/search?hl=ja&client=firefox-a&rls=com.ubuntu%3Aja%3Aunofficial&q=macro+mutt&btnG=%E6%A4%9C%E7%B4%A2&lr=,1
1251837266,1251837266,1,http://www.google.co.jp/search?hl=ja&client=firefox-a&rls=com.ubuntu%3Aja%3Aunofficial&q=mutt+macro&btnG=%E6%A4%9C%E7%B4%A2&lr=lang_ja,1
1252768532,1252768532,1,http://www.google.co.jp/search?q=mutt+urlview&lr=lang_ja&ie=utf-8&oe=utf-8&aq=t&rlz=1R1GGGL_ja___JP331&client=firefox-a,1
1253128384,1253128384,1,http://www.google.co.jp/search?hl=ja&source=hp&q=mutt+%E3%82%A2%E3%83%89%E3%83%AC%E3%82%B9%E5%B8%B3&btnG=Google+%E6%A4%9C%E7%B4%A2&lr=&aq=f&oq=,1
1254445935,1254445935,1,http://www.google.com/search?q=mutt+macro&hl=ja&safe=off&client=iceweasel-a&rls=org.debian:ja:unofficial&lr=lang_ja&ei=ytHFSp3PIoyQkAWfhLmuBg&sa=X&oi=lrtip&ct=restrict&cad=9,1
1255412949,1255412949,1,http://www.google.co.jp/search?q=mutt+mail_aliases&lr=lang_ja&ie=utf-8&oe=utf-8&aq=t&rls=org.mozilla:ja:official&client=firefox-a,1
1255649065,1255649065,1,http://www.google.co.jp/search?client=opera&rls=ja&q=mutt+%E3%82%A2%E3%83%89%E3%83%AC%E3%82%B9%E5%B8%B3&sourceid=opera&ie=utf-8&oe=utf-8,1
1255897794,1255897794,1,http://www.google.co.jp/search?q=mutt+%E3%82%A2%E3%83%89%E3%83%AC%E3%82%B9%E5%B8%B3&btnG=%E6%A4%9C%E7%B4%A2&hl=ja&lr=lang_ja&client=firefox-a&rls=org.mozilla%3Aja%3Aofficial&sa=2,1
1256038918,1256038918,1,http://www.google.co.jp/search?num=50&hl=ja&ie=euc-jp&oe=euc-jp&lr=lang_ja&q=mutt+macro,1
1256103574,1256103574,1,http://www.google.co.jp/search?num=50&hl=ja&ie=euc-jp&oe=euc-jp&lr=lang_ja&q=mutt+trash+macros,1
1256167249,1256167249,1,http://search.yahoo.co.jp/search?p=mutt+%E3%82%A2%E3%83%89%E3%83%AC%E3%82%B9%E5%B8%B3&search.x=1&fr=top_ga1_sa&tid=top_ga1_sa&ei=UTF-8&aq=&oq=,1
1257140262,1257140262,1,http://www.google.com/search?q=mutt+%E3%82%B4%E3%83%9F%E7%AE%B1%E3%80%80%E7%A7%BB%E5%8B%95&rls=com.microsoft:en-US:IE-SearchBox&ie=UTF-8&oe=UTF-8&sourceid=ie7&rlz=1I7DAJP_ja,1
1257322905,1257322905,1,http://74.125.153.132/search?q=cache:pRjM0z0kb8IJ:mutt-j.sourceforge.jp/pukiwiki/index.php%3FMuttFaq%252FIMAP+mutt+%E3%83%9D%E3%83%BC%E3%83%88%E3%83%95%E3%82%A9%E3%83%AF%E3%83%BC%E3%83%87%E3%82%A3%E3%83%B3%E3%82%B0&cd=1&hl=ja&ct=clnk&gl=jp&client=firefox-a,1
1257791627,1257791627,1,http://www.google.co.jp/search?hl=ja&q=mutt+vi+%E7%B7%A8%E9%9B%86&lr=&aq=f&oq=,1
1258131652,1258131652,1,http://www.google.co.jp/search?hl=ja&q=mutt+wiki%E3%80%80%E3%82%B4%E3%83%9F%E7%AE%B1&lr=lang_ja,1
1258590927,1258590927,1,http://www.google.co.jp/search?q=mutt+%E5%8F%97%E4%BF%A1+win32&hl=ja&lr=&safe=off&sa=2,1
1259616090,1259616090,1,http://www.google.co.jp/search?num=50&q=mutt+macro,1
1260289077,1260289077,1,http://www.google.co.jp/search?hl=ja&safe=off&newwindow=1&q=.mail_aliases+%E8%A8%AD%E5%AE%9A&btnG=%E6%A4%9C%E7%B4%A2&lr=lang_ja&aq=f&oq=,1
1260904823,1260904823,1,http://www.google.co.jp/search?hl=ja&q=mail_aliases+%E7%B7%A8%E9%9B%86&lr=lang_ja&aq=f&oq=,1
1262578404,1262578404,1,http://www.google.co.jp/search?q=mutt%E3%80%80%E3%82%A2%E3%83%89%E3%83%AC%E3%82%B9%E5%B8%B3&lr=lang_ja&ie=utf-8&oe=utf-8&aq=t&rls=org.mozilla:ja:official&client=firefox-a,1
1263499270,1263499270,1,http://www.google.co.jp/search?hl=ja&client=firefox-a&rls=org.mozilla%3Aja%3Aofficial&hs=C3J&q=mutt+macro&btnG=%E6%A4%9C%E7%B4%A2&lr=lang_ja&aq=f&oq=,1
1265323208,1265323208,1,http://www.google.co.jp/search?hl=ja&client=firefox-a&rls=org.mozilla%3Aja%3Aofficial&hs=cEJ&q=mutt+%E3%82%A2%E3%83%89%E3%83%AC%E3%82%B9%E5%B8%B3&btnG=%E6%A4%9C%E7%B4%A2&lr=lang_ja&aq=0&oq=mutt+%E3%82%A2%E3%83%89,1
1265747808,1265747808,1,http://www.google.co.jp/search?q=mutt+%E5%89%8A%E9%99%A4+%E3%82%B4%E3%83%9F%E7%AE%B1&ie=utf-8&oe=utf-8&aq=t&rls=org.mozilla:ja-JP:unofficial&client=firefox-a,1
1268158515,1268158515,1,http://www.google.co.jp/search?q=mutt+howm++%E9%80%A3%E6%90%BA&ie=utf-8&oe=utf-8&aq=t&rls=org.mozilla:ja:official&hl=ja&client=firefox-a,1
1269403254,1269403254,1,http://www.google.co.jp/m/search?site=mobile&q=urlview&start=10&sa=N,1
1270397675,1270397675,1,http://www.google.co.jp/search?sourceid=chrome&ie=UTF-8&q=windows+mutt+%E6%B7%BB%E4%BB%98%E3%83%95%E3%82%A1%E3%82%A4%E3%83%AB&esrch=FT1,1
1271575278,1271575203,2,http://www.google.co.jp/search?hl=ja&source=hp&q=mutt+%E5%89%8A%E9%99%A4+Trash&btnG=Google+%E6%A4%9C%E7%B4%A2&lr=,1
1274055942,1274055942,1,http://www.google.co.jp/search?q=urlview+mutt&hl=ja&source=lnt&tbs=lr:lang_1ja&lr=lang_ja&ei=hgvxS8CZCZDq7AO0u6SgBg&sa=X&oi=tool&resnum=1&ct=tlink&ved=0CAcQpwU,1
1274056308,1274056308,1,http://www.google.co.jp/search?sourceid=chrome&ie=UTF-8&q=urlview+%E6%97%A5%E6%9C%AC%E8%AA%9E,1
1276620439,1276620439,1,http://www.google.co.jp/search?client=safari&rls=en&q=mutt+%E3%82%B4%E3%83%9F%E7%AE%B1&ie=UTF-8&oe=UTF-8&redir_esc=&ei=HS0YTIK0OcbIcYqihZgJ,1
1278534699,1278534699,1,http://www.google.com/search?hl=ja&client=mozilla&rls=com.puppylinux%3Aja-JP%3Aunofficial&q=macro+pager+A+mutt&aq=f&aqi=&aql=&oq=&gs_rfai=,1
1278536228,1278536228,1,http://www.google.com/search?q=mutt+%E3%83%9E%E3%82%AF%E3%83%AD&hl=ja&client=mozilla&rls=com.puppylinux:ja-JP:unofficial&ei=q2c1TPmrEsOHcfOetLoE&start=10&sa=N,1
1279121590,1279121590,1,http://www.google.co.jp/search?q=pukiwiki+macro&ie=utf-8&oe=utf-8&aq=t&rls=org.mozilla:ja:official&hl=ja&client=firefox-a,1
1281600712,1281600712,1,http://www.google.co.jp/search?q=mutt+urlview&hl=ja&client=firefox-a&hs=Iew&rls=org.mozilla:ja:official&source=lnt&tbs=lr:lang_1ja&lr=lang_ja&sa=X&ei=-SpkTMOgB4OWuAPY3bieCg&ved=0CAcQpwU,1
1281609425,1281609425,1,http://www.google.co.jp/search?q=urlview&hl=ja&lr=lang_ja&client=firefox-a&hs=itx&rls=org.mozilla:ja:official&tbs=lr:lang_1ja&ei=uT1kTIzWK47SuwOL05yfCg&start=10&sa=N,1
1281794509,1281794509,1,http://www.google.com/search?hl=ja&lr=lang_ja&ie=UTF-8&btnG=Google&q=mutt+macro,1
1281863871,1281863871,1,http://www.google.co.jp/search?q=urlview&hl=ja&lr=lang_ja&client=firefox-a&hs=VhN&rls=org.mozilla:ja:official&tbs=lr:lang_1ja&ei=xi1oTO3PFJLOuAPg0KH-Aw&start=10&sa=N,1
1282956965,1282956965,1,http://search.yahoo.co.jp/search?p=mutt+macro&ei=UTF-8&x=wrt&meta=vc%3D,1
1284081147,1284081147,1,http://www.google.co.jp/search?hl=ja&source=hp&ie=Shift_JIS&q=mutt+%83A%83h%83%8C%83X%92%A0&btnG=Google+%8C%9F%8D%F5,1
1284317220,1284317220,1,http://www.google.co.jp/search?hl=ja&lr=lang_ja&tbs=lr%3Alang_1ja&q=mutt+%E3%81%94%E3%81%BF%E7%AE%B1&aq=f&aqi=&aql=&oq=&gs_rfai=,1
1284317642,1284317642,1,http://www.google.co.jp/search?hl=ja&lr=lang_ja&tbs=lr%3Alang_1ja&q=mutt+%E3%82%B4%E3%83%9F%E7%AE%B1&aq=f&aqi=&aql=&oq=&gs_rfai=,1
1285875498,1285875498,1,http://www.google.co.jp/search?hl=ja&source=hp&biw=&bih=&q=mutt+%E3%82%A2%E3%83%89%E3%83%AC%E3%82%B9%E5%B8%B3&btnG=Google+%E6%A4%9C%E7%B4%A2,1
1286345134,1286345134,1,http://www.google.co.jp/search?num=50&hl=ja&ie=utf-8&oe=utf-8&lr=lang_ja&q=mail_aliases+mutt,1
1286433332,1286433332,1,http://www.google.co.jp/search?num=50&hl=ja&ie=utf-8&oe=utf-8&lr=lang_ja&q=mutt+mavro+mutt,1
1291527396,1291497399,2,http://www.google.com/search?q=mutt+macro&hl=ja&ei=SCz7TN_nGsLprAeYhbi1CA&start=10&sa=N,1
1293037030,1293037030,1,http://www.google.com/search?hl=ja&q=mutt+%E3%80%80%E3%82%A2%E3%83%89%E3%83%AC%E3%82%B9%E5%B8%B3&aq=f&aqi=&aql=&oq=&gs_rfai=,1
1293037292,1293037292,1,http://www.google.com/search?q=mutt%E3%80%80%E3%82%A2%E3%83%89%E3%83%AC%E3%82%B9%E5%B8%B3&btnG=%E6%A4%9C%E7%B4%A2&hl=ja&sa=2,1
1300815422,1293127324,2,http://www.google.com/search?client=ubuntu&channel=fs&q=mutt+%E3%82%A2%E3%83%89%E3%83%AC%E3%82%B9%E5%B8%B3&ie=utf-8&oe=utf-8,1
1293127606,1293127606,1,http://www.google.com/search?hl=ja&q=mutt+mail_aliases&aq=f&aqi=&aql=&oq=&gs_rfai=,1
1293413023,1293413023,1,http://www.google.co.jp/search?q=mutt+windows&hl=ja&safe=off&tbas=0&prmd=ivns&lr=lang_ja&sa=X&ei=DmkYTeW-C8OycNXohcwE&ved=0CBcQuAE,1
1293413130,1293413130,1,http://www.google.co.jp/search?q=mutt+windows&hl=ja&safe=off&prmd=ivns&lr=lang_ja&sa=X&ei=cWkYTYSAIcKecOG4tK8K&ved=0CBcQuAE,1
1294588560,1294588560,1,http://webcache.googleusercontent.com/search?q=cache:bA6JhquAHqsJ:mutt-j.sourceforge.jp/pukiwiki/index.php%3FMuttFaq+mutt+%E7%A2%BA%E8%AA%8D+%E5%89%8A%E9%99%A4&cd=7&hl=ja&ct=clnk&gl=jp,1
1294618445,1294618445,1,http://www.google.co.jp/search?q=mutt+trash+folder-hook&btnG=%E6%A4%9C%E7%B4%A2&hl=ja&lr=lang_ja&biw=1320&bih=1079&tbs=lr%3Alang_1ja&sa=2,1
1296169964,1296169964,1,http://www.google.co.jp/search?hl=ja&lr=lang_ja&rlz=1I7TRDJ_ja&tbs=lr%3Alang_1ja&q=mutt+win32%E3%80%801.4&aq=f&aqi=&aql=&oq=,1
1297874775,1297874775,1,http://www.google.co.jp/search?hl=ja&client=firefox-a&rls=org.mozilla%3Aja%3Aofficial&q=mutt+%E3%83%95%E3%82%A9%E3%83%AB%E3%83%80%E7%A7%BB%E5%8B%95&aq=f&aqi=&aql=&oq=,1
1297882754,1297882754,1,http://www.google.co.jp/search?hl=ja&q=mutt+%E3%82%A2%E3%83%89%E3%83%AC%E3%82%B9%E5%B8%B3&aq=f&aqi=g10&aql=&oq=,1
1297924164,1297924164,1,http://www.google.co.jp/search?hl=en&lr=lang_ja&safe=off&rlz=1C1GTJA_jaJP382JP382&tbs=lr%3Alang_1ja&q=mutt+%E3%82%A2%E3%83%89%E3%83%AC%E3%82%B9%E5%B8%B3&aq=f&aqi=g1&aql=&oq=,1
1297926092,1297926092,1,http://www.google.com/search?rlz=1C1GTJA_jaJP382JP382&sourceid=chrome&ie=UTF-8&q=%E3%82%A2%E3%83%89%E3%83%AC%E3%82%B9%E5%B8%B3+mutt,1
1298507445,1298507445,1,http://www.google.com/search?q=mutt+%E3%83%9E%E3%82%AF%E3%83%AD&hl=ja&client=ubuntu&channel=fs&prmd=ivns&ei=MSVmTcrXG4yKvgP3orTmAQ&start=30&sa=N,1
1298743976,1298743976,1,http://www.google.co.jp/search?hl=ja&source=hp&ie=Shift_JIS&q=mutt+%8BN%93%AE%8E%9E%82%CC%83t%83H%83%8B%83_&btnG=Google+%8C%9F%8D%F5,1
1298864531,1298788230,2,http://www.google.co.jp/search?aq=f&sourceid=chrome&ie=UTF-8&q=mutt+%E3%82%A2%E3%83%89%E3%83%AC%E3%82%B9%E5%B8%B3,1
1299129943,1299129943,1,http://www.google.co.jp/search?q=mutt+%E3%82%A2%E3%83%89%E3%83%AC%E3%82%B9%E5%B8%B3&btnG=%E6%A4%9C%E7%B4%A2&hl=ja&sa=2,1
1300296527,1300296527,1,http://www.google.co.jp/search?hl=ja&safe=off&q=mutt+%E3%82%A2%E3%83%89%E3%83%AC%E3%82%B9%E5%B8%B3&aq=0r&aqi=g-r1&aql=&oq=mutt+%E3%81%82,1
1302025256,1302025256,1,http://www.google.co.jp/search?hl=ja&safe=off&q=mutt+%E3%82%A2%E3%83%89%E3%83%AC%E3%82%B9%E5%B8%B3&aq=0&aqi=g1&aql=&oq=mutt+%E3%82%A2%E3%83%89%E3%83%AC%E3%82%B9,1
1304007875,1304007875,1,http://www.google.co.jp/url?sa=t&source=web&cd=2&sqi=2&ved=0CC8QFjAB&url=http%3A%2F%2Fmutt-j.sourceforge.jp%2Fpukiwiki%2Findex.php%3FMuttFaq%252FMacro&rct=j&q=mutt%20%E3%82%A2%E3%83%89%E3%83%AC%E3%82%B9%E5%B8%B3&tbs=lr%3Alang_1ja&ei=SxO6TcLUKJGyvgOL0ci6Cw&usg=AFQjCNHcXlwXQ6NmPpelRQE1SCdzwko6Vg,1
1304234230,1304234230,1,http://www.google.com/url?sa=t&source=web&cd=4&ved=0CD0QFjAD&url=http%3A%2F%2Fmutt-j.sourceforge.jp%2Fpukiwiki%2Findex.php%3FMuttFaq%252FMacro&rct=j&q=mutt%20trash&tbs=lr%3Alang_1ja&ei=8oa9TdCVJoGEvgPN-7HJBQ&usg=AFQjCNHcXlwXQ6NmPpelRQE1SCdzwko6Vg,1
1304607231,1304607231,1,http://www.google.com/search?hl=ja&client=opera&hs=MpT&rls=ja&q=mutt+%E3%82%A2%E3%83%89%E3%83%AC%E3%82%B9%E5%B8%B3&revid=940899688&sa=X&ei=JTfDTZOJConIvQPvkK2pAQ&ved=0CGkQ1QIoBjg8,1
1306875018,1306875018,1,http://www.google.co.jp/url?sa=t&source=web&cd=7&ved=0CFEQFjAG&url=http%3A%2F%2Fmutt-j.sourceforge.jp%2Fpukiwiki%2Findex.php%3FMuttFaq%252FMacro&rct=j&q=mutt%20macro&ei=D9PlTcGZPIuevgPz9O2RCw&usg=AFQjCNHcXlwXQ6NmPpelRQE1SCdzwko6Vg&sig2=IJC3IGpti1p3egYqpzNrqQ,1
1306876139,1306876139,1,http://www.google.co.jp/url?sa=t&source=web&cd=1&ved=0CCUQFjAA&url=http%3A%2F%2Fmutt-j.sourceforge.jp%2Fpukiwiki%2Findex.php%3FMuttFaq%252FMacro&rct=j&q=mutt%20%E3%82%B4%E3%83%9F%E7%AE%B1&ei=edflTdetCpGwvgO8rKSaCw&usg=AFQjCNHcXlwXQ6NmPpelRQE1SCdzwko6Vg,1
1307977104,1307977104,1,http://www.google.co.jp/m/search?site=universal&ie=Shift_JIS&q=mutt+%83A%83h%83%8C%83X%92%A0,1
1309855624,1309855624,1,<a href="http://www.infracomp.ru/besplatno-dieti.html">бесплатно диеты</a>,1
1309902866,1309902866,1,<a href="http://www.infracomp.ru/blog-borodinoy-dieta.html">блог бородиной диета</a>,1
1309910085,1309910085,1,http://www.google.co.jp/search?q=urlview+mutt&hl=ja&inlang=ja&ie=UTF-8&prmd=ivns&lr=lang_ja&sa=X&ei=cSIUTpDTM-mjmQWR8pDQDg&ved=0CBYQuAE,1
1310310920,1310310920,1,http://www.google.co.jp/search?sourceid=chrome&ie=UTF-8&q=mutt+%E3%82%A4%E3%83%B3%E3%83%87%E3%83%83%E3%82%AF%E3%82%B9+%E6%B7%BB%E4%BB%98,1
1310665796,1310665796,1,http://www.google.co.jp/search?hl=ja&lr=&client=firefox-a&hs=5jE&rls=org.mozilla%3Aen-US%3Aofficial&channel=s&biw=1900&bih=913&q=mutt+%E3%82%A2%E3%83%89%E3%83%AC%E3%82%B9%E5%B8%B3&aq=f&aqi=g1&aql=&oq=,1
1311007570,1311007570,1,http://www.google.co.jp/search?q=mutt+%E3%82%A2%E3%83%89%E3%83%AC%E3%82%B9%E5%B8%B3&num=30&hl=ja&prmd=ivns&source=lnt&tbs=lr:lang_1ja&lr=lang_ja&sa=X&ei=2uEkTvWMMonImAXDgszmCQ&ved=0CAcQpwUoAQ&biw=831&bih=559,1
1316281533,1316281533,1,http://www.google.co.jp/url?sa=t&source=web&cd=2&sqi=2&ved=0CCIQFjAB&url=http%3A%2F%2Fmutt-j.sourceforge.jp%2Fpukiwiki%2Findex.php%3FMuttFaq%252FMacro&rct=j&q=%20.mail_aliases%20%E3%83%95%E3%82%A9%E3%83%AB%E3%83%80&ei=Q1t1TvmaNe6PiAfCrLHGDQ&usg=AFQjCNHcXlwXQ6NmPpelRQE1SCdzwko6Vg,1
1317494818,1317494818,1,http://www.google.co.jp/url?sa=t&source=web&cd=7&ved=0CF0QFjAG&url=http%3A%2F%2Fmutt-j.sourceforge.jp%2Fpukiwiki%2Findex.php%3FMuttFaq%252FMacro&rct=j&q=mutt%20windows&ei=bN2HTsW8KcL6mAWwk632Dw&usg=AFQjCNHcXlwXQ6NmPpelRQE1SCdzwko6Vg&sig2=ZCnUeAc2eJaJIMdQnpse6Q,1
1318101260,1318101260,1,http://www.google.co.jp/search?hl=ja&q=mutt+%E3%82%A2%E3%83%89%E3%83%AC%E3%82%B9%E5%B8%B3&lr=lang_ja&rlz=1I7ADFA_ja,1
1318782817,1318782817,1,http://www.google.co.jp/url?sa=t&source=web&cd=3&ved=0CDsQFjAC&url=http%3A%2F%2Fmutt-j.sourceforge.jp%2Fpukiwiki%2Findex.php%3FMuttFaq%252FMacro&rct=j&q=mutt%20urlview&ctbs=lr%3Alang_1ja&ei=7IWbToLRFaLSmAWOuc2nAg&usg=AFQjCNHcXlwXQ6NmPpelRQE1SCdzwko6Vg&sig2=K2W9MAm8MDhth6UrN-zeVg,1
1318806073,1318806073,1,http://www.google.co.jp/url?sa=t&source=web&cd=1&ved=0CB4QFjAA&url=http%3A%2F%2Fmutt-j.sourceforge.jp%2Fpukiwiki%2Findex.php%3FMuttFaq%252FMacro&rct=j&q=mutt%20%E3%82%B4%E3%83%9F%E7%AE%B1%E3%83%87%E3%82%A3%E3%83%AC%E3%82%AF%E3%83%88%E3%83%AA%E5%A4%89%E6%9B%B4&ei=x-CbTrLdBev3mAW2s9CLAg&usg=AFQjCNHcXlwXQ6NmPpelRQE1SCdzwko6Vg&sig2=mUtLXVqAaExff3PM2HHxzQ,1
1318954619,1318954569,2,http://www.google.co.jp/search?hl=ja&q=Mutt+Windows&lr=lang_ja,1
1318957742,1318957742,1,http://www.google.co.jp/search?hl=ja&q=Mutt+Win32&lr=lang_ja,1
1321560612,1321560612,1,http://www.google.co.jp/url?sa=t&rct=j&q=mutt%2B%25E3%2583%259E%25E3%2582%25AF%25E3%2583%25AD&source=web&cd=4&ved=0CDIQFjAD&url=http%3A%2F%2Fmutt-j.sourceforge.jp%2Fpukiwiki%2Findex.php%3FMuttFaq%252FMacro&ei=bOjFTv2HLu3smAWKpOSGCQ&usg=AFQjCNHcXlwXQ6NmPpelRQE1SCdzwko6Vg,1
1322528386,1322528386,1,http://www.google.co.jp/url?sa=t&rct=j&q=mutt%20macro%20%E6%97%A5%E6%9C%AC%E8%AA%9E&source=web&cd=2&ved=0CCQQFjAB&url=http%3A%2F%2Fmutt-j.sourceforge.jp%2Fpukiwiki%2Findex.php%3FMuttFaq%252FMacro&ei=DK3UTpikBobImQWmmfR0&usg=AFQjCNHcXlwXQ6NmPpelRQE1SCdzwko6Vg&sig2=SoBg0aV-bDvChvgGREL13g,1
1323101959,1323101959,1,http://www.google.co.jp/url?sa=t&rct=j&q=mutt+windows&source=web&cd=7&ved=0CFkQFjAG&url=http%3A%2F%2Fmutt-j.sourceforge.jp%2Fpukiwiki%2Fpukiwiki.php%3FMuttFaq%252FMacro&ei=hW3dTsiiKsGviAKSroXXAw&usg=AFQjCNG9XMte6sDfiacax5i-EDfcNguHEA,1
1323102000,1323102000,1,http://www.google.co.jp/url?sa=t&rct=j&q=mutt+windows&source=web&cd=11&ved=0CCoQFjAAOAo&url=http%3A%2F%2Fmutt-j.sourceforge.jp%2Fpukiwiki%2Findex.php%3FMuttFaq%252FMacro&ei=u23dTrrkK6vXiQKhs7CGBA&usg=AFQjCNHcXlwXQ6NmPpelRQE1SCdzwko6Vg,1
1325772569,1325772569,1,http://www.google.co.jp/url?sa=t&rct=j&q=mutt%20%E3%82%A2%E3%83%89%E3%83%AC%E3%82%B9%E5%B8%B3&source=web&cd=3&ved=0CDAQFjAC&url=http%3A%2F%2Fmutt-j.sourceforge.jp%2Fpukiwiki%2Fpukiwiki.php%3FMuttFaq%252FMacro&ei=ky0GT4-WBYmuiQeKnK3EAQ&usg=AFQjCNG9XMte6sDfiacax5i-EDfcNguHEA&sig2=WhZoBOl7dMFPOMeH2XH4pw,1
1325801403,1325801403,1,http://www.google.co.jp/url?sa=t&rct=j&q=mutt%20urlview&source=web&cd=4&ved=0CD8QFjAD&url=http%3A%2F%2Fmutt-j.sourceforge.jp%2Fpukiwiki%2Findex.php%3Fcmd%3Dread%26page%3DMuttFaq%252FMacro&ei=Gp0GT9rAHKeImQW2yLWMAg&usg=AFQjCNGkWDla0sCrTgrTSNRYHeJ7t6zBiQ,1
1327513348,1327513348,1,http://www.google.co.jp/search?q=mutt+urlview&btnG=%8C%9F%8D%F5&hl=ja&lr=lang_ja,1
1327875087,1327875087,1,http://www.google.com/search?q=mutt+%E3%83%9E%E3%82%AF%E3%83%AD&start=0&start=0&ie=utf-8&oe=utf-8&client=mozilla&rls=org.mozilla:ja-JP:unofficial,1
1328219992,1328219992,1,http://www.google.co.jp/url?sa=t&rct=j&q=mutt+%E3%82%A2%E3%83%89%E3%83%AC%E3%82%B9%E5%B8%B3&source=web&cd=2&ved=0CC0QFjAB&url=http%3A%2F%2Fmutt-j.sourceforge.jp%2Fpukiwiki%2Fpukiwiki.php%3FMuttFaq%252FMacro&ei=qIUrT7mfMe3rmAW4oMUB&usg=AFQjCNG9XMte6sDfiacax5i-EDfcNguHEA&sig2=yXlk2rJz2c6bWMrxzDlnSA,1
1328324286,1328324286,1,http://www.google.com/m/search,1
1328368438,1328368438,1,http://www.google.co.jp/search?q=mutt+%E3%83%9E%E3%82%AF%E3%83%AD+%E3%83%95%E3%82%A9%E3%83%AB%E3%83%80%E7%A7%BB%E5%8B%95+trash&ie=UTF-8&oe=UTF-8&hl=en&client=safari,1
1328841734,1328841734,1,http://www.google.co.jp/url?sa=t&rct=j&q=mutt%20%E3%82%A2%E3%83%89%E3%83%AC%E3%82%B9%E5%B8%B3&source=web&cd=2&ved=0CCoQFjAB&url=http%3A%2F%2Fmutt-j.sourceforge.jp%2Fpukiwiki%2Fpukiwiki.php%3FMuttFaq%252FMacro&ei=kwI1T-XeB-XjmAWp48X-AQ&usg=AFQjCNG9XMte6sDfiacax5i-EDfcNguHEA&sig2=NEXTfz8xIhTsFMv8wm02eg&cad=rja,1
1328841740,1328841740,1,http://www.google.co.jp/url?url=http://mutt-j.sourceforge.jp/pukiwiki/pukiwiki.php%3FMuttFaq%252FMacro&rct=j&sa=U&ei=eAI1T9OtM4f6mAXT56WVAg&ved=0CDAQFjAA&q=mutt+urlview&usg=AFQjCNE1aOtLS5-3yuJPj1zKiMGuiYt2cA,1
1328843606,1328843606,1,http://www.google.co.jp/url?url=http://mutt-j.sourceforge.jp/pukiwiki/pukiwiki.php%3FMuttFaq%252FMacro&rct=j&sa=U&ei=5Ak1T6S3IaTSmAWTy_WJAg&ved=0CDAQFjAA&q=mutt+urlview&usg=AFQjCNGNVh8_6m2nVT--cDtzQlVepxHqXQ,1
1328949217,1328949217,1,http://www.google.co.jp/url?sa=t&rct=j&q=mutt%20urlview&source=web&cd=4&ved=0CD8QFjAD&url=http%3A%2F%2Fmutt-j.sourceforge.jp%2Fpukiwiki%2Fpukiwiki.php%3FMuttFaq%252FMacro&ei=X6Y2T73sE8PtmAW349j_AQ&usg=AFQjCNG9XMte6sDfiacax5i-EDfcNguHEA&sig2=rM0qxjn6v25HrmyoHAUvqQ&cad=rja,1
1329776566,1329776566,1,http://search.dtv.yahoo.co.jp/search?ei=EUC-JP&src=&p=mutt+%A5%A2%A5%C9%A5%EC%A5%B9%C4%A2&search.x=0&search.y=0,1
1329930795,1329930795,1,http://www.google.co.jp/url?sa=t&rct=j&q=mutt%20%20%E3%83%9E%E3%82%AF%E3%83%AD%E3%80%80fetchmail&source=web&cd=3&ved=0CC8QFjAC&url=http%3A%2F%2Fmutt-j.sourceforge.jp%2Fpukiwiki%2Findex.php%3Fcmd%3Dread%26page%3DMuttFaq%252FMacro&ei=rqBFT6PwOebkmAXY_KGABA&usg=AFQjCNGkWDla0sCrTgrTSNRYHeJ7t6zBiQ,1
1329931358,1329931358,1,http://www.google.co.jp/url?sa=t&rct=j&q=mutt%20%20%E3%83%9E%E3%82%AF%E3%83%AD%E3%80%80fetchmail%20%20%5Ccf&source=web&cd=1&ved=0CCMQFjAA&url=http%3A%2F%2Fmutt-j.sourceforge.jp%2Fpukiwiki%2Fpukiwiki.php%3FMuttFaq%252FMacro&ei=6qJFT4L3B6WdiAfG9Kn2Ag&usg=AFQjCNG9XMte6sDfiacax5i-EDfcNguHEA,1
1329941701,1329941701,1,http://search.yahoo.co.jp/search?p=mutt+%E3%82%A2%E3%83%89%E3%83%AC%E3%82%B9%E5%B8%B3&tt=c&ei=UTF-8&fr=sfp&meta=vc%3D,1
1330287627,1330287627,1,http://www.google.co.jp/url?sa=t&rct=j&q=mutt%20%E3%83%9E%E3%82%AF%E3%83%AD&source=web&cd=3&ved=0CDUQFjAC&url=http%3A%2F%2Fmutt-j.sourceforge.jp%2Fpukiwiki%2Fpukiwiki.php%3FMuttFaq%252FMacro&ei=lxJLT8OiAs7HmQX1vv2WDg&usg=AFQjCNG9XMte6sDfiacax5i-EDfcNguHEA&sig2=PPaMB9D2Mru-nmNkq-luEQ&cad=rja,1
1331497347,1331497347,1,http://www.google.co.jp/url?sa=t&rct=j&q=&esrc=s&source=web&cd=2&cts=1331529747187&ved=0CC0QFjAB&url=http%3A%2F%2Fmutt-j.sourceforge.jp%2Fpukiwiki%2Fpukiwiki.php%3FMuttFaq%252FMacro&ei=DohdT66zOMnMmAX7lYyqDw&usg=AFQjCNG9XMte6sDfiacax5i-EDfcNguHEA&sig2=IlKTEgBAwkmO6oIxWTar7A,1
1331672331,1331672331,1,http://www.google.com/url?sa=t&rct=j&q=mutt%20macro&source=web&cd=4&ved=0CEQQFjAD&url=http%3A%2F%2Fmutt-j.sourceforge.jp%2Fpukiwiki%2Fpukiwiki.php%3FMuttFaq%252FMacro&ei=YzNgT_30HevKmQWCrriKCA&usg=AFQjCNG9XMte6sDfiacax5i-EDfcNguHEA,1
1331871983,1331871983,1,http://www.google.com/search?q=mutt+macro&btnG=%E6%A4%9C%E7%B4%A2&hl=ja&safe=off&client=iceweasel-a&rls=org.mozilla%3Aja%3Aunofficial&prmd=imvns&tbs=lr%3Alang_1ja&lr=lang_ja&sa=X&ei=eD5jT8S4L4yfiAfLg_zyBQ&ved=0CBAQpwUoAQ,1
1332368332,1332368332,1,http://www.google.co.jp/url?sa=t&rct=j&q=&esrc=s&source=web&cd=1&ved=0CCcQFjAA&url=http%3A%2F%2Fmutt-j.sourceforge.jp%2Fpukiwiki%2Fpukiwiki.php%3FMuttFaq%252FMacro&ei=V9JqT4COK9GImQXR25iVBg&usg=AFQjCNG9XMte6sDfiacax5i-EDfcNguHEA&sig2=ZtUSb0Kip2-j8oXKllugng,1
1332961747,1332961747,1,http://www.google.co.jp/url?sa=t&rct=j&q=mutt%20macro%20pager&source=web&cd=3&sqi=2&ved=0CDwQFjAC&url=http%3A%2F%2Fmutt-j.sourceforge.jp%2Fpukiwiki%2Findex.php%3Fcmd%3Dread%26page%3DMuttFaq%252FMacro&ctbs=lr%3Alang_1ja&ei=W-BzT_udEcmfmQWrr42eCA&usg=AFQjCNGkWDla0sCrTgrTSNRYHeJ7t6zBiQ&cad=rja,1
1333579097,1333579097,1,http://www.google.co.jp/url?sa=t&rct=j&q=&esrc=s&source=web&cd=1&ved=0CDUQFjAA&url=http%3A%2F%2Fmutt-j.sourceforge.jp%2Fpukiwiki%2Fpukiwiki.php%3FMuttFaq%252FMacro&ei=Rkt9T_2NBYSaiAftxsmmCQ&usg=AFQjCNG9XMte6sDfiacax5i-EDfcNguHEA&sig2=khYdTiUzPq41NaGJtF2Dnw,1
1334363556,1334363470,2,http://www.google.co.jp/,1
1340179591,1340179591,1,http://www.google.co.jp/url?sa=t&rct=j&q=&esrc=s&source=web&cd=27&ved=0CFwQFjAGOBQ&url=http%3A%2F%2Fmutt-j.sourceforge.jp%2Fpukiwiki%2Fpukiwiki.php%3FMuttFaq%252FMacro&ei=BwPiT4SsMaXimAX_xt3VAw&usg=AFQjCNG9XMte6sDfiacax5i-EDfcNguHEA&sig2=JIqR_GzsxUC1cunivyM7Fw,1
1340310476,1340310476,1,http://www.google.co.jp/url?sa=t&rct=j&q=mutt+%E3%80%80%E3%82%A2%E3%83%89%E3%83%AC%E3%82%B9%E5%B8%B3%E3%80%80e&source=web&cd=1&ved=0CFUQFjAA&url=http%3A%2F%2Fmutt-j.sourceforge.jp%2Fpukiwiki%2Fpukiwiki.php%3FMuttFaq%252FMacro&ei=WALkT-7pGu3rmAXOq42JCw&usg=AFQjCNG9XMte6sDfiacax5i-EDfcNguHEA,1
1342048475,1342048475,1,http://www.google.co.jp/url?sa=t&rct=j&q=&esrc=s&source=web&cd=19&ved=0CF0QFjAIOAo&url=http%3A%2F%2Fmutt-j.sourceforge.jp%2Fpukiwiki%2Fpukiwiki.php%3FMuttFaq%252FMacro&ei=Z4f-T9uFLKPYmAWHnpyOBQ&usg=AFQjCNG9XMte6sDfiacax5i-EDfcNguHEA,1
1343543770,1343543770,1,http://www.google.co.jp/url?sa=t&rct=j&q=&esrc=s&source=web&cd=3&ved=0CGUQFjAC&url=http%3A%2F%2Fmutt-j.sourceforge.jp%2Fpukiwiki%2Fpukiwiki.php%3FMuttFaq%252FMacro&ei=8lcVUMeFJeWviQfGqIDACA&usg=AFQjCNG9XMte6sDfiacax5i-EDfcNguHEA,1
1346909481,1346909481,1,http://search.mobile.yahoo.co.jp/onesearch?fr=m_top_y&p=%8E%F3%90%4D%4D%61%69%6C%82%CC%CC%AB%D9%C0%DE%88%DA%93%AE,1
1347646904,1347646904,1,http://www.google.co.jp/search?num=50&hl=ja&ie=utf-8&oe=utf-8&lr=lang_ja&q=mutt+trash,1
1349535470,1349535470,1,http://www.google.co.jp/search?num=50&hl=ja&ie=utf-8&oe=utf-8&lr=lang_ja&q=mutt+macro,1
1354991895,1354991759,2,http://www.google.co.jp/url?sa=t&rct=j&q=&esrc=s&source=web&cd=2&ved=0CDcQFjAB&url=http%3A%2F%2Fmutt-j.sourceforge.jp%2Fpukiwiki%2Findex.php%3FMuttFaq%252FMacro&ei=cQXEUIeKBKHomAWS3IGwAg&usg=AFQjCNHcXlwXQ6NmPpelRQE1SCdzwko6Vg&sig2=uVmsNXDMTPcuUvMu-mdQjw,1
1419913324,1355787415,3,https://www.google.co.jp/,1
1356479337,1356479337,1,http://www.google.co.jp/url?sa=t&rct=j&q=mutt%20%E3%83%9E%E3%82%AF%E3%83%AD&source=web&cd=17&ved=0CF0QFjAGOAo&url=http%3A%2F%2Fmutt-j.sourceforge.jp%2Fpukiwiki%2Findex.php%3FMuttFaq%252FMacro&ei=67naUPDDMrCaiQeMioHgDg&usg=AFQjCNHcXlwXQ6NmPpelRQE1SCdzwko6Vg&bvm=bv.1355534169,d.aGc&cad=rja,1
1357244357,1357244357,1,http://kjunichi.cocolog-nifty.com/misc/,1
1362612616,1362612616,1,http://www.google.co.jp/url?sa=t&rct=j&q=&esrc=s&source=web&cd=6&ved=0CEwQFjAF&url=http%3A%2F%2Fmutt-j.sourceforge.jp%2Fpukiwiki%2Findex.php%3FMuttFaq%252FMacro&ei=6k84UfDmCMWdkgWcpYHwCw&usg=AFQjCNHcXlwXQ6NmPpelRQE1SCdzwko6Vg&bvm=bv.43287494,d.dGI,1
1363145218,1363145218,1,http://www.google.co.jp/search?q=urlview+mutt&lr=lang_ja&ie=utf-8&oe=utf-8&aq=t&rls={moz:distributionID}:{moz:locale}:{moz:official},1
1371655115,1371655115,1,http://www.google.co.jp/url?sa=t&rct=j&q=&esrc=s&source=web&cd=4&ved=0CEIQFjAD&url=http%3A%2F%2Fmutt-j.sourceforge.jp%2Fpukiwiki%2Findex.php%3FMuttFaq%252FMacro&ei=TUrCUZONK8y_kgWRtIDwCA&usg=AFQjCNHcXlwXQ6NmPpelRQE1SCdzwko6Vg,1
1380144751,1380144751,1,http://www.google.co.jp/url?sa=t&rct=j&q=&esrc=s&source=web&cd=8&ved=0CHAQFjAH&url=http%3A%2F%2Fmutt-j.sourceforge.jp%2Fpukiwiki%2Findex.php%3FMuttFaq%252FMacro&ei=1tRDUsOXFcSlkQX5loCoDA&usg=AFQjCNHcXlwXQ6NmPpelRQE1SCdzwko6Vg&sig2=9RqVKoRV950oHs51suwM5Q,1
1416268508,1416268508,1,http://www.google.co.jp/url?sa=t&rct=j&q=&esrc=s&source=web&cd=4&ved=0CC8QFjAD&url=http%3A%2F%2Fmutt-j.sourceforge.jp%2Fpukiwiki%2Findex.php%3FMuttFaq%252FMacro&ei=SAlrVJLuG6K4mAWEiICQDQ&usg=AFQjCNHcXlwXQ6NmPpelRQE1SCdzwko6Vg&sig2=H7lqWubZQHEo0DSBKvOXUg,1
1459796864,1459796864,1,https://www.google.co.jp,1
