1108242077,1108242077,1,http://www.google.com/search?q=mutt+1.5.8&ie=UTF-8&oe=UTF-8,1
1108410850,1108410850,1,http://www.google.com/search?num=50&lr=lang_ja&ie=ShiftJIS&oe=ShiftJIS&q=mutt%20imap%20ヘッダ　キャッシュ,1
1159492332,1108496805,2,http://www.google.co.jp/search?q=libesmtp&hl=ja&lr=lang_ja&start=10&sa=N,1
1108497233,1108497233,1,http://www.google.co.jp/search?q=libesmtp&hl=ja&lr=lang_ja&client=firefox-a&rls=org.mozilla:ja-JP:official&start=10&sa=N,1
1108580005,1108580005,1,http://www.google.co.jp/search?q=mutt+cache&start=0&start=0&hl=ja&lr=lang_ja&ie=utf-8&oe=utf-8&client=firefox-a&rls=org.mozilla:ja-JP:official,1
1109004557,1109004557,1,http://www.google.co.jp/search?hl=ja&client=firefox-a&rls=org.mozilla%3Aja-JP%3Aofficial&q=pukiwiki%E3%80%80%E3%83%95%E3%82%A1%E3%82%A4%E3%83%AB%E5%90%8D%E3%80%80%E3%82%A8%E3%83%B3%E3%82%B3%E3%83%BC%E3%83%89%E6%96%B9%E6%B3%95&btnG=Google+%E6%A4%9C%E7%B4%A2&lr=lang_ja,1
1109034752,1109034752,1,http://www.google.com/search?hl=ja&lr=lang_ja&ie=UTF-8&oe=UTF-8&q=mutt+1.5.8&num=50,1
1109111664,1109111664,1,http://www.google.co.jp/search?q=mutt+libesmtp&start=0&start=0&hl=ja&lr=lang_ja&ie=utf-8&oe=utf-8&client=firefox-a&rls=org.mozilla:ja-JP:official,1
1109143933,1109143933,1,http://www.google.co.jp/search?hl=ja&inlang=ja&ie=Shift_JIS&oe=Shift_JIS&q=mutt+sidebar&lr=lang_ja,1
1109201163,1109201163,1,http://www.google.co.jp/search?hl=ja&client=firefox-a&rls=org.mozilla%3Aja-JP%3Aofficial&q=mutt+%E3%83%A1%E3%83%BC%E3%83%AB%E3%83%9C%E3%83%83%E3%82%AF%E3%82%B9&btnG=Google+%E6%A4%9C%E7%B4%A2&lr=,1
1109632090,1109632090,1,http://www.google.co.jp/search?hl=ja&q=maildir+%E4%B8%80%E8%A6%A7%E8%A1%A8%E7%A4%BA+php&btnG=Google+%E6%A4%9C%E7%B4%A2&lr=,1
1110564209,1110564209,1,http://search.yahoo.co.jp/bin/query?p=guile+manual&fr=top%2c+top,1
1110838273,1110838273,1,http://www.google.com/search?hl=ja&client=firefox-a&rls=org.mozilla:en-US:official&q=maildir+compressed&spell=1,1
1110945656,1110945656,1,http://www.google.co.jp/search?hl=ja&q=mark_old&btnG=Google+%E6%A4%9C%E7%B4%A2&lr=lang_ja,1
1110986345,1110986345,1,http://www.google.com/search?hl=ja&inlang=ja&ie=Shift_JIS&q=mutt+pgp+%93Y%95t&btnG=Google+%8C%9F%8D%F5&lr=lang_ja,1
1111334494,1111334494,1,http://www.google.com/search?num=50&hl=ja&inlang=ja&ie=Shift_JIS&oe=Shift_JIS&c2coff=1&q=mutt+maildir+&lr=lang_ja,1
1111545121,1111545121,1,http://www.google.co.jp/search?hl=ja&inlang=ja&ie=Shift_JIS&q=mutt+%83t%83H%83%8B%83_+%95%5C%8E%A6+%83t%83H%81%5B%83%7D%83b%83g&btnG=Google+%8C%9F%8D%F5&lr=lang_ja,1
1111729663,1111729663,1,http://www.google.co.jp/search?hl=ja&ie=Shift_JIS&q=urlview+mutt&btnG=Google+%8C%9F%8D%F5&lr=lang_ja,1
1111942259,1111942259,1,http://www.google.co.jp/search?q=libesmtp&start=0&start=0&hl=ja&lr=lang_ja&ie=utf-8&oe=utf-8&client=firefox-a&rls=org.mozilla:ja-JP:official,1
1112075670,1112075670,1,http://www.google.co.jp/search?q=mutt+%E8%89%B2%E8%A8%AD%E5%AE%9A&start=0&start=0&ie=utf-8&oe=utf-8&client=firefox-a&rls=org.mozilla:ja-JP:official,1
1112077889,1112077889,1,http://www.google.co.jp/search?q=mutt+header+cache&meta=lr=lang_ja&hl=ja&sourceid=mozilla-search&num=30&start=0&start=0,1
1112124369,1112124369,1,http://www.google.co.jp/search?hl=ja&q=%E8%A4%87%E6%95%B0%E7%BD%B2%E5%90%8D+Crypt&btnG=Google+%E6%A4%9C%E7%B4%A2&lr=,1
1113628171,1112200572,2,http://www.google.co.jp/search?q=mutt+header+patch&start=0&start=0&hl=ja&lr=lang_ja&ie=utf-8&oe=utf-8&client=firefox-a&rls=org.mozilla:ja-JP:official,1
1112832749,1112832749,1,http://www.google.com/search?hl=ja&q=mutt+3%E3%83%9A%E3%82%A4%E3%83%B3&btnG=Google+%E6%A4%9C%E7%B4%A2&lr=,1
1129996374,1112957725,2,http://www.google.co.jp/search?hl=ja&q=mutt+mark_old&btnG=Google+%E6%A4%9C%E7%B4%A2&lr=lang_ja,1
1113166126,1113166126,1,http://www.google.co.jp/search?q=mutt+%95%B6%8E%9A%83Z%83b%83g&ie=Shift_JIS&hl=ja&btnG=Google+%8C%9F%8D%F5&lr=lang_ja,1
1113265731,1113265731,1,http://www.google.com/search?hl=ja&lr=lang_ja&ie=UTF-8&oe=UTF-8&q=%E5%9C%A7%E7%B8%AE+gpz&num=50,1
1113319509,1113319509,1,http://www.google.co.jp/search?q=%E3%83%95%E3%83%A9%E3%82%B0%E4%BB%98+%E3%83%A1%E3%83%BC%E3%83%AB&hl=ja&lr=&start=10&sa=N,1
1113338695,1113338654,2,http://www.google.com/search?num=50&hl=ja&c2coff=1&q=mutt+header+cache&lr=lang_ja,1
1113375449,1113375449,1,http://www.google.com/search?hl=ja&lr=lang_ja&ie=SJIS&oe=SJIS&num=100&q=urlview,1
1113494121,1113493554,2,http://www.google.com/search?hl=ja&q=mutt+3+%E3%83%9A%E3%82%A4%E3%83%B3&btnG=Google+%E6%A4%9C%E7%B4%A2&lr=,1
1113779956,1113779956,1,http://www.google.co.jp/search?as_q=windows+%E8%A4%87%E8%A3%BD+unbind+%E3%82%B9%E3%83%AC%E3%83%83%E3%83%89&num=100&hl=ja&btnG=Google+%E6%A4%9C%E7%B4%A2&as_epq=&as_oq=&as_eq=&lr=lang_ja&as_ft=i&as_filetype=&as_qdr=all&as_occt=any&as_dt=i&as_sitesearch=,1
1113845466,1113845466,1,http://www.google.co.jp/search?q=Greeting%E3%83%A1%E3%83%83%E3%82%BB%E3%83%BC%E3%82%B8+ftp&hl=ja&lr=&start=10&sa=N,1
1115938833,1115938833,1,http://search.yahoo.co.jp/bin/query?p=%a5%bf%a5%b0%c9%d5%a4%ad%a5%e1%a5%c3%a5%bb%a1%bc%a5%b8&fr=top,1
1115996500,1115996500,1,http://search.yahoo.co.jp/bin/query?p=pukiwiki+%ca%a3%bf%f4%a4%ce%a5%d5%a5%a1%a5%a4%a5%eb+%c5%ba%c9%d5&fr=top,1
1116013849,1116013849,1,http://search.yahoo.co.jp/bin/query?p=woolridge&fr=top,1
1116542978,1116542978,1,http://66.102.7.104/search?q=cache:PxcYnhTpTuoJ:mutt-j.sourceforge.jp/pukiwiki/+mutt&hl=ja&lr=lang_ja&ie=UTF-8&inlang=ja,1
1117137782,1117137782,1,http://search.yahoo.co.jp/bin/query?p=%a5%de%a5%af%a5%ed+%b8%bd%ba%df%bb%fe%b9%ef%a4%f2%c9%bd%bc%a8&fr=top&&b=21&h=p&pnum=2,1
1117641266,1117641266,1,http://www.google.com/search?hl=ja&q=roland+patchlist&btnG=Google+%E6%A4%9C%E7%B4%A2&lr=,1
1117643180,1117643180,1,http://www.google.co.jp/search?q=unbind+%E9%80%81%E4%BF%A1%E6%96%B9%E6%B3%95&hl=ja&lr=lang_ja&start=10&sa=N,1
1144620299,1118094817,2,http://www.google.co.jp/search?hl=ja&q=GPZ%E3%83%95%E3%82%A1%E3%82%A4%E3%83%AB&lr=,1
1118700866,1118700866,1,http://www.google.co.jp/search?q=PHP%E3%80%80header%E3%80%80%E8%A4%87%E6%95%B0%E3%81%AE%E3%83%95%E3%82%A1%E3%82%A4%E3%83%AB&hl=ja&lr=&rls=GGLD,GGLD:2005-14,GGLD:en&start=10&sa=N,1
1118785483,1118785483,1,http://www.google.co.jp/search?hl=ja&rls=GGLD%2CGGLD%3A2005-24%2CGGLD%3Aja&q=mutt+header+cache&btnG=Google+%E6%A4%9C%E7%B4%A2&lr=lang_ja,1
1119303369,1119303260,3,http://beta.search.yahoo.co.jp/search?ei=UTF-8&fr=sfp&p=mutt+IMAP+%E3%83%95%E3%82%A9%E3%83%AB%E3%83%80%E4%B8%80%E8%A6%A7&meta=vl%3Dlang_ja,1
1119584727,1119584727,1,http://www.google.co.jp/search?q=.mailcap+mutt&start=0&start=0&hl=ja&lr=lang_ja&ie=utf-8&oe=utf-8&client=firefox-a&rls=org.mozilla:ja-JP:official,1
1119762808,1119762808,1,http://www.google.co.jp/search?hs=4uW&hl=ja&client=firefox&rls=org.mozilla%3Aen-US%3Aunofficial&biw=814&q=mutt+%E8%A8%AD%E5%AE%9A+%E3%83%A1%E3%83%BC%E3%83%AB%E3%83%9C%E3%83%83%E3%82%AF%E3%82%B9&btnG=Google+%E6%A4%9C%E7%B4%A2&lr=,1
1123921316,1123921316,1,http://www.google.co.jp/search?sourceid=navclient&hl=ja&ie=UTF-8&rls=GGLD,GGLD:2004-46,GGLD:ja&q=mutt+%E3%83%95%E3%82%A9%E3%83%AB%E3%83%80%E4%B8%80%E8%A6%A7,1
1120494137,1120494107,3,http://www.google.com/search?num=50&lr=lang_ja&q=mutt+guile&ie=ShiftJIS&oe=ShiftJIS,1
1120528201,1120528201,1,http://www.google.com/search?q=libesmtp&hl=ja&lr=lang_ja&c2coff=1&client=firefox-a&rls=org.mozilla:ja-JP:official_s&start=20&sa=N,1
1120933150,1120933150,1,http://www.google.co.jp/search?q=vigenere+%E6%9A%97%E5%8F%B7%E5%8C%96&hl=ja&lr=&rls=DVXA,DVXA:2005-21,DVXA:ja&start=10&sa=N,1
1121450088,1121450088,1,http://gw.mobile.goo.ne.jp/gw/top/fm0.114218768/GET/738/search_i.jsp;jsessionid=b7k1X2rrHEY7?fm0.fc0.MT=%83%81%81%5b%83%8b%83%7b%83b%83N%83X%20%83%5e%83O&fm0.fc3.CONTENT=CONTENT0&fm0.fc4.i_search=%8c%9f%8d%f5&AXISPAGE=0,1
1121573592,1121573592,1,http://www.google.co.jp/search?hs=fZn&hl=ja&client=firefox&rls=org.mozilla%3Aen-US%3Aunofficial&q=mutt+sidebar&btnG=Google+%E6%A4%9C%E7%B4%A2&lr=lang_ja,1
1121710943,1121710943,1,http://www.google.co.jp/search?hl=ja&c2coff=1&q=mutt+list-reply&btnG=Google+%E6%A4%9C%E7%B4%A2&lr=lang_ja,1
1121826826,1121826826,1,http://www.google.co.jp/search?hl=ja&ie=Shift_JIS&q=mutt+urlview&btnG=Google+%8C%9F%8D%F5&lr=lang_ja%7Clang_ko,1
1122225422,1122225422,1,http://www.google.com/search?q=mutt+assumed_charset,1
1122480332,1122480332,1,http://www.google.co.jp/search?sourceid=navclient-ff&ie=UTF-8&q=mutt%20%E3%82%BD%E3%83%BC%E3%83%88,1
1122552364,1122552364,1,http://www.google.co.jp/search?hl=ja&q=+mutt+assumed_charset&btnG=Google+%E6%A4%9C%E7%B4%A2&lr=lang_ja,1
1122679183,1122679183,1,http://www.google.com/search?hl=ja&ie=Shift_JIS&q=mutt+index_format&btnG=Google+%8C%9F%8D%F5&lr=lang_ja,1
1122937591,1122937591,1,http://search.yahoo.co.jp/bin/query?p=patchlist+%a5%b3%a5%de%a5%f3%a5%c9&fr=top,1
1122954726,1122954726,1,http://www.google.com/search?num=100&hl=ja&q=mutt+mime+w3m+mailcap&btnG=Google+%E6%A4%9C%E7%B4%A2&lr=lang_ja,1
1123101079,1123101079,1,http://www.google.com/search?num=50&hl=ja&q=PATCHLIST&btnG=Google+%E6%A4%9C%E7%B4%A2&lr=lang_ja,1
1124299004,1124298986,2,http://www.google.co.jp/search?hl=ja&hs=fvt&ie=UTF-8&oe=UTF-8&c2coff=1&safe=off&client=firefox-a&rls=org.mozilla:en-US:official&q=mutt+sidebar&spell=1,1
1124427834,1124427834,1,http://www.google.co.jp/search?q=mbox-hook&hl=ja&lr=lang_ja&ie=EUC-JP,1
1124428422,1124428422,1,http://www.google.co.jp/search?hl=ja&inlang=ja&ie=Shift_JIS&q=mutt+pgp+timeout+patch&btnG=Google+%8C%9F%8D%F5&lr=lang_ja,1
1124428481,1124428451,2,http://www.google.co.jp/search?hl=ja&inlang=ja&ie=Shift_JIS&q=mutt+auto+decode+patch&btnG=Google+%8C%9F%8D%F5&lr=lang_ja,1
1124836033,1124836033,1,http://www.google.com/search?hl=ja&inlang=ja&ie=Shift_JIS&q=mutt+patch+mbox-hook&btnG=Google+%8C%9F%8D%F5&lr=,1
1124867830,1124867830,1,http://www.google.co.jp/search?num=100&hs=Iac&hl=ja&client=firefox&rls=org.mozilla%3Aja-JP%3Aunofficial&q=urlview+%E8%89%B2&btnG=Google+%E6%A4%9C%E7%B4%A2&lr=lang_ja,1
1124986889,1124986889,1,http://www.google.com/search?num=50&hl=ja&q=pgp+%E6%B7%BB%E4%BB%98%E3%80%80%E5%BE%A9%E5%8F%B7&lr=lang_ja,1
1125000922,1125000922,1,http://www.google.co.jp/search?hl=ja&rls=GGLG%2CGGLG%3A2005-33%2CGGLG%3Aja&q=mutt+quote&btnG=Google+%E6%A4%9C%E7%B4%A2&lr=lang_ja,1
1125221982,1125221982,1,http://www.google.com/search?hs=fLR&hl=ja&client=opera&rls=ja&q=FreeBSD+mutt+%E3%82%AD%E3%83%BC%E3%83%90%E3%82%A4%E3%83%B3%E3%83%89&btnG=Google+%E6%A4%9C%E7%B4%A2&lr=,1
1125248001,1125248001,1,http://www.google.co.jp/search?hl=ja&rls=GGLD%2CGGLD%3A2005-26%2CGGLD%3Aja&q=keypad+ncurses&btnG=Google+%E6%A4%9C%E7%B4%A2&lr=lang_ja,1
1125343330,1125343330,1,http://search.yahoo.co.jp/bin/query?p=%a5%b7%a5%e7%a1%bc%a5%c8%a5%ab%a5%c3%a5%c8%ca%b8%bb%fa+%bf%a7&fr=top,1
1125347894,1125347894,1,http://www.google.co.jp/search?num=30&hl=ja&inlang=ja&ie=Shift_JIS&q=mutt+%93Y%95t+%95%D4%90M&btnG=Google+%8C%9F%8D%F5&lr=lang_ja,1
1125434904,1125434904,1,http://www.google.co.jp/search?q=mutt+sidebar&ie=Shift_JIS&hl=ja&btnG=Google+%8C%9F%8D%F5&lr=lang_ja,1
1125527134,1125526864,2,http://www.google.co.jp/search?q=mutt+headercache&btnG=Google+%E6%A4%9C%E7%B4%A2&hl=ja,1
1125541733,1125541733,1,http://www.google.co.jp/search?q=PGP+%E8%A4%87%E6%95%B0%E3%81%AE%E9%8D%B5+%E3%83%AA%E3%83%B3%E3%82%AF&hl=ja&lr=lang_ja&start=10&sa=N,1
1126019128,1126019128,1,http://www.google.com/search?hl=ja&lr=lang_ja&ie=UTF-8&oe=UTF-8&q=libESMTP+%E5%B0%8E%E5%85%A5&num=50,1
1126035682,1126035682,1,http://www.google.com/search?hl=ja&lr=lang_ja&ie=UTF-8&oe=UTF-8&q=ole+hook&num=50,1
1126067254,1126067254,1,http://www.google.co.jp/search?hl=ja&q=PatchList&btnG=Google+%E6%A4%9C%E7%B4%A2&lr=lang_ja,1
1126219507,1126219507,1,http://search.yahoo.co.jp/bin/query?p=Linux+patchlist&fr=top,1
1126336163,1126336163,1,http://search.yahoo.co.jp/bin/query?p=PatchList&fr=top,1
1126384950,1126384950,1,http://www.google.co.jp/search?hl=ja&ie=Shift_JIS&q=+mutt-j+alternates&btnG=Google+%8C%9F%8D%F5&lr=lang_ja,1
1126474566,1126474566,1,http://www.google.co.jp/search?hl=ja&inlang=ja&ie=Shift_JIS&q=urlview+.urlview&btnG=Google+%8C%9F%8D%F5&lr=lang_ja,1
1126555255,1126555255,1,http://www.google.com/search?sourceid=navclient&ie=UTF-8&rls=RNWE,RNWE:2005-10,RNWE:en&q=%E3%83%95%E3%83%A9%E3%82%B0%E4%BB%98%E3%81%8D%E3%83%A1%E3%83%83%E3%82%BB%E3%83%BC%E3%82%B8,1
1126833696,1126833696,1,http://www.google.co.jp/search?hl=ja&q=dev+hook+wiki&btnG=Google+%E6%A4%9C%E7%B4%A2&lr=lang_ja,1
1127358953,1127358953,1,http://www.google.com/search?hl=ja&q=%E3%83%95%E3%83%A9%E3%82%B0%E4%BB%98%E3%81%8D%E3%83%A1%E3%83%83%E3%82%BB%E3%83%BC%E3%82%B8&lr=,1
1127438687,1127438687,1,http://www.google.co.jp/search?hl=ja&inlang=ja&ie=Shift_JIS&c2coff=1&q=patchlist&btnG=Google+%8C%9F%8D%F5&lr=lang_ja,1
1127670402,1127670402,1,http://www.google.com/search?q=%E6%9A%97%E5%8F%B7%E5%8C%96%E8%A7%A3%E9%99%A4%E3%80%80Hook&num=50&hl=ja,1
1127856887,1127856887,1,http://www.google.co.jp/search?q=mutt+%E3%82%BF%E3%82%B0%E3%80%80&start=0&start=0&hl=ja&lr=lang_ja&ie=utf-8&oe=utf-8&client=firefox-a&rls=org.mozilla:ja-JP:official,1
1127978531,1127978531,1,http://www.google.co.jp/search?hl=ja&q=mutt+mbox+%E7%B7%A8%E9%9B%86&btnG=Google+%E6%A4%9C%E7%B4%A2&lr=lang_ja,1
1128095961,1128095961,1,http://www.google.com/search?client=safari&rls=ja-jp&q=PATCHLIST&ie=UTF-8&oe=UTF-8,1
1128485652,1128485652,1,http://www.google.co.jp/search?as_q=mutt+libesmtp&num=100&hl=ja&btnG=Google+%E6%A4%9C%E7%B4%A2&as_epq=&as_oq=&as_eq=&lr=lang_ja&as_ft=i&as_filetype=&as_qdr=all&as_occt=any&as_dt=i&as_sitesearch=,1
1128969366,1128969366,1,http://66.102.7.104/search?q=cache:ltUtioaXctwJ:mutt-j.sourceforge.jp/pukiwiki/pukiwiki.php%3FMuttFaq%252FMisc+mutt+nntp&hl=ja&lr=lang_ja&client=firefox-a,1
1129104284,1129104284,1,http://www.google.co.jp/search?hl=ja&client=firefox&rls=org.mozilla%3Aja-JP%3Aunofficial&q=mutt+sidebar&btnG=Google+%E6%A4%9C%E7%B4%A2&lr=lang_ja,1
1129332260,1129332260,1,http://search.yahoo.co.jp/search?p=guile+wiki&fr=top&src=top&search.x=17&search.y=15,1
1129608927,1129608927,1,http://www.google.co.jp/search?hl=ja&c2coff=1&rls=GGLD%2CGGLD%3A2004-46%2CGGLD%3Aja&q=mutt+3%E3%83%9A%E3%82%A4%E3%83%B3&lr=lang_ja,1
1130126828,1130126828,1,http://www.google.co.jp/search?hl=ja&ie=Shift_JIS&q=mutt+wiki+j&btnG=Google+%8C%9F%8D%F5&lr=lang_ja,1
1130439972,1130439972,1,http://search.yahoo.co.jp/search?p=%E6%9C%80%E6%96%B0+Dev%E3%80%80Hook&ei=UTF-8&fr=top&fl=0&x=wrt&meta=vc%3D,1
1130684693,1130684693,1,http://www.google.com/search?hl=ja&rls=RNWE%2CRNWE%3A2005-02%2CRNWE%3Aen&q=Ole+Jensen&btnG=Google+%E6%A4%9C%E7%B4%A2&lr=lang_ja,1
1130743110,1130743110,1,http://www.google.co.jp/search?as_q=ncurses&num=10&hl=ja&btnG=Google+%E6%A4%9C%E7%B4%A2&as_epq=&as_oq=&as_eq=&lr=&as_ft=i&as_filetype=&as_qdr=all&as_occt=any&as_dt=i&as_sitesearch=mutt-j.sourceforge.jp,1
1130778637,1130778637,1,http://www.google.co.jp/search?hl=ja&q=woolridge&btnG=Google+%E6%A4%9C%E7%B4%A2&lr=lang_ja,1
1130780904,1130780904,1,http://www.google.co.jp/search?hs=ktQ&hl=ja&c2coff=1&client=firefox-a&rls=org.mozilla%3Aja-JP%3Aofficial&q=%22Dale+Woolridge%22&btnG=Google+%E6%A4%9C%E7%B4%A2&lr=lang_ja,1
1130798602,1130798602,1,http://www.google.com/search?q=mutt+traditional&hl=ja&hs=aAq&client=opera&rls=ja&lr=lang_ja&sa=X&oi=lrtip9,1
1130878632,1130878632,1,http://www.google.co.jp/search?q=dev+hook+%E3%83%A1%E3%83%8B%E3%83%A5%E3%83%BC%E3%80%80%E6%88%BB%E3%82%8B&hl=ja&rls=RNWE%2CRNWE%3A2005-22%2CRNWE%3Aja,1
1131389702,1131389702,2,http://search.yahoo.co.jp/search?p=ATS%E5%AF%BE%E5%BF%9C%E3%80%80%E9%8D%B5&src=top&ei=UTF-8&pstart=1&fr=top&b=11,1
1131659780,1131658839,2,http://www.google.co.jp/search?q=mutt+timeout&hl=ja&lr=lang_ja&sa=X&oi=lrtip9,1
1149525165,1149525165,1,http://www.google.co.jp/search?sourceid=navclient-ff&ie=UTF-8&rls=GGGL,GGGL:2006-17,GGGL:ja&q=mutt+%E3%83%A1%E3%83%8B%E3%83%A5%E3%83%BC+%E8%89%B2+%E8%A8%AD%E5%AE%9A,1
1131746572,1131746567,2,http://search.yahoo.co.jp/search?p=%E3%82%A4%E3%83%8B%E3%82%B7%E3%83%A3%E3%83%AB%EF%BC%A4%EF%BC%A7%EF%BC%A3%E7%89%88&ei=UTF-8&fr=top&fl=0&vc=&x=wrt&meta=vc%3D,1
1131924484,1131924484,1,http://www.google.com/search?q=mutt+urlview&hl=ja&client=safari&rls=ja-jp&lr=lang_ja&sa=X&oi=lrtip8,1
1132676177,1132676177,1,http://search.yahoo.co.jp/search?p=ifdef%B5%A1%C7%BD&fr=top&src=top,1
1132763695,1132763695,1,http://www.google.co.jp/search?hl=ja&q=mutt+cache+maildir&btnG=Google+%E6%A4%9C%E7%B4%A2&lr=lang_ja,1
1132946332,1132946332,1,http://www.google.co.jp/search?hl=ja&inlang=ja&ie=Shift_JIS&q=mutt+sidebar&btnG=Google+%8C%9F%8D%F5&lr=lang_ja,1
1132952305,1132952305,1,http://www.google.co.jp/search?hl=ja&ie=Shift_JIS&q=freebsd+mutt+%83%81%81%5B%83%8B%83%7B%83b%83N%83X&btnG=Google+%8C%9F%8D%F5&lr=,1
1133305979,1133305979,1,http://www.google.co.jp/search?q=reverse_alias&hl=ja&lr=lang_ja&start=0&sa=N,1
1133329527,1133329527,1,http://www.google.com/search?hl=cs&q=kerberos-1.2.4+download+source&btnG=Hledat&lr=,1
1134075418,1134075418,1,http://www.google.co.jp/search?hl=ja&q=mutt+assumed_charset&btnG=Google+%E6%A4%9C%E7%B4%A2&lr=lang_ja,1
1134348883,1134348416,2,http://www.google.co.jp/search?hs=afj&hl=ja&client=firefox&rls=org.mozilla%3Aja-JP%3Aunofficial&q=mutt+sidebar&btnG=Google+%E6%A4%9C%E7%B4%A2&lr=lang_ja,1
1134348807,1134348807,1,http://www.google.com/search?hl=ja&inlang=ja&ie=Shift_JIS&c2coff=1&q=mutt+hook&lr=lang_ja,1
1134412945,1134412945,1,http://www.google.co.jp/search?hs=B6K&hl=ja&client=firefox&rls=org.mozilla%3Aja%3Aofficial&q=mutt+mbox-hook&btnG=Google+%E6%A4%9C%E7%B4%A2&lr=lang_ja,1
1134414750,1134414750,1,http://www.google.co.jp/search?q=mutt+mbox-hook&start=0&hl=ja&lr=lang_ja&ie=utf-8&oe=utf-8&client=firefox&rls=org.mozilla:ja:official,1
1134529829,1134529829,1,http://www.google.co.jp/search?hl=ja&q=mutt+%E3%82%BD%E3%83%BC%E3%83%88&btnG=Google+%E6%A4%9C%E7%B4%A2&lr=,1
1134529971,1134529971,1,http://www.google.co.jp/search?q=mutt+%E6%97%A5%E4%BB%98+%E3%83%A1%E3%83%BC%E3%83%AB+%E3%82%BD%E3%83%BC%E3%83%88&btnG=Google+%E6%A4%9C%E7%B4%A2&hl=ja,1
1134530025,1134530025,1,http://www.google.co.jp/search?hl=ja&q=mutt++%E3%82%BD%E3%83%BC%E3%83%88&btnG=Google+%E6%A4%9C%E7%B4%A2&lr=,1
1135564555,1135564105,4,http://www.google.co.jp/search?hl=ja&q=mutt+%E3%83%98%E3%83%83%E3%83%80MIME&lr=,1
1136439080,1136439080,1,http://www.google.co.jp/search?q=mutt+%E3%82%BD%E3%83%BC%E3%83%88&start=0&start=0&ie=utf-8&oe=utf-8&client=firefox&rls=org.mozilla:ja:unofficial,1
1136853482,1136853482,1,http://www.google.co.jp/search?hs=hKF&hl=ja&client=firefox&rls=org.mozilla%3Aja-JP%3Aunofficial&q=mutt+pager_format&btnG=Google+%E6%A4%9C%E7%B4%A2&lr=lang_ja,1
1137021541,1137021541,1,http://www.google.co.jp/search?q=mutt+%E7%BD%B2%E5%90%8D&btnG=Google+%E6%A4%9C%E7%B4%A2&hs=dkH&hl=ja&client=firefox&rls=org.mozilla%3Aja%3Aofficial,1
1137075778,1137075748,2,http://www.google.com/search?as_q=mutt+&num=100&hs=crV&hl=en&c2coff=1&client=opera&rls=en&btnG=Google+Search&as_epq=mbox+hook&as_oq=&as_eq=&lr=lang_ja&as_ft=i&as_filetype=&as_qdr=all&as_occt=any&as_dt=i&as_sitesearch=&as_rights=&safe=images,1
1137359736,1137359736,1,http://www.google.co.jp/search?hl=ja&q=%E3%83%95%E3%82%A1%E3%82%A4%E3%83%AB%E3%81%AE%E6%97%A5%E4%BB%98%E3%80%81%E6%99%82%E5%88%BB%E3%82%92%E8%A1%A8%E7%A4%BA+.php&btnG=Google+%E6%A4%9C%E7%B4%A2&lr=,1
1137392271,1137392271,1,http://www.google.co.jp/search?hl=ja&q=%E3%83%A1%E3%83%BC%E3%83%AB+%E6%8C%A8%E6%8B%B6+regard&btnG=Google+%E6%A4%9C%E7%B4%A2&lr=,1
1258982413,1137589054,12,http://bloghome.lovepeers.org/daymemo2/?date=200408,1
1137612805,1137612805,1,http://www.google.co.jp/search?hl=ja&c2coff=1&q=mutt+w3m+urlview&btnG=Google+%E6%A4%9C%E7%B4%A2&lr=lang_ja,1
1137613486,1137613486,1,http://www.google.co.jp/search?hl=ja&c2coff=1&q=.mailcap+w3m+html+FreeBSD+mutt+urlview&btnG=Google+%E6%A4%9C%E7%B4%A2&lr=lang_ja,1
1137996193,1137996193,1,http://www.google.com/search?hl=ja&lr=lang_ja&ie=UTF-8&oe=UTF-8&q=libesmtp&num=50,1
1138383495,1138383495,1,http://www.google.co.jp/search?num=50&hl=ja&inlang=ja&ie=EUC-JP&oe=EUC-JP&q=urlview&btnG=Google+%B8%A1%BA%F7&lr=lang_ja,1
1139240632,1139240632,1,http://www.google.com/search?num=50&hl=ja&q=dev+hook+download&lr=lang_ja,1
1139415405,1139415372,3,http://www.google.co.jp/search?num=100&hl=ja&rls=GGLG%2CGGLG%3A2006-05%2CGGLG%3Aja&q=file_charset%E3%80%80wiki&lr=lang_ja,1
1139442865,1139442865,1,http://www.google.com/search?hl=ja&lr=lang_ja&ie=UTF-8&oe=UTF-8&q=patchlist&num=50,1
1139950922,1139950922,1,http://www.google.co.jp/search?num=50&hl=ja&q=patchlist&btnG=Google+%E6%A4%9C%E7%B4%A2&lr=lang_ja,1
1140398080,1140398080,1,http://www.google.co.jp/search?sourceid=navclient&hl=ja&ie=UTF-8&rls=GGLG,GGLG:2005-30,GGLG:ja&q=mutt%2Dj+windows,1
1140509653,1140509653,1,http://www.google.co.jp/search?q=mutt+%E3%82%AD%E3%83%A3%E3%83%83%E3%82%B7%E3%83%A5+1.5&start=0&hl=ja&lr=lang_ja&ie=utf-8&oe=utf-8&client=firefox&rls=org.mozilla:ja:official,1
1140639170,1140639170,1,http://www.google.co.jp/search?q=mutt+jp+nntp&start=0&start=0&hl=ja&lr=lang_ja&ie=utf-8&oe=utf-8&client=firefox-a&rls=org.mozilla:ja-JP:official,1
1140691684,1140691684,1,http://www.google.co.jp/search?hl=ja&q=PAtchList&btnG=Google+%E6%A4%9C%E7%B4%A2&lr=lang_ja,1
1140806345,1140806345,1,http://www.google.co.jp/search?q=roland+patchlist&start=0&ie=utf-8&oe=utf-8&client=firefox&rls=org.mozilla:ja-JP-mac:unofficial,1
1141252662,1141252662,1,http://www.google.as/search?q=mailcap+mutt&hl=ja&lr=lang_ja&sa=X&oi=lrtip8,1
1141597684,1141597684,1,http://www.google.co.jp/search?hl=ja&inlang=ja&ie=Shift_JIS&q=maildir+cache+mutt&btnG=Google+%8C%9F%8D%F5&lr=lang_ja,1
1143682032,1143682032,1,http://www.google.co.jp/search?hl=ja&inlang=ja&ie=Shift_JIS&q=mutt+%83y%83C%83%93&btnG=Google+%8C%9F%8D%F5&lr=lang_ja,1
1143842032,1143842032,1,http://www.google.co.jp/search?hl=ja&inlang=ja&ie=Shift_JIS&q=PatchList&btnG=Google+%8C%9F%8D%F5&lr=lang_ja,1
1144019361,1144019361,1,http://www.google.co.jp/search?q=mutt+%E6%B7%BB%E4%BB%98%E3%83%95%E3%82%A1%E3%82%A4%E3%83%AB%E3%80%80%E6%A4%9C%E7%B4%A2&start=0&hl=ja&lr=lang_ja&ie=utf-8&oe=utf-8&client=firefox&rls=org.mozilla:ja:official,1
1144102575,1144102575,1,http://www.google.de/search?q=%C3%84gypten2+mutt&sourceid=mozilla-search&start=0&start=0&ie=utf-8&oe=utf-8&client=firefox&rls=org.mozilla:en-US:unofficial,1
1144351481,1144351481,1,http://www.google.co.jp/search?hl=ja&inlang=ja&ie=Shift_JIS&q=mutt+X-Face&btnG=Google+%8C%9F%8D%F5&lr=lang_ja,1
1144789648,1144789648,1,http://www.google.co.jp/search?hl=ja&rls=GGLG%2CGGLG%3A2006-01%2CGGLG%3Aja&q=patchlist+%E6%9B%B8%E5%BC%8F&lr=lang_ja,1
1144975274,1144975274,1,http://www.google.co.jp/search?hs=BIK&hl=ja&client=firefox&rls=org.mozilla%3Aja%3Aofficial&q=PGP+auto+decode&btnG=Google+%E6%A4%9C%E7%B4%A2&lr=lang_ja,1
1145574159,1145574159,1,http://www.google.co.jp/search?hl=ja&q=%E6%B7%BB%E4%BB%98%E3%83%95%E3%82%A1%E3%82%A4%E3%83%AB%E6%95%B0%E3%82%92%E8%A1%A8%E7%A4%BA&lr=,1
1145838289,1145838289,1,http://www.google.co.jp/search?num=30&hl=ja&q=GPZ%E3%80%80%E3%83%91%E3%82%BF%E3%83%BC%E3%83%B3&lr=,1
1145903424,1145903424,1,http://www.google.co.jp/search?hl=ja&q=mutt+nntp+patch&btnG=Google+%E6%A4%9C%E7%B4%A2&lr=lang_ja,1
1145997698,1145997698,1,http://www.google.com/search?hs=ybE&hl=ja&client=firefox-a&rls=org.mozilla%3Aja-JP%3Aofficial_s&q=Linux+%E3%83%95%E3%82%A1%E3%82%A4%E3%83%AB%E6%95%B0%E3%82%92%E8%A1%A8%E7%A4%BA&btnG=Google+%E6%A4%9C%E7%B4%A2&lr=,1
1146801277,1146801277,1,http://www.google.com/search?hl=ja&lr=lang_ja&ie=UTF8&q=mutt%20sidebar,1
1147324440,1147324440,1,http://www.google.co.jp/imode?q=Volkov&hl=ja&inlang=ja&lr=lang_ja&ie=Shift_JIS&btnG=%8c%9f%8d%f5&site=mobile&mrestrict=chtml,1
1147543576,1147543576,1,http://www.google.co.jp/search?q=Roland+%E3%83%91%E3%83%83%E3%83%81%E3%83%AA%E3%82%B9%E3%83%88&hl=ja&lr=&start=30&sa=N,1
1147565181,1147565181,1,http://www.google.co.jp/search?hs=U1B&hl=ja&client=firefox&rls=org.mozilla%3Aja%3Aofficial&q=dgc+%E3%83%91%E3%83%83%E3%83%81&btnG=Google+%E6%A4%9C%E7%B4%A2&lr=lang_ja,1
1147632207,1147632207,1,http://www.google.co.jp/search?hl=ja&inlang=ja&ie=Shift_JIS&c2coff=1&q=mutt+3%83y%83C%83%93&btnG=Google+%8C%9F%8D%F5&lr=lang_ja,1
1148074521,1148074521,1,http://www.google.co.jp/search?hs=9tz&hl=ja&client=firefox&rls=org.mozilla%3Aja-JP%3Aunofficial&q=mutt+%E3%82%B9%E3%83%AC%E3%83%83%E3%83%89+%E9%81%B8%E6%8A%9E&btnG=Google+%E6%A4%9C%E7%B4%A2&lr=,1
1148966073,1148966073,1,http://www.google.co.jp/imode?q=%83%5e%83O%20multiple&hl=ja&inlang=ja&lr=&ie=Shift_JIS&btnG=%8c%9f%8d%f5&site=mobile&mrestrict=chtml,1
1150485883,1150485883,1,http://www.google.co.jp/search?hl=ja&q=mutt+mbox+%E3%82%B9%E3%83%AC%E3%83%83%E3%83%89+%E6%97%A5%E6%9C%AC%E8%AA%9E&btnG=Google+%E6%A4%9C%E7%B4%A2&lr=,1
1150652426,1150652396,2,http://search.yahoo.co.jp/search?p=PatchList&ei=UTF-8&fr=top_v2&x=wrt&meta=vc%3D,1
1151228720,1151228720,1,http://search.yahoo.co.jp/search?p=PatchList%E8%BF%BD%E5%8A%A0&ei=UTF-8&fr=top_v2&x=wrt&meta=vc%3D,1
1151250675,1151250675,1,http://www.google.co.jp/search?q=mutt+pager+%E6%97%A5%E4%BB%98%E3%80%80%E3%83%95%E3%82%A9%E3%83%BC%E3%83%9E%E3%83%83%E3%83%88&start=0&start=0&hl=ja&lr=lang_ja&ie=utf-8&oe=utf-8&client=firefox-a&rls=org.mozilla:ja-JP:official,1
1234916833,1154631349,5,http://bloghome.lovepeers.org/daymemo2/200408.html,1
1156306348,1156306348,1,http://ws.mobile.yahoo.co.jp/bin/search?p=%C0%B8%DE%82%CC%90F%82%F0%8F%C1%82%B7%95%FB%96%40&rg=&of=&r=&c=on&b=20&params=,1
1158563999,1158563999,1,http://www.google.pl/search?q=%22Vsevolod+Volkov%22+%2Bmutt&hl=pl&hs=OSL&lr=&client=firefox-a&rls=org.mozilla:pl-PL:official&start=20&sa=N,1
1158693478,1158693478,1,http://www.google.co.jp/search?sourceid=navclient&hl=ja&ie=UTF-8&rls=GGLJ,GGLJ:2006-27,GGLJ:ja&q=w3m%e3%80%80%e3%82%a8%e3%83%b3%e3%82%b3%e3%83%bc%e3%83%89%e6%8c%87%e5%ae%9a,1
1158970988,1158970988,1,http://search.msn.co.jp/spresults.aspx?q=patchlist+-a&FORM=QBPR,1
1159730095,1159730095,1,http://www.google.co.jp/search?q=mutt+%E6%97%A5%E6%9C%AC%E8%AA%9E%E3%80%80%E8%A1%A8%E7%A4%BA%E3%80%80pager+&hl=ja&lr=&start=20&sa=N,1
1160424221,1160424221,1,http://www.google.co.jp/search?&hl=ja&ie=Shift_JIS&btnG=Google%20検索&q=patchlist+%2Da,1
1165834659,1165834659,1,http://72.14.235.104/search?q=cache:PxcYnhTpTuoJ:mutt-j.sourceforge.jp/pukiwiki/+mutt&hl=ja&gl=jp&ct=clnk&cd=10&ie=UTF-8&inlang=ja,1
1170464921,1170464921,1,http://www.google.co.jp/search?q=mutt+send-hook&hl=ja&lr=lang_ja&client=firefox&rls=org.debian:ja:unofficial&hs=Upw&start=10&sa=N,1
1170744212,1170744212,1,http://www.google.com/search?hl=ja&safe=off&client=firefox&rls=org.mozilla%3Aja%3Aofficial&hs=5BS&q=mutt+%E3%83%91%E3%83%83%E3%83%81&btnG=Google+%E6%A4%9C%E7%B4%A2&lr=lang_ja,1
1171246512,1171246512,1,http://listserve.fg.k12.ri.us/?technology_announce@listserve.fg.k12.ri.us,1
1177872355,1177872355,1,http://www.google.com/search?client=safari&rls=ja-jp&q=PatchList&ie=UTF-8&oe=UTF-8,1
1180232228,1180232228,1,http://www.google.co.jp/search?encode_hint=%A4%D7&q=mutt-j+FAQ&hl=ja&ie=euc-jp&domains=sony.co.jp&sitesearch=&btnG=Google+%B8%A1%BA%F7,1
1180367568,1180367568,1,http://www.google.com/search?hl=en&q=%E3%83%A1%E3%83%BC%E3%83%AB%E3%83%9C%E3%83%83%E3%82%AF%E3%82%B9+%E4%B8%80%E8%A6%A7+mutt&btnG=Google+Search,1
1180564736,1180564736,1,http://ws.mobile.yahoo.co.jp/bin/search?p=%8C%BB%8D%DD%8E%9E%8D%8F%95%5C%8E%A6&of=&c=on&b=5&safe=0&age=&fr=m_top_e,1
1180685110,1180685110,1,http://www.google.com/search?hl=ja&client=safari&rls=ja-jp&q=patchlist&btnG=%E6%A4%9C%E7%B4%A2&lr=,1
1186554505,1186554505,1,http://search.yahoo.co.jp/search?p=Ole+Jensen&y=17&tid=top_v2&ei=UTF-8&search_x=1&pstart=1&fr=top_v2&b=11,1
1190429506,1190429506,1,http://search.yahoo.co.jp/search?p=patchlist+-a&ei=UTF-8&fr=top_v2&x=wrt,1
1190520244,1190520244,1,http://search.yahoo.co.jp/search?p=patchlist&ei=UTF-8&fr=top_v2&x=wrt,1
1190929413,1190929413,1,http://search.yahoo.co.jp/search?p=mutt+windows&ei=UTF-8&fr=top_v2&x=wrt,1
1430887347,1191668238,24,http://bloghome.lovepeers.org/daymemo2/20040820.html,1
1193243738,1193243738,1,http://www.google.co.jp/search?hl=ja&q=patchlist&btnG=%E6%A4%9C%E7%B4%A2&lr=lang_ja,1
1196350467,1196114914,2,http://www.google.co.jp/search?hl=ja&q=patchlist+-a&lr=,1
1196479008,1196479008,1,http://wrs.search.yahoo.co.jp/S=2114736003/K=patchlist/v=2/SID=w/TID=jp0013_jp0013/l=WS1/R=2/IPC=jp/H=0/;_ylt=A3xTpnimUFFHitUApbaDTwx.;_ylu=X3oDMTFjcms0NHY2BGNvbG8DdwRsA1dTMQRwb3MDMgRzZWMDc3IEdnRpZANqcDAwMTNfanAwMDEz/SIG=12dtv921p/EXP=1196597798/*-http%3A//mutt-j.sourceforge.jp/pukiwiki/index.php?PatchList,1
1197912350,1197912350,1,http://www.google.co.jp/search?sourceid=navclient&hl=ja&ie=UTF-8&rlz=1T4GGIH_jaJP248JP248&q=patchlist+%2da,1
1199428582,1199428582,1,http://www.google.co.jp/search?hl=ja&client=firefox-a&rls=org.mozilla%3Aja-JP-mac%3Aofficial&hs=4D9&q=Patchlist&btnG=%E6%A4%9C%E7%B4%A2&lr=,1
1200277581,1200277581,1,http://www.google.co.jp/search?q=patch+list&btnG=%E6%A4%9C%E7%B4%A2&hl=ja&client=firefox-a&rls=org.mozilla%3Aja%3Aofficial,1
1202792058,1202792058,1,http://www.google.co.jp/search?q=%E3%81%94%E3%81%BF%E7%AE%B1+mutt+imap&lr=lang_ja&ie=utf-8&oe=utf-8&aq=t&rls=org.mozilla:ja:official&client=firefox-a,1
1206556358,1206556358,1,http://www.google.co.jp/search?hl=ja&q=mutt+%E3%82%B9%E3%83%86%E3%83%BC%E3%82%BF%E3%82%B9%E8%A1%8C&btnG=%E6%A4%9C%E7%B4%A2&lr=lang_ja,1
1210871835,1210871835,1,http://search.yahoo.co.jp/search?p=patchlist&search.x=1&fr=top_ga1&tid=top_ga1&ei=UTF-8,1
1220931343,1220931331,2,http://search.yahoo.co.jp/search?p=%EF%BC%A6%EF%BC%B2+%E3%83%91%E3%83%83%E3%83%81%E3%80%80wiki&ei=UTF-8&fr=top_ga1&x=wrt&meta=vc%3D,1
1224876430,1224876430,1,http://www.google.co.jp/search?q=trash_folder+mutt+&ie=utf-8&oe=utf-8&aq=t&rls=com.ubuntu:ja:unofficial&client=firefox-a,1
1228274115,1228274115,1,http://www.google.co.jp/search?source=ig&hl=ja&q=mutt%20%E3%82%B7%E3%83%A7%E3%83%BC%E3%83%88%E3%82%AB%E3%83%83%E3%83%88%20%E5%A4%89%E6%9B%B4&lr=,1
1229604618,1229604618,1,http://reader.livedoor.com/reader/,1
1230511804,1230511803,3,http://tamo.tdiary.net/20050423.html,1
1245285008,1245285008,1,http://www.google.com/ie?q=patchlist+-a&hl=ja&btnG=%E6%A4%9C%E7%B4%A2,1
1246306008,1246306008,1,http://www.google.co.jp/search?hl=ja&q=patchlist&btnG=Google+%E6%A4%9C%E7%B4%A2&aq=f&oq=,1
1247145124,1247145124,1,http://www.google.co.jp/search?q=mutt+date_conditional&ie=utf-8&oe=utf-8&aq=t&rls=org.mozilla:en-US:unofficial&client=firefox-a,1
1247670880,1247670880,1,http://search.yahoo.co.jp/search?ei=euc-jp&fr=slv1-yjmsg&p=patchlist%20-a,1
1248323206,1248323206,1,http://search.yahoo.co.jp/search?p=%E6%9C%89%E5%90%8D+%E3%83%91%E3%83%83%E3%83%81&ei=UTF-8&fr=top_ga1_sa&x=wrt&meta=vc%3D,1
1248620070,1248620070,1,http://ezsch.ezweb.ne.jp/search/ezGoogleMain.php?query=%83p%83b%83%60%83%8A%83X%83g&start-index=4&adpage=3&mode=02,1
1252006362,1251990087,3,http://www.google.co.jp/search?sourceid=navclient&hl=ja&ie=UTF-8&rlz=1T4SUNA_jaJP333&q=patchlist+-a,1
1251992270,1251992270,1,http://www.google.co.jp/search?sourceid=navclient&aq=0h&oq=patchlist&hl=ja&ie=UTF-8&rlz=1T4SUNA_jaJP333&q=patchlist+-a,1
1269816167,1253911596,2,http://search.yahoo.co.jp/search?p=patchlist&ei=UTF-8&fr=top_ga1_sa&x=wrt,1
1264026865,1253911919,2,http://search.yahoo.co.jp/search?p=patchlist+-a&ei=UTF-8&fr=top_ga1_sa&x=wrt,1
1254242190,1254242190,1,http://www.google.co.jp/search?hl=ja&lr=lang_ja&safe=off&q=mutt-patched&start=10&sa=N,1
1255172381,1255172381,1,http://74.125.153.132/search?q=cache:pRjM0z0kb8IJ:mutt-j.sourceforge.jp/pukiwiki/index.php%3FMuttFaq%252FIMAP+mutt+imap&cd=1&hl=ja&ct=clnk&client=opera,1
1256672491,1256672491,1,http://www.bing.com/search?q=patchlist&go=&form=QBRE&filt=all,1
1257035909,1257035909,1,http://www.google.co.jp/search?hl=ja&q=patchlist+-a&lr=&aq=f&oq=,1
1269462962,1269462962,1,http://www.google.co.jp/search?q=mutt+%E8%A4%87%E6%95%B0%E3%83%A1%E3%83%BC%E3%83%AB%E3%83%9C%E3%83%83%E3%82%AF%E3%82%B9+%E6%A4%9C%E7%B4%A2&ie=utf-8&oe=utf-8&aq=t&rls=org.mozilla:ja:official&client=firefox-a,1
1269787736,1269787736,1,http://www.google.co.jp/search?q=mutt+%E8%A4%87%E6%95%B0+%E3%83%95%E3%82%A1%E3%82%A4%E3%83%AB+%E6%A4%9C%E7%B4%A2&ie=utf-8&oe=utf-8&aq=t&rls=org.mozilla:ja:official&client=firefox-a,1
1269788404,1269788404,1,http://www.google.co.jp/search?num=25&hl=ja&inlang=ja&q=mutt+%E3%82%B7%E3%83%A7%E3%83%BC%E3%83%88%E3%82%AB%E3%83%83%E3%83%88&lr=lang_ja,1
1271000387,1271000387,1,http://kjunichi.cocolog-nifty.com/misc/,1
1271187673,1271187673,1,http://www.google.co.jp/search?hl=ja&rlz=1C1GGLS_jaJP366JP366&esrch=FT1&q=mutt+delete+prefix&lr=&aq=f&aqi=&aql=&oq=&gs_rfai=,1
1275948505,1275948505,1,http://www.google.com/search?hl=ja&inlang=ja&ie=Shift_JIS&oe=Shift_JIS&q=patchlist+-&lr=lang_ja&aq=f&aqi=&aql=&oq=&gs_rfai=,1
1279664978,1279664978,1,http://search.yahoo.co.jp/search?p=patchlist&ei=UTF-8&fr=top_of3_sa&x=wrt,1
1280379461,1280379461,1,http://www.google-anon.com/search?hl=ja&client=firefox&hs=Oto&rls=org.mozilla%3Aja%3Aofficial&q=wiki%E3%83%91%E3%83%83%E3%83%81%E3%83%AA%E3%82%B9%E3%83%88&btnG=%E6%A4%9C%E7%B4%A2,1
1281312376,1281312043,2,http://www.google.co.jp/search?num=25&hl=ja&inlang=ja&q=mutt+%E4%B8%80%E8%A6%A7&lr=lang_ja&aq=f&aqi=&aql=&oq=&gs_rfai=,1
1301277682,1301277682,1,http://www.google.co.jp/search?hl=ja&source=hp&q=patchlist+-a&btnG=Google+%E6%A4%9C%E7%B4%A2&lr=&rlz=1R2SUNC_jaJP389&aq=f&aqi=&aql=&oq=,1
1301506328,1301506328,1,http://www.google.co.jp/search?hl=ja&lr=lang_ja&safe=off&tbs=lr%3Alang_1ja&q=mutt-patched&aq=f&aqi=&aql=&oq=,1
1302647191,1302647191,1,http://www.google.co.jp/search?hl=ja&q=%E3%83%88%E3%83%A9%E3%83%83%E3%82%AB%E3%83%BC%E7%95%AA%E5%8F%B7&lr=lang_ja,1
1302800357,1302800357,1,http://www.google.co.jp/search?q=patchlist+-a&hl=ja&lr=&spell=1&sa=X&aq=f&aqi=&aql=&oq=,1
1308513603,1308513603,1,http://search.yahoo.co.jp/search?p=patchlist+-a&aq=-1&oq=&ei=UTF-8&fr=top_ga1_sa&x=wrt,1
1318265477,1318265477,1,http://www.google.co.jp/search?q=mutt+%E3%82%B4%E3%83%9F%E7%AE%B1&hl=ja&client=firefox&rls=org.mozilla:ja:official&prmd=imvns&ei=gKCTTsa_G-zRmAXA6Nn1Bg&start=10&sa=N&biw=1280&bih=769,1
1325916559,1325916559,1,http://www.google.co.jp/search?num=50&hl=ja&ie=utf-8&oe=utf-8&lr=lang_ja&q=mutt-cd.trash_folder.patch,1
1334862705,1334862705,1,http://www.google.co.jp/url?sa=t&rct=j&q=mutt%E3%80%80%E3%82%B7%E3%83%A7%E3%83%BC%E3%83%88%E3%82%AB%E3%83%83%E3%83%88%E3%80%80%E6%9B%B4%E6%96%B0&source=web&cd=1&ved=0CCMQFjAA&url=http%3A%2F%2Fmutt-j.sourceforge.jp%2Fpukiwiki%2Fpukiwiki.php%3FPatchList&ei=--GQT-zZD434mAXr9Yj0AQ&usg=AFQjCNErxIiTAVBPpJFGVvMuvOIn7sZzvw,1
1357431014,1357431014,1,http://www.google.co.jp/url?sa=t&rct=j&q=mutt%20date_conditional&source=web&cd=6&cad=rja&ved=0CFUQFjAF&url=http%3A%2F%2Fmutt-j.sourceforge.jp%2Fpukiwiki%2Findex.php%3FPatchList&ei=RT_pUOHOFcbOkAWvx4CADw&usg=AFQjCNGJu-H5ZPAa7OuKF98_7MYKfvzpCQ&bvm=bv.1355534169,d.dGY,1
1437384965,1359420809,5,https://www.google.co.jp/,1
1362264384,1362264384,1,http://www.google.co.jp/search?q=worldonline%2edk&hl=ja&lr=lang_ja&ie=UTF-8&oe=UTF-8&start=10&sa=N,1
1362293621,1362293621,1,http://www.google.co.jp/url?sa=t&rct=j&q=patchlist+patchadd&source=web&cd=7&ved=0CEwQFjAG&url=http%3A%2F%2Fmutt-j.sourceforge.jp%2Fpukiwiki%2Findex.php%3FPatchList&ei=6nEzUfOvKsmNmQWK0oCYDA&usg=AFQjCNGJu-H5ZPAa7OuKF98_7MYKfvzpCQ,1
1370273635,1370273635,1,http://www.google.co.jp/url?sa=t&rct=j&q=&esrc=s&source=web&cd=8&ved=0CFUQFjAH&url=http%3A%2F%2Fmutt-j.sourceforge.jp%2Fpukiwiki%2F%3FPatchList&ei=2zWtUdmsFu2WiQe3o4HIAw&usg=AFQjCNHXN7T-xVTtWwA807CvXpWDILAWwA&bvm=bv.47244034,d.aGc,1
1371060167,1371060167,1,http://www.google.co.jp/url?sa=t&rct=j&q=&esrc=s&source=web&cd=2&ved=0CDUQFjAB&url=http%3A%2F%2Fmutt-j.sourceforge.jp%2Fpukiwiki%2F%3FPatchList&ei=cjC5UbqcKcK4kgX_44D4Ag&usg=AFQjCNHXN7T-xVTtWwA807CvXpWDILAWwA&sig2=BEDtAdkcVgpLmy48zOM55Q&bvm=bv.47883778,d.dGI,1
1371328092,1371328092,1,http://search.fenrir-inc.com/?hl=ja&channel=sleipnir_3_w&safe=off&lr=all&q=mutt+%E6%B7%BB%E4%BB%98+%E8%A4%87%E6%95%B0,1
1371587233,1371587233,1,http://www.google.co.jp/search?q=mail%20worldonline%20dk&hl=ja&lr=lang_ja&ie=UTF-8&oe=UTF-8&start=0&sa=N,1
1372921985,1372921985,1,http://www.google.co.jp/url?sa=t&rct=j&q=&esrc=s&source=web&cd=9&ved=0CGwQFjAI&url=http%3A%2F%2Fmutt-j.sourceforge.jp%2Fpukiwiki%2F%3FPatchList&ei=f5zVUYyXA8yFkwWR64DoBQ&usg=AFQjCNHXN7T-xVTtWwA807CvXpWDILAWwA&sig2=J5r1ExfVuKeYJyJmRpgjJg&bvm=bv.48705608,d.dGI,1
1374098952,1374098952,1,http://www.google.co.jp/url?sa=t&rct=j&q=mutt%20%E6%B7%BB%E4%BB%98%E3%80%80%E8%A4%87%E6%95%B0&source=web&cd=7&sqi=2&ved=0CE0QFjAG&url=http%3A%2F%2Fmutt-j.sourceforge.jp%2Fpukiwiki%2F%3FPatchList&ei=WpTnUYuENciGkgW3_YDgCw&usg=AFQjCNHXN7T-xVTtWwA807CvXpWDILAWwA,1
1374165837,1374165837,1,http://www.google.co.jp/search?q=mail%20sandjensen%20dk&hl=ja&lr=lang_ja&ie=UTF-8&oe=UTF-8&start=0&sa=N,1
1380300009,1380300009,1,http://www.google.co.jp/url?sa=t&rct=j&q=&esrc=s&source=web&cd=8&ved=0CGUQFjAH&url=http%3A%2F%2Fmutt-j.sourceforge.jp%2Fpukiwiki%2F%3FPatchList&ei=aDNGUvLLFYiskgWR1YCACg&usg=AFQjCNHXN7T-xVTtWwA807CvXpWDILAWwA&sig2=cnhLJhfAx-uAkQuEmRtseQ,1
1381916606,1381916606,1,http://www.google.com/url?sa=t&rct=j&q=&esrc=s&source=web&cd=1&ved=0CDMQFjAA&url=http%3A%2F%2Fmutt-j.sourceforge.jp%2Fpukiwiki%2F%3FPatchList&ei=Sd5eUv6-CMqq2wWPy4GgBw&usg=AFQjCNHXN7T-xVTtWwA807CvXpWDILAWwA&sig2=SGUGcLJuxIYoDDU9Z0tJ-w&bvm=bv.54176721,d.b2I,1
1382378858,1382378858,1,http://www.google.co.jp/url?sa=t&rct=j&q=&esrc=s&source=web&cd=5&ved=0CD8QFjAE&url=http%3A%2F%2Fmutt-j.sourceforge.jp%2Fpukiwiki%2F%3FPatchList&ei=9utlUpOtEIqlkAWPjoHIDQ&usg=AFQjCNHXN7T-xVTtWwA807CvXpWDILAWwA&bvm=bv.55123115,d.dGI,1
1389416432,1389416432,1,http://www.google.co.jp/url?sa=t&rct=j&q=&esrc=s&frm=1&source=web&cd=8&ved=0CFMQFjAH&url=http%3A%2F%2Fmutt-j.sourceforge.jp%2Fpukiwiki%2Findex.php%3FPatchList&ei=R07RUsSaA4m8kAWnjIDgAw&usg=AFQjCNGJu-H5ZPAa7OuKF98_7MYKfvzpCQ&bvm=bv.59026428,d.dGI,1
1391656912,1391656912,1,http://search.yahoo.co.jp/search?p=windows%EF%BF%A5installer%EF%BF%A51868d&aq=-1&oq=&ei=UTF-8&fr=sb-necctp_sa&x=wrt,1
1399590937,1399590937,1,http://www.google.co.jp/url?sa=t&rct=j&q=&esrc=s&source=web&cd=6&ved=0CEgQFjAF&url=http%3A%2F%2Fmutt-j.sourceforge.jp%2Fpukiwiki%2F%3FPatchList&ei=m45sU_GHBIqB8gWk94KYCQ&usg=AFQjCNHXN7T-xVTtWwA807CvXpWDILAWwA&bvm=bv.66330100,d.dGc,1
1399591602,1399591602,1,http://www.google.co.jp/url?sa=t&rct=j&q=&esrc=s&source=web&cd=13&ved=0CDIQFjACOAo&url=http%3A%2F%2Fmutt-j.sourceforge.jp%2Fpukiwiki%2F%3FPatchList&ei=PZFsU_bSJcyC8gWX54L4CA&usg=AFQjCNHXN7T-xVTtWwA807CvXpWDILAWwA&bvm=bv.66330100,d.dGc,1
1400037768,1400037768,1,http://www.google.co.jp/search?hl=ja&redir_esc=&client=ms-android-kddi-jp&source=android-launcher-widget&v=133247963&qsubts=1400070157316&q=%E6%9C%89%E5%90%8D+%E3%83%91%E3%83%83%E3%83%81%E3%83%AA%E3%82%B9%E3%83%88&v=133247963,1
