1123709036,1115917435,2,http://search.yahoo.co.jp/bin/query?p=mutt+%a5%de%a5%cb%a5%e5%a5%a2%a5%eb&fr=top,1
1342138831,1342138831,1,http://www.google.co.jp/url?sa=t&rct=j&q=&esrc=s&source=web&cd=8&ved=0CGAQFjAH&url=http%3A%2F%2Fmutt-j.sourceforge.jp%2Fpukiwiki%2Findex.php%3FPukiWiki&ei=6-f_T7vSBcrZrQe-wJWaBg&usg=AFQjCNGw9dOAbE_4r5fI0rlIfPWkg5d9mQ&sig2=Z5mjkh_WkIedAdlATTezaA,1
1381278188,1381278172,2,https://www.google.co.jp/,1
