1192380067,1192380067,1,http://search.www.infoseek.co.jp/Seek?svx=101660&nc=1&qid=-1&fs=2&qp=0&wd=0&lg=all&col=OW&qt=%EF%BF%BDJ%EF%BF%BD%EF%BF%BD%EF%BF%BD%EF%BF%BDv%EF%BF%BDZ&st=20,1
1193067168,1193067168,1,http://search.www.infoseek.co.jp/Web?col=OW&qt=%EF%BF%BDJ%EF%BF%BD%EF%BF%BD%EF%BF%BD%EF%BF%BDv%EF%BF%BDZ&svx=10&svp=&qp=0,1
1193077070,1193077070,1,http://search.www.infoseek.co.jp/Web?col=OW&qt=%EF%BF%BD%EF%BF%BDJ%EF%BF%BD%EF%BF%BD%EF%BF%BD%EF%BF%BDv%EF%BF%BDZ&svx=10&svp=&qp=0,1
