1109887256,1109887256,1,http://www.google.co.jp/search?hl=ja&q=Wiki+Manual+%E4%BD%9C%E6%88%90&btnG=Google+%E6%A4%9C%E7%B4%A2&lr=lang_ja,1
1122942243,1122942243,1,http://www.google.co.jp/search?hl=ja&q=mutt+%E6%96%87%E5%AD%97%E5%88%97%E6%A4%9C%E7%B4%A2&btnG=Google+%E6%A4%9C%E7%B4%A2&lr=lang_ja,1
1171359455,1171359455,1,http://www.google.co.jp/search?q=mutt+%E3%83%91%E3%82%BF%E3%83%BC%E3%83%B3+%E9%80%81%E4%BF%A1&start=0&start=0&ie=utf-8&oe=utf-8&client=firefox&rls=org.mozilla:ja-JP:unofficial,1
1365540956,1365540956,1,http://search.yahoo.co.jp/search?p=mutt+%E3%82%AB%E3%82%B9%E3%82%BF%E3%83%9E%E3%82%A4%E3%82%BA+%E6%97%A5%E4%BB%98&ei=UTF-8&fr=top_ga1_sa&x=wrt,1
1382563295,1382563295,1,http://www.google.co.jp/url?sa=t&rct=j&q=&esrc=s&source=web&cd=1&ved=0CCkQFjAA&url=http%3A%2F%2Fmutt-j.sourceforge.jp%2Fpukiwiki%2Findex.php%3FPukiWiki%252F1.4%252FManual%252FPlugin%252FL-N&ei=aLxoUsynE4W7lAWW_4DgAw&usg=AFQjCNE2kt_hQXIGnahO15GJSX_EOOjEwA&bvm=bv.55123115,d.dGI&cad=rja,1
1382563320,1382563320,1,"http://www.google.co.jp/url?sa=t&rct=j&q=&esrc=s&source=web&cd=1&ved=0CCkQFjAA&url=http%3A%2F%2Fmutt-j.sourceforge.jp%2Fpukiwiki%2Findex.php%3FPukiWiki%252F1.4%252FManual%252FPlugin%252FL-N&ei=aLxoUsynE4W7lAWW_4DgAw&usg=AFQjCNE2kt_hQXIGnahO15GJSX_EOOjEwA&bvm=bv.55123115,d.dGI&cad=rja",1
