1140547262,1140547262,1,http://www.google.co.jp/search?q=mutt+%E8%A4%87%E6%95%B0%E3%80%80%E8%A8%AD%E5%AE%9A&hl=ja&hs=aeP&lr=lang_ja&client=firefox-a&rls=org.mozilla:en-US:official&start=10&sa=N,1
1308345321,1308345319,2,http://www.google.co.jp/url?sa=t&source=web&cd=4&ved=0CC0QFjAD&url=http%3A%2F%2Fmutt-j.sourceforge.jp%2Fpukiwiki%2Findex.php%3FPukiWiki%252F1.4%252FManual%252FPlugin%252FH-K&rct=j&q=mutt%20%E8%A8%AD%E5%AE%9A%20%E8%A1%A8%E7%A4%BA%E8%A1%8C%E6%95%B0&ei=bUL8Tc_yE4WyvwOx1si3Aw&usg=AFQjCNGGlYEPtXU66Ek_MbuFzMfopLLLow&sig2=McOwmRMpw5y7F_gL5TATgQ&cad=rja,1
