1147822090,1147822090,1,http://www.google.co.jp/search?q=mutt+%E8%83%8C%E6%99%AF%E8%89%B2+%E6%96%87%E5%AD%97%E8%89%B2+%E5%A4%89%E6%9B%B4&btnG=Google+%E6%A4%9C%E7%B4%A2&hl=ja,1
1154481308,1154481308,1,http://www.google.co.jp/search?q=mutt+%E5%BC%95%E7%94%A8%E6%96%87&num=10&hl=ja&lr=lang_ja&ie=UTF-8&oe=UTF-8&start=0,1
1170042529,1170042529,1,http://www.google.co.jp/search?hl=ja&rlz=1B3GGGL_ja___JP205&q=mutt+URL+%E8%89%B2&btnG=Google+%E6%A4%9C%E7%B4%A2&lr=,1
1176503822,1176503822,1,http://www.google.co.jp/search?q=mutt+%E8%83%8C%E6%99%AF%E8%89%B2&lr=lang_ja&ie=utf-8&oe=utf-8&aq=t&rls=org.mozilla:ja:official&client=firefox,1
1198183855,1198183792,2,http://www.google.co.jp/search?q=mutt+%91S%8Ap%8BL%8D%86%81%40%95%5C%8E%A6&hl=ja&lr=lang_ja&sourceid=mozilla-search,1
1199393319,1199393319,1,http://www.google.co.jp/search?q=mutt+wrap&hl=ja&lr=lang_ja&pwst=1&start=20&sa=N,1
1203059620,1203059620,1,http://www.google.co.jp/search?hl=ja&inlang=ja&ie=Shift_JIS&q=mutt+%94w%8Ci%90F&btnG=%8C%9F%8D%F5&lr=,1
1203060092,1203060092,1,http://www.google.co.jp/search?source=ig&hl=ja&rlz=&q=mutt+%94w%8Ci%90F&btnG=Google+%8C%9F%8D%F5&meta=,1
1274293238,1274293238,1,http://www.google.co.jp/search?hl=ja&safe=off&q=jwiki+%E3%83%AB%E3%83%BC%E3%83%AB&aq=f&aqi=&aql=&oq=&gs_rfai=,1
1274348161,1274348161,1,http://www.google.co.jp/search?hl=ja&lr=&safe=off&q=mutt+%E3%82%A4%E3%83%B3%E3%83%87%E3%83%B3%E3%83%88%E8%A8%98%E5%8F%B7&aq=f&aqi=&aql=&oq=&gs_rfai=,1
1275537033,1275537033,1,http://www.google.co.jp/search?q=mutt+%E3%82%A2%E3%83%89%E3%83%AC%E3%82%B9%E3%80%80%E3%82%AF%E3%82%A9%E3%83%BC%E3%83%86%E3%83%BC%E3%82%B7%E3%83%A7%E3%83%B3&btnG=%E6%A4%9C%E7%B4%A2&hl=ja&sa=2,1
1277488888,1277488888,1,http://www.google.co.jp/search?hl=ja&source=hp&ie=Shift_JIS&q=mutt+%90%DC%82%E8%95%D4%82%B5&btnG=Google+%8C%9F%8D%F5,1
1280276542,1280276542,1,http://www.google.co.jp/search?hl=ja&source=hp&q=mutt+%E6%94%B9%E8%A1%8C&aq=f&aqi=&aql=&oq=&gs_rfai=,1
1292086467,1292086467,1,http://www.google.co.jp/search?hl=ja&rlz=1G1GGLQ_JAJP291&q=mutt+%E8%A1%8C%E9%A0%AD+%22%2B%22+%E6%94%B9%E8%A1%8C&btnG=%E6%A4%9C%E7%B4%A2&aq=f&aqi=&aql=&oq=&gs_rfai=,1
1296498616,1296498616,1,http://www.google.co.jp/search?hl=ja&q=mutt+%E6%94%B9%E8%A1%8C&aq=f&aqi=&aql=&oq=,1
1322491551,1322491551,1,http://www.google.co.jp/url?sa=t&rct=j&q=mutt%20%E8%A1%8C%E9%96%93&source=web&cd=2&sqi=2&ved=0CDAQFjAB&url=http%3A%2F%2Fmutt-j.sourceforge.jp%2Fpukiwiki%2Findex.php%3F%25C0%25B0%25B7%25C1%25A5%25EB%25A1%25BC%25A5%25EB&ei=Dh3UTvzoMcbUmAWEo7Rc&usg=AFQjCNGttrg_CSjIIPFSgXQWnwUZEHhoCQ,1
1323810019,1323810019,1,http://www.google.co.jp/url?sa=t&rct=j&q=jwiki%20%E3%83%8D%E3%82%B9%E3%83%88&source=web&cd=2&ved=0CCgQFjAB&url=http%3A%2F%2Fmutt-j.sourceforge.jp%2Fpukiwiki%2Findex.php%3F%25C0%25B0%25B7%25C1%25A5%25EB%25A1%25BC%25A5%25EB&ei=YTvoTqG_PIujiAfFnZniCA&usg=AFQjCNGttrg_CSjIIPFSgXQWnwUZEHhoCQ,1
1326061837,1326061837,1,http://www.google.co.jp/url?sa=t&rct=j&q=mutt%20%E6%9C%AC%E6%96%87%20%E6%8A%98%E3%82%8A%E8%BF%94%E3%81%97&source=web&cd=1&ved=0CCEQFjAA&url=http%3A%2F%2Fmutt-j.sourceforge.jp%2Fpukiwiki%2Findex.php%3F%25C0%25B0%25B7%25C1%25A5%25EB%25A1%25BC%25A5%25EB&ei=mpcKT5-1A7GQiQeq0aCICQ&usg=AFQjCNGttrg_CSjIIPFSgXQWnwUZEHhoCQ&sig2=cNS9TSMIOUGnlV8JTvpvfA,1
1337501528,1337501528,1,http://www.google.co.jp/search?q=mutt+%E6%94%B9%E8%A1%8C+%22%2B%22&ie=utf-8&oe=utf-8&aq=t&rls=org.mozilla:en-US:official&client=firefox-a,1
1349729622,1349729622,1,http://www.google.co.jp/url?sa=t&rct=j&q=mutt+%E3%83%86%E3%82%AD%E3%82%B9%E3%83%88%E3%80%80%E5%87%BA%E5%8A%9B&source=web&cd=10&ved=0CFsQFjAJ&url=http%3A%2F%2Fmutt-j.sourceforge.jp%2Fpukiwiki%2Findex.php%3F%25C0%25B0%25B7%25C1%25A5%25EB%25A1%25BC%25A5%25EB&ei=xLtzUPT7I4PJmQW5gYHQBg&usg=AFQjCNGttrg_CSjIIPFSgXQWnwUZEHhoCQ,1
1351042172,1351042172,1,http://www.google.co.jp/url?sa=t&rct=j&q=&esrc=s&source=web&cd=1&ved=0CCEQFjAA&url=http%3A%2F%2Fmutt-j.sourceforge.jp%2Fpukiwiki%2Findex.php%3F%25C0%25B0%25B7%25C1%25A5%25EB%25A1%25BC%25A5%25EB&ei=BsOHUIuSG-HamAXA7YEo&usg=AFQjCNGttrg_CSjIIPFSgXQWnwUZEHhoCQ,1
1363742692,1363742692,1,http://www.google.co.jp/url?sa=t&rct=j&q=mutt%20%E8%A8%AD%E5%AE%9A%20%E6%96%87%E5%AD%97%E3%80%80%E6%8A%98%E3%82%8A%E8%BF%94%E3%81%97&source=web&cd=3&ved=0CDgQFjAC&url=http%3A%2F%2Fmutt-j.sourceforge.jp%2Fpukiwiki%2Findex.php%3F%25C0%25B0%25B7%25C1%25A5%25EB%25A1%25BC%25A5%25EB&ei=W45JUcr5FIWKlAWcpYGwDA&usg=AFQjCNGttrg_CSjIIPFSgXQWnwUZEHhoCQ&bvm=bv.44011176,d.dGY,1
1363742708,1363742708,1,http://www.google.co.jp/url?sa=t&rct=j&q=mutt%20%E8%A8%AD%E5%AE%9A%20%E6%96%87%E5%AD%97%E3%80%80%E6%8A%98%E3%82%8A%E8%BF%94%E3%81%97&source=web&cd=3&ved=0CDgQFjAC&url=http%3A%2F%2Fmutt-j.sourceforge.jp%2Fpukiwiki%2Findex.php%3F%25C0%25B0%25B7%25C1%25A5%25EB%25A1%25BC%25A5%25EB&ei=W45JUcr5FIWKlAWcpYGwDA&usg=AFQjCNGttrg_CSjIIPFSgXQWnwUZEHhoCQ,1
1380899437,1380899437,1,http://www.google.co.jp/url?sa=t&rct=j&q=&esrc=s&source=web&cd=1&ved=0CCsQFjAA&url=http%3A%2F%2Fmutt-j.sourceforge.jp%2Fpukiwiki%2Findex.php%3F%25C0%25B0%25B7%25C1%25A5%25EB%25A1%25BC%25A5%25EB&ei=6lhPUuTiOs6FkwWmy4HwDg&usg=AFQjCNGttrg_CSjIIPFSgXQWnwUZEHhoCQ&bvm=bv.53537100,d.dGI,1
1389636423,1389636423,1,http://www.google.co.jp/url?sa=t&rct=j&q=&esrc=s&source=web&cd=1&ved=0CCsQFjAA&url=http%3A%2F%2Fmutt-j.sourceforge.jp%2Fpukiwiki%2Findex.php%3F%25C0%25B0%25B7%25C1%25A5%25EB%25A1%25BC%25A5%25EB&ei=z6nUUsryCYvgkAXS74HADA&usg=AFQjCNGttrg_CSjIIPFSgXQWnwUZEHhoCQ&bvm=bv.59378465,d.dGI,1
1455711493,1392305582,9,https://www.google.co.jp/,1
1418129091,1418129091,1,http://www.google.co.jp/url?sa=t&rct=j&q=&esrc=s&source=web&cd=1&ved=0CB0QFjAA&url=http%3A%2F%2Fmutt-j.sourceforge.jp%2Fpukiwiki%2Findex.php%3F%25C0%25B0%25B7%25C1%25A5%25EB%25A1%25BC%25A5%25EB&ei=UW2HVK39HoW4mwX_n4LADw&usg=AFQjCNGttrg_CSjIIPFSgXQWnwUZEHhoCQ&sig2=oDewSX6NRgsFlKtpuvXQkQ&bvm=bv.81449611,d.dGY,1
1418129679,1418129679,1,http://www.google.co.jp/url?sa=t&rct=j&q=&esrc=s&source=web&cd=1&ved=0CB0QFjAA&url=http%3A%2F%2Fmutt-j.sourceforge.jp%2Fpukiwiki%2Findex.php%3F%25C0%25B0%25B7%25C1%25A5%25EB%25A1%25BC%25A5%25EB&ei=m2-HVO2pG6HFmwWG24FI&usg=AFQjCNGttrg_CSjIIPFSgXQWnwUZEHhoCQ&sig2=54ZbDjPW1xMXA01QwdJrAg&bvm=bv.81456516,bs.1,d.dGY,1
1433367679,1433367679,1,http://www.google.co.jp/url?sa=t&rct=j&q=&esrc=s&source=web&cd=3&ved=0CCsQFjAC&url=http%3A%2F%2Fmutt-j.sourceforge.jp%2Fpukiwiki%2Findex.php%3F%25C0%25B0%25B7%25C1%25A5%25EB%25A1%25BC%25A5%25EB&ei=C_NvVYr8Is_X8gXC9IGQCw&usg=AFQjCNGttrg_CSjIIPFSgXQWnwUZEHhoCQ,1
1433798558,1433798558,1,http://search.yahoo.co.jp/search;_ylt=A7dPKW8JhnZVr2IAC8uj_Op7?p=wiki+%E6%95%B4%E5%BD%A2%E3%83%AB%E3%83%BC%E3%83%AB%E3%80%80%E3%80%80%E8%A1%A8%E7%B5%84%E3%81%BF&search.x=1&fr=top_ga1_sa&tid=top_ga1_sa&ei=UTF-8&aq=&oq=&afs=,1
1434486787,1434486787,1,http://www.google.co.jp/url?sa=t&rct=j&q=&esrc=s&source=web&cd=2&ved=0CCQQFjABahUKEwj-_Z2pgJbGAhVGf7wKHarVAJo&url=http%3A%2F%2Fmutt-j.sourceforge.jp%2Fpukiwiki%2Findex.php%3F%25C0%25B0%25B7%25C1%25A5%25EB%25A1%25BC%25A5%25EB&ei=ewaBVb7UFMb-8QWqq4PQCQ&usg=AFQjCNGttrg_CSjIIPFSgXQWnwUZEHhoCQ&sig2=dUz0-9rBURajHlm8qvjb1w,1
1435617902,1435617902,1,http://search.yahoo.co.jp/search?ei=UTF-8&p=%E6%95%B4%E5%BD%A2%20%E8%A6%AA%E3%81%AE%E7%9C%81%E7%95%A5%E6%9B%B8&fr=applep2&aq=-1&oq=,1
