1084004980,1084004980,1,http://www.google.co.jp/search?q=cache:cpXFf72sb7UJ:mutt-j.sourceforge.jp/pukiwiki/%3FMuttFaq+mutt+imap+%E3%81%AF&hl=ja,1
1084163057,1084163057,1,http://www.google.co.jp/search?hl=ja&ie=UTF-8&oe=UTF-8&c2coff=1&q=mutt+imap&btnG=Google+%E6%A4%9C%E7%B4%A2&lr=lang_ja,1
1084196492,1084196492,1,http://www.google.de/search?hl=de&ie=UTF-8&oe=UTF-8&q=mutt+headercache&btnG=Suche&meta=,1
1084330235,1084330235,1,http://www.google.com/search?num=100&hl=ja&q=maildir+%E5%90%8C%E6%9C%9F&btnG=Google+%E6%A4%9C%E7%B4%A2&lr=lang_ja,1
1084793089,1084793089,1,http://www.google.co.jp/search?q=mutt+imap+cache&hl=ja&lr=lang_ja&ie=UTF-8&oe=UTF-8&sourceid=mozilla-search,1
1085007617,1085007617,1,http://www.google.co.jp/search?q=imap+isync&hl=ja&lr=lang_ja&ie=UTF-8&start=10&sa=N,1
1085191361,1085191361,1,http://www.google.de/search?q=mutt+maildir+cache&hl=de&lr=&ie=UTF-8&start=60&sa=N,1
1085546256,1085546256,1,http://www.google.com/search?q=mutt+imap+cache+headers&hl=en&lr=&ie=UTF-8&start=10&sa=N,1
1085583824,1085583824,1,http://www.google.co.jp/search?q=mutt+%83L%83%83%83b%83V%83%85&ie=Shift_JIS&hl=ja&btnG=Google+%8C%9F%8D%F5&lr=lang_ja,1
1085983664,1085983664,1,http://www.google.com/search?q=%2Bmutt+%2Bcache+%2BIMAP&hl=en&lr=&ie=UTF-8&start=10&sa=N,1
1086817714,1086817714,1,http://www.google.com/search?q=isync+imap+Maildir&ie=UTF-8&oe=UTF-8,1
1086889752,1086889752,1,http://www.google.co.jp/search?q=cache:cpXFf72sb7UJ:mutt-j.sourceforge.jp/pukiwiki/%3FMuttFaq+IMAP+%E9%81%85%E3%81%84&hl=ja,1
1087776352,1087776352,1,http://www.google.sk/search?q=mutt+imap+headers+cache&ie=UTF-8&hl=en,1
1088148497,1088148497,1,http://www.google.co.jp/search?q=cache:oMVJbh1NwJgJ:mutt-j.sourceforge.jp/pukiwiki/%3FPatchList+maildir+header&hl=ja&lr=lang_ja,1
1088579828,1088579828,1,http://www.google.com/search?q=mutt%20Maildir%20%E3%82%AD%E3%83%A3%E3%83%83%E3%82%B7%E3%83%A5%20%E3%83%91%E3%83%83%E3%83%81&sourceid=opera&num=10&ie=utf-8&oe=utf-8,1
1088851607,1088851607,1,http://www.google.co.jp/search?q=cache:M1J6elu5a5gJ:mutt-j.sourceforge.jp/pukiwiki/%3FMuttFaq%252FIMAP+Mutt+IMAP&hl=ja&lr=lang_ja&ie=UTF-8&inlang=ja,1
1089659774,1089659774,1,http://www.google.com/search?num=50&hl=ja&ie=UTF-8&q=isync+Maildir&lr=lang_ja,1
1089809142,1089809142,1,http://www.google.at/search?q=%2Bmutt+%2Bheadercache&ie=UTF-8&hl=de&btnG=Google-Suche&meta=,1
1090882150,1090882150,1,http://www.google.com/search?q=mutt+imap+%E3%82%AD%E3%83%A3%E3%83%83%E3%82%B7%E3%83%A5&sourceid=firefox&start=0&start=0&ie=utf-8&oe=utf-8,1
1090913564,1090913564,1,http://www.google.com/search?q=imap+isync+&sourceid=firefox&start=0&start=0&ie=utf-8&oe=utf-8,1
1092175400,1092175400,1,http://www.google.com/search?hl=ja&lr=lang_ja&ie=UTF-8&oe=UTF-8&q=mutt+imap+%E3%82%AD%E3%83£%E3%83%83%E3%82%B7%E3%83¥&num=50,1
1092251244,1092251244,1,http://www.infoseek.co.jp/OTitles?lk=noframes&qp=0&st=0&nh=10&col=OW&qt=isync+maildir&svp=SEEK&svx=100600,1
1093207584,1093207584,1,http://www.google.co.jp/search?hl=ja&ie=UTF-8&c2coff=1&q=mutt%E3%80%80headercache&btnG=Google+%E6%A4%9C%E7%B4%A2&lr=lang_ja,1
1094188539,1094188539,1,http://www.google.com/search?q=mutt+IMAP&hl=ja&lr=lang_ja,1
1094445356,1094445356,1,http://www.google.com/search?sourceid=mozclient&ie=utf-8&oe=utf-8&q=maildir+isync,1
