1084113604,1084113604,1,http://www.google.co.jp/search?hl=ja&ie=UTF-8&oe=UTF-8&q=mutt+smtp&lr=lang_ja,1
1084164595,1084162286,2,http://search.yahoo.co.jp/bin/query?p=msmtp+ssmtp&hc=0&hs=0,1
1084248504,1084248504,1,http://www.google.co.jp/search?q=mutt+smtp+sendmail&btnG=Google+%E6%A4%9C%E7%B4%A2&hl=ja&ie=UTF-8&oe=UTF-8,1
1084297284,1084297284,1,http://search.yahoo.co.jp/bin/query?p=msmtp&hc=0&hs=0,1
1084322171,1084322171,1,http://www.google.co.jp/search?hl=ja&q=mutt+smtp&lr=lang_ja,1
1084595857,1084595857,1,http://www.google.co.jp/search?q=mutt+smtp&hl=ja&lr=lang_ja&ie=UTF-8&oe=UTF-8&sourceid=mozilla-search,1
1084596488,1084596488,1,http://www.google.co.jp/search?q=MasqMail+&hl=ja&lr=lang_ja&ie=UTF-8&oe=UTF-8&sourceid=mozilla-search,1
1084597643,1084597643,1,http://www.google.co.jp/search?q=MasqMail&hl=ja&lr=lang_ja&ie=UTF-8&oe=UTF-8&sourceid=mozilla-search,1
1084598954,1084598953,2,http://www.google.co.jp/search?hl=ja&ie=UTF-8&c2coff=1&q=ssmtp+smtp+auth&btnG=Google+%E6%A4%9C%E7%B4%A2&lr=lang_ja,1
1084689444,1084689444,1,http://www.google.de/search?q=msmtp+-IPC+-thecycles+-secunia+-gplv2orlater&num=100&hl=de&lr=&ie=UTF-8&as_qdr=m3&start=100&sa=N,1
1085600757,1085600757,1,http://www.google.com/search?hl=ja&ie=UTF-8&q=nullmailer+PHP%E3%80%80%E4%BD%BF%E3%81%84%E6%96%B9&btnG=Google+%E6%A4%9C%E7%B4%A2&lr=lang_ja,1
1085633719,1085633719,1,http://www.google.co.jp/search?hl=ja&ie=UTF-8&q=+nbsmtp&btnG=Google+%E6%A4%9C%E7%B4%A2&lr=lang_ja,1
1085660685,1085660685,1,http://www.google.com/search?q=mutt+smtp&hl=ja&ie=UTF-8&lr=lang_ja&sa=X&oi=lrtip9,1
1085684486,1085684486,1,http://www.google.co.jp/search?sourceid=navclient&hl=ja&ie=UTF-8&oe=UTF-8&q=nomail+smtp+%E8%AA%8D%E8%A8%BC,1
1085700174,1085700174,1,http://www.google.co.jp/search?q=nbsmtp&ie=UTF-8&hl=ja&btnG=Google+%E6%A4%9C%E7%B4%A2&lr=lang_ja,1
1085719456,1085719456,1,http://www.google.co.jp/search?q=sendmail+%E3%82%B3%E3%83%9E%E3%83%B3%E3%83%89%E3%83%A9%E3%82%A4%E3%83%B3&hl=ja&lr=&ie=UTF-8&start=30&sa=N,1
1086030583,1086030583,1,http://www.google.co.jp/search?hl=ja&ie=UTF-8&c2coff=1&q=ssmtp+mutt&btnG=Google+%E6%A4%9C%E7%B4%A2&lr=lang_ja,1
1086137982,1086137982,1,http://cgi.search.biglobe.ne.jp/cgi-bin/search-st_lp?start=10&num=10&q=mutt+sasl&lr=lang_ja,1
1086649079,1086649079,1,http://cgi.search.biglobe.ne.jp/cgi-bin/search-st_lp?q=sasl+smtp+msmtp&num=10&start=0,1
1086744472,1086744472,1,http://www.google.co.jp/search?q=mutt%81@debian+muttrc&btnG=%8C%9F%8D%F5&lr=lang_ja&num=100&hl=ja&ie=Shift_JIS&oe=Shift_JIS,1
1086799979,1086799979,1,http://www.google.co.jp/search?q=mutt+ssmtp+sendmail&hl=ja&ie=UTF-8&lr=lang_ja&sa=X&oi=lrtip9,1
1087162822,1087162822,1,http://www.google.co.jp/search?q=ssmtp+mutt&hl=ja&lr=lang_ja&ie=UTF-8&oe=UTF-8&sourceid=mozilla-search,1
1087222597,1087222597,1,http://www.google.co.jp/search?q=nullmailer+mutt&hl=ja&lr=lang_ja&ie=UTF-8&oe=UTF-8&sourceid=mozilla-search,1
1087292073,1087292073,1,http://www.google.com/search?hl=ja&ie=UTF-8&q=esmtp+mutt&btnG=Google+%E6%A4%9C%E7%B4%A2&lr=lang_ja,1
1087548636,1087548636,1,http://www.google.co.jp/search?num=50&lr=lang_ja&ie=sjis&oe=sjis&q=ssmtp%20SMTP-AUTH,1
1087927068,1087927068,1,http://www.google.co.jp/search?as_q=mutt+msmtp&num=100&hl=ja&ie=UTF-8&btnG=Google+%E6%A4%9C%E7%B4%A2&as_epq=&as_oq=&as_eq=&lr=lang_ja&as_ft=i&as_filetype=&as_qdr=all&as_occt=any&as_dt=i&as_sitesearch=,1
1087951707,1087951266,3,http://www.google.co.jp/search?hl=ja&ie=UTF-8&q=ssmtp+AUTH&btnG=Google+%E6%A4%9C%E7%B4%A2&lr=lang_ja,1
1088097746,1088097746,1,http://www.google.co.jp/search?as_q=mutt+libesmtp&num=100&hl=ja&ie=UTF-8&btnG=Google+%E6%A4%9C%E7%B4%A2&as_epq=&as_oq=&as_eq=&lr=lang_ja&as_ft=i&as_filetype=&as_qdr=all&as_occt=any&as_dt=i&as_sitesearch=,1
1088107626,1088105804,2,http://www.google.com/search?num=100&hl=ja&ie=UTF-8&safe=off&c2coff=1&q=qmqp+ssmtp&lr=lang_ja,1
1088268800,1088268800,1,http://www.google.co.jp/search?hl=ja&ie=UTF-8&q=mutt+SMTP&btnG=Google+%E6%A4%9C%E7%B4%A2&lr=lang_ja,1
1088276129,1088276129,1,http://www.google.co.jp/search?q=ssmtp+%E8%AA%8D%E8%A8%BC&ie=UTF-8&hl=ja&btnG=Google+%E6%A4%9C%E7%B4%A2&lr=lang_ja,1
1088366558,1088366558,1,http://www.google.co.jp/search?q=ssmtp&hl=ja&lr=lang_ja&ie=UTF-8&start=80&sa=N,1
1088557800,1088557800,1,http://www.google.co.jp/search?q=MasqMail&ie=UTF-8&hl=ja&btnG=Google+%E6%A4%9C%E7%B4%A2&lr=lang_ja,1
1088590903,1088590751,5,http://www.google.co.jp/search?sourceid=navclient&hl=ja&ie=UTF-8&oe=UTF-8&q=nbsmtp,1
1088752862,1088752862,1,http://www.google.co.jp/search?q=mutt+smtp+auth&num=100&hl=ja&ie=UTF-8&c2coff=1&lr=lang_ja&sa=X&oi=lrtip9,1
1088825429,1088825429,1,http://www.google.co.jp/search?q=cache:cpXFf72sb7UJ:mutt-j.sourceforge.jp/pukiwiki/%3FMuttFaq+mutt+smtp+%E9%80%81%E4%BF%A1+qmail&hl=ja&lr=lang_ja,1
1089250761,1089159551,4,http://search.nifty.com/cgi-bin/search.cgi?select=1002&cflg=%8C%9F%8D%F5&Text=nbsmtp,1
1089164639,1089164639,1,http://search.nifty.com/cgi-bin/search.cgi?cflg=%B8%A1%BA%F7&Text=mutt+smtp+auth&select=2&chartype=99&Submit=%B8%A1%BA%F7,1
1089301914,1089301914,1,http://www.google.co.jp/search?q=ssmtp+ssl+debian&hl=ja&lr=lang_ja&ie=UTF-8&start=10&sa=N,1
1089663268,1089663268,1,http://www.google.co.jp/search?q=nbsmtp&hl=ja&lr=lang_ja&ie=UTF-8&oe=UTF-8&sourceid=mozilla-search,1
1089759249,1089759249,1,http://www.google.co.jp/search?hl=ja&ie=UTF-8&q=mutt+starttls&btnG=Google+%E6%A4%9C%E7%B4%A2&lr=lang_ja,1
1089781129,1089781129,1,http://www.google.co.jp/search?q=mutt+starttls&ie=UTF-8&hl=ja&btnG=Google+%E6%A4%9C%E7%B4%A2&lr=,1
1089859020,1089859020,1,http://www.google.co.jp/search?hl=ja&ie=UTF-8&q=nomail+smtp-auth&btnG=Google+%E6%A4%9C%E7%B4%A2&lr=lang_ja,1
1089916473,1089915805,2,http://www.google.co.jp/search?hl=ja&ie=UTF-8&c2coff=1&q=Mutt+SMTP-AUTH&btnG=Google+%E6%A4%9C%E7%B4%A2&lr=lang_ja,1
1089956572,1089956572,1,http://www.google.co.jp/search?q=smtp%E8%AA%8D%E8%A8%BC+nomail&hl=ja&lr=&ie=UTF-8&start=0&sa=N,1
1090057431,1090057431,1,http://www.google.com/search?hl=en&lr=&ie=UTF-8&q=set+sendmail+nbsmtp+auth&btnG=Search,1
1090446046,1090446046,1,http://www.google.co.jp/search?q=mini_sendmail&ie=UTF-8&hl=ja&btnG=Google+%E6%A4%9C%E7%B4%A2&lr=lang_ja,1
1090585378,1090585378,1,http://www.google.co.jp/search?hl=ja&inlang=ja&ie=Shift_JIS&q=.muttrc+ssmtp&btnG=Google+%8C%9F%8D%F5&lr=lang_ja,1
1090876796,1090876796,1,http://www.google.co.jp/search?q=%E3%83%98%E3%83%83%E3%83%80%E6%9B%B8%E3%81%8D%E6%8F%9B%E3%81%88+sendmail&hl=ja&ie=UTF-8,1
1091416468,1091416468,1,http://www.google.co.jp/search?q=debian+muttrc+sendmail&ie=Shift_JIS&hl=ja&btnG=Google+%8C%9F%8D%F5&lr=lang_ja,1
1091430304,1091430304,1,http://www.google.co.jp/search?q=nomail+smtp+auth&btnG=Google+%E6%A4%9C%E7%B4%A2&num=30&hl=ja&ie=UTF-8&c2coff=1,1
1091554377,1091554377,1,http://www.google.co.jp/search?hl=ja&ie=UTF-8&q=mutt+%E8%A4%87%E6%95%B0%E3%82%A2%E3%82%AB%E3%82%A6%E3%83%B3%E3%83%88&btnG=Google+%E6%A4%9C%E7%B4%A2&lr=lang_ja,1
1092332422,1092332422,1,http://www.google.com/search?q=qmqp&hl=ja&lr=lang_ja&ie=UTF-8&start=60&sa=N,1
1092859208,1092859208,1,http://www.google.com/search?q=masqmail&hl=ja&lr=lang_ja&ie=UTF-8&start=10&sa=N,1
1093012405,1093012405,1,http://straycat.ms.u-tokyo.ac.jp/~koma2/daymemo2/update.rb,1
1093993634,1093169119,2,http://straycat.ms.u-tokyo.ac.jp/~koma2/daymemo2/,1
1093238541,1093238541,1,http://straycat.ms.u-tokyo.ac.jp/~koma2/daymemo2/?date=20040820,1
1093284527,1093284527,1,http://www.google.co.jp/search?q=mutt+SMTP+perl&hl=ja&lr=lang_ja&ie=UTF-8&start=10&sa=N,1
1093358107,1093358107,1,http://www.google.com/search?hl=en&lr=&ie=UTF-8&q=mutt+smtp-auth+ssl+libesmtp&btnG=Search,1
1093658472,1093658420,3,http://www.google.com/search?num=50&hl=ja&inlang=ja&ie=Shift_JIS&oe=Shift_JIS&q=nbsmtp&lr=lang_ja,1
1093701594,1093701594,1,http://www.google.co.jp/search?hl=ja&ie=Shift_JIS&q=mutt+nomail&btnG=Google+%8C%9F%8D%F5&lr=lang_ja,1
1093805044,1093805044,1,http://www.google.co.jp/search?q=mutt+nullmailer&hl=ja&lr=&ie=UTF-8&inlang=ja&c2coff=1&start=10&sa=N,1
1093806453,1093806453,1,http://www.google.co.jp/search?q=nullmailer+smtp-auth&btnG=Google+%8C%9F%8D%F5&hl=ja&inlang=ja&ie=Shift_JIS&c2coff=1,1
1093980333,1093980333,1,http://www.google.co.jp/search?sourceid=navclient&hl=ja&ie=UTF-8&q=sendmail%E3%82%B3%E3%83%9E%E3%83%B3%E3%83%89+%E4%BD%BF%E3%81%84%E6%96%B9+ssmtp,1
1094093064,1094093064,1,http://www.google.co.jp/search?sourceid=navclient&hl=ja&ie=UTF-8&q=mini%5Fsendmail,1
1094093321,1094093321,1,http://www.google.co.jp/search?num=100&hl=ja&ie=UTF-8&q=ssmtp+debian&btnG=Google+%E6%A4%9C%E7%B4%A2&lr=lang_ja,1
1094365753,1094365753,1,http://www.google.co.jp/search?hl=ja&ie=UTF-8&q=libesmtp+%E9%85%8D%E4%BF%A1&lr=,1
1094434457,1094434452,2,http://www.google.com/search?hl=ja&ie=UTF-8&q=smtp+Auth+ntlm&btnG=Google+%E6%A4%9C%E7%B4%A2&lr=lang_ja,1
1094502288,1094502288,1,http://www.google.co.jp/search?hl=ja&inlang=ja&ie=Shift_JIS&c2coff=1&q=smtps+ssmtp+&btnG=Google+%8C%9F%8D%F5&lr=lang_ja,1
