1083543900,1083543900,1,http://tamo.tdiary.net/,1
1083888394,1083888394,1,http://www.google.co.jp/search?hl=ja&ie=UTF-8&oe=UTF-8&q=mutt+maildir&btnG=Google+%E6%A4%9C%E7%B4%A2&lr=lang_ja,1
1084134195,1084134195,1,http://www.google.com/search?num=50&lr=lang_ja&q=%6D%61%6E%20%6D%61%69%6C%64%69%72,1
1084206605,1084206605,1,http://www.google.co.jp/search?as_q=Maildir+cur&num=100&hl=ja&ie=Shift_JIS&oe=Shift_JIS&btnG=Google+%8C%9F%8D%F5&as_epq=&as_oq=&as_eq=&lr=lang_ja&as_ft=i&as_filetype=&as_qdr=all&as_occt=any&as_dt=i&as_sitesearch=,1
1084213347,1084213347,1,http://www.google.co.jp/search?q=maildir&ie=UTF-8&oe=UTF-8&hl=ja&btnG=Google+%E6%A4%9C%E7%B4%A2&lr=lang_ja,1
1084236185,1084236185,1,http://search.goo.ne.jp/web.jsp?UI=web&TAB=web&CK=0&QGR=1&RD=DM&JP=1&QGA=1&DE=2&DC=50&OCR=0&MT=Maildir+%BA%EE%C0%AE,1
1084282106,1084282106,1,http://www.infoseek.co.jp/OTitles?lk=noframes&qp=0&st=0&nh=10&col=OW&qt=Maildir%A1%A1new+cur+tmp&svp=SEEK&svx=100600,1
1084291075,1084291075,1,http://www.google.co.jp/search?hl=ja&ie=UTF-8&oe=UTF-8&q=Maildir+new%E3%80%80cur&lr=lang_ja,1
1084387229,1084387229,1,http://www.google.com/search?q=Maildir&num=20&ie=Shift_JIS&oe=UTF-8&hl=ja&lr=lang_ja&btnG=Google+%8C%9F%8D%F5,1
1084433000,1084433000,1,http://www.google.co.jp/search?q=MUA+Maildir&hl=ja&btnG=Google+%E6%A4%9C%E7%B4%A2&lr=lang_ja,1
1084451646,1084451646,1,http://www.google.co.jp/search?hl=ja&q=maildir&btnG=Google+%E6%A4%9C%E7%B4%A2&lr=lang_ja,1
1084474346,1084474346,1,http://www.google.co.jp/search?q=Maildir+cur+new&ie=UTF-8&hl=ja&btnG=Google+%E6%A4%9C%E7%B4%A2&lr=lang_ja,1
1084478332,1084478332,1,http://www.google.com/search?hl=ja&ie=UTF-8&q=Maildir+tmp&btnG=Google+%E6%A4%9C%E7%B4%A2&lr=lang_ja,1
1084608365,1084608365,1,http://www.google.com/search?num=50&lr=lang_ja&q=%6D%75%74%74%20%69%6D%61%70%20%6D%61%69%6C%64%69%72,1
1084610891,1084610769,2,http://www.google.com/search?num=50&hl=ja&ie=UTF-8&q=maildir+&lr=lang_ja,1
1084736467,1084734937,3,http://www.google.co.jp/search?hl=ja&ie=UTF-8&q=mutt+Maildir&btnG=Google+%E6%A4%9C%E7%B4%A2&lr=lang_ja,1
1084849854,1084849701,2,http://www.google.co.jp/search?num=50&lr=lang_ja&q=%6D%61%69%6C%64%69%72%20%6E%65%77,1
1089567850,1084852689,2,http://www.google.co.jp/search?q=mutt+maildir&ie=UTF-8&hl=ja&lr=,1
1084910899,1084910899,1,http://www.google.com/search?num=50&lr=lang_ja&q=mutt+maildir,1
1084926191,1084926191,1,http://www.google.com/search?q=maildir+specification&hl=en&lr=&ie=UTF-8&start=10&sa=N,1
1084951948,1084951948,1,http://www.google.co.jp/search?hl=ja&ie=UTF-8&q=Maildir&btnG=Google+%E6%A4%9C%E7%B4%A2&lr=lang_ja,1
1087341312,1084997432,5,http://www.google.co.jp/search?q=maildir&hl=ja&lr=lang_ja&ie=UTF-8&oe=UTF-8&sourceid=mozilla-search,1
1085001689,1085001689,1,http://www.google.co.jp/search?hl=ja&ie=UTF-8&q=Maildir+IMAP+%E9%9A%8E%E5%B1%A4&lr=lang_ja,1
1085068893,1085068893,1,http://www.google.co.jp/search?num=50&lr=lang_ja&q=%6D%61%69%6C%64%69%72%E3%80%80%63%75%72,1
1089330959,1085215394,4,http://www.google.co.jp/search?hl=ja&ie=UTF-8&q=maildir&btnG=Google+%E6%A4%9C%E7%B4%A2&lr=lang_ja,1
1085249712,1085249712,1,http://www.google.com/search?lr=lang_ja&hl=ja&ie=sjis&oe=sjis&q=Maildir+%8D%EC%90%AC,1
1085329766,1085329766,1,http://www.google.co.jp/search?q=Maildir%2Fcur&ie=UTF-8&hl=ja&btnG=Google+%E6%A4%9C%E7%B4%A2&lr=,1
1085359499,1085359499,1,http://search.yahoo.co.jp/bin/query?p=maildir&hc=0&hs=0,1
1085359620,1085359620,1,http://www.google.co.jp/search?sourceid=navclient&hl=ja&ie=UTF-8&oe=UTF-8&q=cur+maildir&meta=cr%3DcountryJP,1
1085503883,1085503883,1,http://www.google.com/search?q=maildir+specification&ie=UTF-8&hl=cs&btnG=Vyhledat+Googlem&lr=,1
1085527835,1085527827,3,http://www.google.co.jp/search?q=%2FMaildir%2Fcur&ie=UTF-8&hl=ja&lr=lang_ja,1
1085806431,1085806431,1,http://www.google.co.kr/search?sourceid=navclient&hl=ko&ie=UTF-8&oe=UTF-8&q=mutt+mbox%5Ftype%3DMaildir,1
1085812787,1085812787,1,http://www.google.co.jp/search?hl=ja&ie=UTF-8&q=Maildir++mkdir+cur+new+tmp+mutt+&btnG=Google+%E6%A4%9C%E7%B4%A2&lr=lang_ja,1
1086028606,1086028606,1,http://www.google.co.jp/search?q=maildir&num=30&hl=ja&ie=UTF-8&lr=lang_ja&sa=X&oi=lrtip9,1
1086040293,1086040293,1,http://www.google.co.jp/search?num=100&hl=ja&ie=UTF-8&as_qdr=all&q=maildir&btnG=Google+%E6%A4%9C%E7%B4%A2&lr=lang_ja,1
1086195694,1086195694,1,http://www.google.co.jp/search?q=mutt+maildir&hl=ja&lr=lang_ja&ie=UTF-8&oe=UTF-8&sourceid=mozilla-search,1
1086280201,1086280201,1,http://www.google.co.jp/search?num=100&hl=ja&ie=UTF-8&q=Maildir+new+cur&lr=lang_ja,1
1086299861,1086299861,1,http://www.google.co.jp/search?hl=ja&ie=euc-jp&oe=euc-jp&q=maildir,1
1086300180,1086300180,1,http://www.google.co.jp/search?hl=ja&ie=euc-jp&oe=euc-jp&q=mutt%20maildir,1
1086571990,1086571990,1,http://www.google.co.jp/search?hl=ja&ie=UTF-8&q=Maildir+cur+new+tmp&btnG=Google+%E6%A4%9C%E7%B4%A2&lr=lang_ja,1
1086577698,1086577698,1,http://search.yahoo.co.jp/bin/query?p=maildir+cur&hc=0&hs=0,1
1090127359,1086621391,2,http://www.google.com/search?hl=ja&ie=UTF-8&q=Maildir&btnG=Google+%E6%A4%9C%E7%B4%A2&lr=lang_ja,1
1086669025,1086669025,1,http://www.google.com/search?num=50&lr=lang_ja&ie=Shift_JIS&q=Maildir%20,1
1086741203,1086741203,1,http://search.msn.co.jp/results.aspx?q=cur+new&FORM=SMCRT,1
1086744065,1086744065,1,http://www.google.co.jp/search?hl=ja&ie=UTF-8&q=cur+new+tmp&lr=lang_ja,1
1086760456,1086760456,1,http://www.google.co.jp/search?q=Maildir+cur+&ie=UTF-8&hl=ja&btnG=Google+%E6%A4%9C%E7%B4%A2&lr=lang_ja,1
1086766032,1086766032,1,http://www.google.co.jp/search?q=maildir+mutt+cur&ie=UTF-8&hl=ja&btnG=Google+%E6%A4%9C%E7%B4%A2&lr=lang_ja,1
1086847435,1086847435,1,http://www.google.com/search?hl=ja&ie=UTF-8&q=maildir&btnG=Google+%E6%A4%9C%E7%B4%A2&lr=lang_ja,1
1086874836,1086874836,1,http://www.google.co.jp/search?q=mutt+MailDir&hl=ja&lr=lang_ja&ie=UTF-8&oe=UTF-8&sourceid=mozilla-search,1
1088013188,1086907816,2,http://www.google.co.jp/search?q=maildir&hl=ja&ie=UTF-8&lr=lang_ja&sa=X&oi=lrtip9,1
1086910556,1086910556,1,http://www.google.co.jp/search?q=Maildir&btnG=Google+%E6%A4%9C%E7%B4%A2&hl=ja&ie=UTF-8,1
1087202094,1087140245,2,http://www.google.com/search?q=mutt+maildir&ie=EUC-JP&hl=ja&btnG=Google+%B8%A1%BA%F7&lr=lang_ja,1
1087141545,1087141545,1,http://www.google.com/search?q=mutt+Maildir&ie=EUC-JP&hl=ja&btnG=Google+%B8%A1%BA%F7&lr=lang_ja,1
1087187195,1087187195,1,http://www.google.co.jp/search?hl=ja&ie=UTF-8&q=maildir+cur+new+tmp&btnG=Google+%E6%A4%9C%E7%B4%A2&lr=lang_ja,1
1087244974,1087244974,1,http://www.google.co.jp/search?q=Maildir%E3%80%80cur&ie=UTF-8&hl=ja&lr=,1
1087278939,1087278939,1,http://www.google.de/search?q=maildir+specification&hl=de&lr=&ie=UTF-8&start=10&sa=N,1
1087331765,1087331765,1,http://www.google.co.jp/search?hl=ja&ie=UTF-8&q=mutt+maildir&lr=lang_ja,1
1087334521,1087334521,1,http://www.google.com/search?q=maildir&hl=ja&ie=UTF-8&lr=lang_ja&sa=X&oi=lrtip9,1
1087404376,1087404376,1,http://www.google.com/search?num=50&hl=ja&lr=lang_ja&ie=sjis&oe=sjis&q=Maildir+cur,1
1090437204,1087405513,2,http://www.google.com/search?hl=ja&lr=lang_ja&ie=UTF-8&oe=UTF-8&q=mutt+maildir&num=50,1
1087749373,1087749373,1,http://www.google.co.jp/search?q=cur+new+&ie=UTF-8&hl=ja&btnG=Google+%E6%A4%9C%E7%B4%A2&lr=lang_ja,1
1087753299,1087753299,1,http://www.google.com/search?hl=ja&ie=sjis&oe=UTF-8&q=Maildir%20cur,1
1087793661,1087793661,1,http://www.google.co.jp/search?q=cur+MUA&hl=ja&lr=lang_ja&ie=UTF-8&inlang=ja&c2coff=1&start=10&sa=N,1
1087882427,1087882427,1,http://www.google.co.jp/search?q=mutt+Maildir+muttrc&hl=ja&lr=lang_ja&ie=UTF-8&oe=UTF-8&sourceid=mozilla-search,1
1088007970,1088007970,1,http://www.google.co.jp/search?q=qmail+new+cur+%E6%97%A2%E8%AA%AD&ie=UTF-8&hl=ja&btnG=Google+%E6%A4%9C%E7%B4%A2&lr=,1
1088055113,1088055113,1,http://www.google.com/search?q=Maildir&hl=ja&ie=UTF-8&lr=lang_ja&sa=X&oi=lrtip9,1
1088093385,1088093316,2,http://www.infoseek.co.jp/OTitles?lk=noframes&qp=0&st=0&nh=10&col=OW&qt=Maildir&svp=SEEK&svx=100600,1
1088095701,1088095701,1,http://www.google.co.jp/search?q=%EF%BC%AD%EF%BD%81%EF%BD%89%EF%BD%8Cdir&hl=ja&lr=&ie=UTF-8&start=30&sa=N,1
1088095920,1088095920,1,http://www.google.co.jp/search?q=%EF%BC%AD%EF%BD%81%EF%BD%89%EF%BD%8Cdir&hl=ja&ie=UTF-8&lr=lang_ja&sa=X&oi=lrtip9,1
1088096028,1088096028,1,http://search.yahoo.co.jp/bin/query?p=Maildir*cur&hc=0&hs=0,1
1088148467,1088148467,1,http://www.google.co.jp/search?hl=ja&ie=UTF-8&q=maildir+header&btnG=Google+%E6%A4%9C%E7%B4%A2&lr=lang_ja,1
1088199223,1088199223,1,http://www.google.co.jp/search?hl=ja&ie=UTF-8&q=php+maildir+imap&lr=lang_ja,1
1088381890,1088381890,1,http://www.google.com/search?num=50&lr=lang_ja&q=maildir,1
1088449278,1088449278,1,http://www.google.co.jp/search?hl=ja&ie=UTF-8&c2coff=1&q=maildir&btnG=Google+%E6%A4%9C%E7%B4%A2&lr=lang_ja,1
1088457414,1088457414,1,http://216.239.57.104/search?q=cache:dH3q4QYfcgEJ:mutt-j.sourceforge.jp/pukiwiki/%3FMuttFaq/Maildir+MailDIr&hl=ja&lr=lang_ja,1
1089231912,1088474649,2,http://www.google.co.jp/search?hl=ja&ie=UTF-8&q=mutt+maildir&btnG=Google+%E6%A4%9C%E7%B4%A2&lr=lang_ja,1
1088576918,1088576918,1,http://www.google.com/search?q=mutt+maildir&hl=en&lr=&ie=UTF-8&start=30&sa=N,1
1088593649,1088593104,3,http://www.google.co.jp/search?sourceid=navclient&hl=ja&ie=UTF-8&oe=UTF-8&q=maildir+new+cur&meta=cr%3DcountryJP,1
1088699342,1088699342,1,http://www.google.com/search?hl=ja&lr=lang_ja&ie=UTF-8&oe=UTF-8&q=mutt+MailDir&num=50,1
1088995916,1088995916,1,http://www.google.co.jp/search?hl=ja&ie=UTF-8&q=maildir+cur+tmp+new&btnG=Google+%E6%A4%9C%E7%B4%A2&lr=lang_ja,1
1089045575,1089045575,1,http://www.google.co.jp/search?sourceid=navclient&hl=ja&ie=UTF-8&oe=UTF-8&q=Maildir+new+cur+tmp+%E4%BD%9C%E6%88%90,1
1090442415,1089065899,2,http://www.google.com/search?hl=ja&lr=lang_ja&ie=UTF-8&oe=UTF-8&q=mutt+Maildir&num=50,1
1089153212,1089153212,1,http://www.google.com/search?num=50&hl=ja&ie=UTF-8&q=Maildir+cur+new&lr=lang_ja,1
1089234129,1089234129,1,http://www.google.co.jp/search?q=muttrc+Maildir+cur+new+tmp&ie=UTF-8&hl=ja&btnG=Google+%E6%A4%9C%E7%B4%A2&lr=,1
1089247292,1089247292,1,http://www.google.co.jp/search?sourceid=navclient&hl=ja&ie=UTF-8&oe=UTF-8&q=mutt+Maildir,1
1089588816,1089336953,2,http://www.google.co.jp/search?hl=ja&ie=UTF-8&c2coff=1&q=mutt+Maildir&btnG=Google+%E6%A4%9C%E7%B4%A2&lr=lang_ja,1
1089341608,1089341608,1,http://www.google.co.jp/search?hl=ja&ie=UTF-8&q=maildir+&btnG=Google+%E6%A4%9C%E7%B4%A2&lr=lang_ja,1
1090539459,1089470280,3,http://www.google.co.jp/search?q=maildir&hl=ja&ie=UTF-8&lr=lang_ja&sa=X&oi=lrtip8,1
1089562569,1089562569,1,http://www.google.com/search?num=50&lr=lang_ja&ie=Shift_JIS&oe=Shift_JIS&q=mutt%20Maildir,1
1089654418,1089653769,2,http://www.google.co.jp/search?q=qmail+%E6%9C%AA%E8%AA%AD%E3%80%80%E6%97%A2%E8%AA%AD&hl=ja&lr=&ie=UTF-8&start=40&sa=N,1
1089662286,1089662286,1,http://www.google.co.jp/search?hl=ja&ie=UTF-8&oe=UTF-8&lr=lang_ja&q=maildir+mutt&sourceid=mozilla-search,1
1089674765,1089674765,1,http://www.google.co.jp/search?q=Maildir&hl=ja&ie=UTF-8&lr=lang_ja&sa=X&oi=lrtip8,1
1089685712,1089685712,1,http://www.google.co.jp/search?q=Maildir+cur&ie=UTF-8&hl=ja&btnG=Google+%E6%A4%9C%E7%B4%A2&lr=lang_ja,1
1089761628,1089761628,1,http://www.google.co.jp/search?ie=Shift_JIS&oe=Shift_JIS&hl=ja&lr=lang_ja&num=50&q=Maildir%20new,1
1089820868,1089820868,1,http://www.google.co.jp/search?num=50&lr=lang_ja&ie=sjis&oe=sjis&q=Maildir,1
1089824242,1089824242,1,http://www.google.co.jp/search?q=maildir&ie=UTF-8&hl=ja&btnG=Google+%E6%A4%9C%E7%B4%A2&lr=lang_ja,1
1089845064,1089845064,1,http://www.google.com/search?num=50&hl=ja&ie=UTF-8&q=qmail+new%E3%80%80cur%E3%80%80%E6%97%A2%E8%AA%AD&lr=lang_ja,1
1089847287,1089847287,1,http://www.google.co.jp/search?num=20&hl=ja&ie=UTF-8&q=maildir+mutt&btnG=Google+%E6%A4%9C%E7%B4%A2&lr=lang_ja,1
1090019865,1090019865,1,http://www.google.co.jp/search?hl=ja&ie=UTF-8&q=maildi%EF%BD%92&btnG=Google+%E6%A4%9C%E7%B4%A2&lr=lang_ja,1
1090031645,1090031645,1,http://www.google.co.jp/search?as_q=Maildir+cur+new+tmp&num=100&hl=ja&ie=Shift_JIS&newwindow=1&c2coff=1&btnG=Google+%8C%9F%8D%F5&as_epq=&as_oq=&as_eq=&lr=lang_ja&as_ft=i&as_filetype=&as_qdr=all&as_occt=any&as_dt=i&as_sitesearch=,1
1090130994,1090130994,1,http://www.google.co.jp/search?hl=ja&ie=UTF-8&c2coff=1&q=Maildir+new+cur+tmp&btnG=Google+%E6%A4%9C%E7%B4%A2&lr=lang_ja,1
1090312382,1090312382,1,http://www.google.com/search?hl=ja&ie=UTF-8&q=Maildir%2F&btnG=Google+%E6%A4%9C%E7%B4%A2&lr=lang_ja,1
1090363931,1090363926,2,http://www.google.co.jp/search?q=mutt+Maildir&hl=ja&lr=lang_ja&ie=UTF-8&oe=UTF-8&sourceid=mozilla-search,1
1090453186,1090453186,1,http://www.google.co.jp/search?hl=ja&ie=UTF-8&q=qmail+cur+%E6%97%A2%E8%AA%AD&lr=lang_ja,1
1090456403,1090456403,1,http://www.google.com/search?num=50&hl=ja&ie=UTF-8&q=mutt+maildir&lr=lang_ja,1
1091639300,1091639300,1,http://search.yahoo.co.jp/bin/query?p=Maildir+cur&hc=0&hs=0,1
1092486370,1092486370,1,http://www.google.com/search?q=mutt+maildir&hl=ja&ie=UTF-8&lr=lang_ja&sa=X&oi=lrtip9,1
1092546616,1092546616,1,http://www.google.co.jp/search?hl=ja&ie=UTF-8&q=maildir+cur+new+&lr=lang_ja,1
1092800610,1092800375,3,http://www.google.co.jp/search?hl=ja&ie=UTF-8&c2coff=1&q=mutt+maildir&btnG=Google+%E6%A4%9C%E7%B4%A2&lr=lang_ja,1
1092850013,1092850013,1,http://www.google.co.jp/search?q=Maildir&hl=ja&lr=lang_ja&ie=UTF-8&start=20&sa=N,1
1092987705,1092987550,2,http://www.google.co.jp/search?q=mutt+Maildir&num=30&hl=ja&ie=UTF-8&lr=lang_ja&sa=X&oi=lrtip9,1
1093767239,1093767239,1,http://search.yahoo.co.jp/bin/query?p=qmail+Maildir+cur+new+tmp&hc=0&hs=0,1
1094165560,1094165560,1,http://tamo.tdiary.net/20040502.html,1
1094365365,1094365365,1,http://search7.vivisimo.com/search?query=maildirformat&v%3asources=Netscape,Lycos,Looksmart,FindWhat,Qualigo,Tricus,Google&sourceid=Mozilla-search&num=500&v%3aframe=list&v%3astate=%28root%29%7croot&v%3afile=viv_89e77a3b16ca29715ca09347feb427a5&server_base_url=http%3a%2f%2fde.vivisimo.com,1
1094506482,1094506482,1,http://www.google.com/search?num=50&hl=ja&ie=UTF-8&newwindow=1&q=Maildir+mutt&lr=lang_ja,1
