1083268441,1083268441,1,http://www.google.co.jp/search?num=100&hl=ja&ie=UTF-8&oe=UTF-8&c2coff=1&q=mutt+Maildir&btnG=Google+%E6%A4%9C%E7%B4%A2&lr=lang_ja,1
1083517967,1083517967,1,http://www.google.com/search?num=50&hl=ja&ie=UTF-8&oe=UTF-8&q=mutt+maildir&btnG=Google+%E6%A4%9C%E7%B4%A2&lr=lang_ja,1
1083666464,1083666464,1,http://www.google.de/search?q=maildir+mutt&ie=ISO-8859-1&oe=ISO-8859-1&hl=de&btnG=Google-Suche&meta=,1
1083888612,1083888462,2,http://www.google.co.jp/search?hl=ja&ie=UTF-8&oe=UTF-8&q=mutt+maildir&btnG=Google+%E6%A4%9C%E7%B4%A2&lr=lang_ja,1
1084004237,1084004237,1,http://www.google.co.jp/search?hl=ja&lr=lang_ja&num=100&q=mairix,1
1084004986,1084004986,1,http://www.google.co.jp/search?q=cache:cpXFf72sb7UJ:mutt-j.sourceforge.jp/pukiwiki/%3FMuttFaq+mutt+imap+%E3%81%AF&hl=ja,1
1084068315,1084068315,1,http://tamo.tdiary.net/,1
1084137018,1084137018,1,http://www.google.com/search?num=50&lr=lang_ja&q=%71%6D%61%69%6C%20%6D%61%69%6C%64%69%72%20%97%98%93%5F&ie=ShiftJIS&oe=ShiftJIS,1
1084164167,1084164167,1,http://www.google.co.jp/search?hl=ja&ie=UTF-8&oe=UTF-8&c2coff=1&q=Courier-MTA+MailDir&btnG=Google+%E6%A4%9C%E7%B4%A2&lr=lang_ja,1
1093405868,1084222076,5,http://tamo.tdiary.net/20040509.html,1
1084235455,1084235455,1,http://search.yahoo.co.jp/bin/query?p=mbox+mutt&hc=0&hs=0,1
1084254839,1084254839,1,http://www.google.com/search?hl=en&ie=UTF-8&oe=UTF-8&q=maildir+mutt,1
1084395774,1084395742,3,http://www.google.co.jp/search?hl=ja&q=mbox+maildir+%E6%AF%94%E8%BC%83&lr=lang_ja,1
1084687848,1084687848,1,http://search.goo.ne.jp/web.jsp?TAB=&MT=mutt+maildir&web.x=0&web.y=0&web=%A5%A6%A5%A7%A5%D6,1
1084738770,1084738770,1,http://www.google.co.jp/search?q=mutt+%E6%A4%9C%E7%B4%A2&ie=UTF-8&hl=ja&lr=,1
1084872826,1084872826,1,http://www.google.com/search?num=50&lr=lang_ja&q=Maildir+%E3%83%84%E3%83%BC%E3%83%AB,1
1084910902,1084910902,1,http://www.google.com/search?num=50&lr=lang_ja&q=mutt+maildir,1
1088042550,1084996795,2,http://www.google.co.jp/search?q=mutt+%E6%A4%9C%E7%B4%A2&ie=UTF-8&hl=ja&btnG=Google+%E6%A4%9C%E7%B4%A2&lr=,1
1084997617,1084997617,1,http://www.google.co.jp/search?q=maildir&hl=ja&lr=lang_ja&ie=UTF-8&start=10&sa=N,1
1085001623,1085001623,1,http://www.google.co.jp/search?q=qmail+courier+IMAP+%E9%9A%8E%E5%B1%A4&hl=ja&lr=lang_ja&ie=UTF-8&start=20&sa=N,1
1085055795,1085055795,1,http://www.google.com/search?num=50&hl=ja&inlang=ja&ie=Shift_JIS&oe=Shift_JIS&q=mbox+maildir&btnG=Google+%8C%9F%8D%F5&lr=lang_ja,1
1085196881,1085196881,1,http://www.google.co.jp/search?hl=ja&inlang=ja&ie=Shift_JIS&q=mbox+Maildir&btnG=Google+%8C%9F%8D%F5&lr=lang_ja,1
1085215021,1085215021,1,http://www.google.com/search?hl=de&ie=UTF-8&q=maildir+mutt&btnG=Suche&lr=,1
1085277290,1085277290,1,http://www.google.com/search?q=maildir+mutt&sourceid=mozilla-search&start=0&start=0&ie=utf-8&oe=utf-8,1
1085290924,1085290924,1,http://www.google.com/search?q=2ch+mutt&ie=UTF-8&oe=UTF-8,1
1085330340,1085330340,1,http://www.google.co.jp/search?q=MTA+%E6%AF%94%E8%BC%83&num=20&hl=ja&lr=lang_ja&ie=UTF-8&newwindow=1&c2coff=1&start=100&sa=N,1
1085337461,1085337461,1,http://www.google.co.jp/search?q=maildir+namazu&hl=ja&lr=lang_ja&ie=UTF-8&oe=UTF-8&sourceid=mozilla-search,1
1085347948,1085347948,1,http://www.google.com/search?hl=en&lr=&ie=UTF-8&q=maildir+mairix+mutt&btnG=Search,1
1085665417,1085359991,2,http://search.yahoo.co.jp/bin/query?p=maildir&hc=0&hs=0,1
1085450208,1085450208,1,http://www.google.com/search?num=50&lr=lang_ja&ie=Shift_JIS&oe=Shift_JIS&q=MH%20maildir%20î‰är,1
1085958244,1085958244,1,http://www.google.co.jp/search?sourceid=navclient&hl=ja&ie=UTF-8&oe=UTF-8&q=maildir+maildir+%E7%A7%BB%E5%8B%95&meta=cr%3DcountryJP,1
1086007354,1086007354,1,http://www.google.ca/search?hl=en&ie=UTF-8&q=maildir+mutt&btnG=Search&meta=,1
1086030696,1086030696,1,http://www.google.co.jp/search?q=mbox+maildir+%94%E4%8Ar&ie=Shift_JIS&hl=ja&btnG=Google+%8C%9F%8D%F5&lr=,1
1086593387,1086593387,1,http://www.google.co.jp/search?num=100&hl=ja&ie=UTF-8&newwindow=1&q=mairix&lr=lang_ja,1
1086671658,1086671658,1,http://www.google.com/search?num=50&hl=ja&ie=UTF-8&q=maildir&btnG=Google+%E6%A4%9C%E7%B4%A2&lr=lang_ja,1
1086675787,1086675787,1,http://www.google.com/search?num=50&hl=ja&inlang=ja&ie=UTF-8&q=Maildir+%E8%A7%A3%E8%AA%AC&lr=lang_ja,1
1086730806,1086730806,1,http://www.google.co.jp/search?as_q=Maildir+MH+mbox&num=100&hl=ja&ie=UTF-8&oe=UTF-8&c2coff=1&btnG=Google+%E6%A4%9C%E7%B4%A2&as_epq=&as_oq=&as_eq=&lr=lang_ja&as_ft=i&as_filetype=&as_qdr=all&as_occt=any&as_dt=i&as_sitesearch=,1
1086743688,1086743688,1,http://www.google.com/search?q=mairix+mutt&hl=en&lr=&ie=UTF-8&start=10&sa=N,1
1086766782,1086766782,1,http://www.google.co.jp/search?num=100&hl=ja&ie=UTF-8&q=maildir+mutt&btnG=Google+%E6%A4%9C%E7%B4%A2&lr=lang_ja,1
1086823744,1086823744,1,http://www.google.co.jp/search?q=Maildir%E3%80%80Namazu&hl=ja&ie=UTF-8,1
1086874840,1086874840,1,http://www.google.co.jp/search?q=mutt+MailDir&hl=ja&lr=lang_ja&ie=UTF-8&oe=UTF-8&sourceid=mozilla-search,1
1086919210,1086919210,1,http://www.google.co.jp/search?q=namazu+Maildir+%E6%A4%9C%E7%B4%A2+%E3%83%A1%E3%83%BC%E3%83%AB&ie=UTF-8&hl=ja&btnG=Google+%E6%A4%9C%E7%B4%A2&lr=,1
1086999068,1086999068,1,http://www.google.com/search?num=30&hl=ja&ie=UTF-8&q=mbox+Maildir&btnG=Google+%E6%A4%9C%E7%B4%A2&lr=lang_ja,1
1087118093,1087118093,1,http://www.google.com/search?q=maildir+mutt&ie=EUC-JP&hl=ja&btnG=Google+%B8%A1%BA%F7&lr=,1
1087181541,1087181541,1,http://www.google.co.jp/search?sourceid=navclient&hl=ja&ie=UTF-8&oe=UTF-8&q=maildir+html,1
1087196472,1087196472,1,http://www.google.com/search?q=mbox+vs+maildir&hl=en&lr=&ie=UTF-8&start=30&sa=N,1
1087353354,1087353146,2,http://www.google.co.jp/search?num=100&hl=ja&ie=UTF-8&c2coff=1&q=mknmz+Maildir&btnG=Google+%E6%A4%9C%E7%B4%A2&lr=lang_ja,1
1087409211,1087409211,1,http://search.yahoo.co.jp/bin/query?p=Mutt+maildir&hc=0&hs=0,1
1087470472,1087470472,1,http://www.google.dk/search?hl=da&ie=ISO-8859-1&q=maildir+mutt&btnG=S%F8g&meta=,1
1087508645,1087508645,1,http://www.google.com/search?num=50&lr=lang_ja&q=%6D%75%74%74%20%6E%61%6D%61%7A%75,1
1087516639,1087516639,1,http://www.google.pl/search?hl=pl&ie=UTF-8&q=%2Bmaildir%2Bmutt&btnG=Szukaj&lr=,1
1088471764,1088471764,1,http://www.google.co.uk/search?q=maildir+mutt&btnG=Search&hl=en&ie=ISO-8859-1,1
1088622777,1088622467,2,http://search.msn.co.jp/results.aspx?q=Maildir++%97%98%93_&FORM=potest&v=1&RS=CHECKED&CY=ja&CP=932,1
1088643309,1088643309,1,http://www.google.co.jp/search?q=http%3A%2F%2Fman.qmail.jp%2F+cur&ie=UTF-8&hl=ja&btnG=Google+%E6%A4%9C%E7%B4%A2&lr=,1
1089048449,1089048449,1,http://www.google.co.jp/search?hl=ja&ie=UTF-8&q=mknmz+Maildir&btnG=Google+%E6%A4%9C%E7%B4%A2&lr=lang_ja,1
1089066032,1089066032,1,http://www.google.com/search?hl=ja&lr=lang_ja&ie=UTF-8&oe=UTF-8&q=mutt+Maildir&num=50,1
1089067426,1089067426,1,http://www.google.com/search?hl=ja&lr=lang_ja&ie=UTF-8&oe=UTF-8&q=mutt%E3%80%80Maildir+%E3%83%95%E3%82%A9%E3%83%AB%E3%83%80&num=50,1
1089092992,1089092992,1,http://www.google.com/search?q=maildir+mutt&ie=UTF-8&hl=no&btnG=Google-s%C3%B8k&lr=,1
1089232124,1089232124,1,http://www.google.co.jp/search?hl=ja&ie=UTF-8&q=mutt+maildir&btnG=Google+%E6%A4%9C%E7%B4%A2&lr=lang_ja,1
1089757170,1089757170,1,http://www.google.co.jp/search?hl=ja&ie=UTF-8&q=MH%E3%81%A8mbox%E6%AF%94%E8%BC%83&lr=,1
1089922984,1089922984,1,http://www.google.co.jp/search?q=namazu+imap+%E3%83%A1%E3%83%BC%E3%83%AB%E3%80%80%E6%A4%9C%E7%B4%A2%E3%80%80Maildir&hl=ja&lr=&ie=UTF-8&start=10&sa=N,1
1090098677,1090098677,1,http://www.google.co.jp/search?hl=ja&ie=UTF-8&q=mbox+maildir+%E6%AF%94%E8%BC%83&lr=lang_ja,1
1091776604,1091776604,1,http://www.google.co.jp/search?q=maildir+%E8%A7%A3%E8%AA%AC&hl=ja&lr=lang_ja&ie=UTF-8&start=20&sa=N,1
1092193234,1092193234,1,http://www.infoseek.co.jp/OTitles?col=OW&qt=Mutt+Maildir&svx=901908,1
1092442879,1092442879,1,http://search.yahoo.co.jp/bin/query?p=Maildir+%cd%f8%c5%c0&hc=0&hs=0,1
1092443090,1092443069,2,http://cache.yahoofs.jp/search/cache?u=mutt-j.sourceforge.jp/pukiwiki%3FMuttFaq&w=maildir+%E5%88%A9%E7%82%B9&d=F84C184A4B&ou=%2fbin%2fquery%3fp%3dMaildir%2b%25cd%25f8%25c5%25c0%26hc%3d0%26hs%3d0,1
1092597138,1092597138,1,http://www.google.co.jp/search?hl=ja&ie=UTF-8&q=mairix&lr=lang_ja,1
1092886866,1092886866,1,http://www.google.com/search?q=xargs+%E4%BD%BF%E7%94%A8%E4%BE%8B&hl=en&lr=&ie=UTF-8&start=20&sa=N,1
1093288631,1093288631,1,http://www.google.co.jp/search?hl=ja&ie=Shift_JIS&q=nmz4mutt&btnG=Google+%8C%9F%8D%F5&lr=lang_ja,1
1093403683,1093403683,1,http://www.google.co.jp/search?q=mknmz+Maildir&sourceid=firefox&hl=ja&start=0&start=0&ie=utf-8&oe=utf-8,1
1094165525,1094165525,1,http://search.yahoo.co.jp/bin/query?p=mutt%2fMaildir&hc=0&hs=0,1
1094165679,1094165679,1,http://www.google.co.jp/search?hl=ja&ie=UTF-8&q=Maildir+mutt+cur&btnG=Google+%E6%A4%9C%E7%B4%A2&lr=lang_ja,1
1094180258,1094180258,1,http://www.google.co.jp/search?hl=ja&ie=UTF-8&q=mutt+maildir&btnG=Google+%E6%A4%9C%E7%B4%A2&lr=,1
1094182319,1094182319,1,http://search.yahoo.co.jp/bin/query?p=%b3%ac%c1%d8+%ba%c6%b5%a2+php&hc=0&hs=0&&b=21&h=p&pnum=2,1
1094221718,1094221718,1,http://www.google.co.jp/search?hl=ja&ie=UTF-8&c2coff=1&q=maildir+%E6%A4%9C%E7%B4%A2&lr=,1
1094234448,1094234448,1,http://www.google.co.jp/search?sourceid=navclient&hl=ja&ie=UTF-8&q=namazu+mutt,1
1094236660,1094236660,1,http://www.google.co.jp/search?sourceid=navclient&hl=ja&ie=UTF-8&q=mutt+namazu,1
1094236772,1094236772,1,http://www.google.co.jp/search?sourceid=navclient&hl=ja&ie=UTF-8&q=mutt+namazu+courier,1
1094290336,1094290336,1,http://www.google.co.jp/search?q=cache:va2pDTnpHiUJ:mutt-j.sourceforge.jp/pukiwiki/%3FMaildirFormat+mutt+maildir&hl=ja,1
1094433705,1094433705,1,http://www.google.com/search?hl=ja&lr=lang_ja&ie=UTF-8&oe=UTF-8&q=mbox+Grep+%E3%83%84%E3%83%BC%E3%83%AB&num=50,1
1094506468,1094506468,1,http://www.google.com/search?num=50&hl=ja&ie=UTF-8&newwindow=1&q=Maildir+mutt&lr=lang_ja,1
